################################################################################
#                                                                              #
#      IAR Universal Linker V4.61T/W32                                         #
#                                                                              #
#           Link time     =  12/Oct/2010  23:14:48                             #
#           Target CPU    =  x51                                               #
#           List file     =  "C:\Texas Instruments\SimpliciTI-IAR-1.1.1\Projec #
#                            ts\Examples\srfccxx10\AP_as_Data_Hub\IAR\CC1110-E #
#                            nd_Device\List\Ap_as_Data_Hub.map"                #
#           Output file 1 =  "C:\Texas Instruments\SimpliciTI-IAR-1.1.1\Projec #
#                            ts\Examples\srfccxx10\AP_as_Data_Hub\IAR\CC1110-E #
#                            nd_Device\Exe\Ap_as_Data_Hub.d51"                 #
#                            Format: debug                                     #
#                            UBROF version 10.0.3                              #
#                            Using library modules for C-SPY (-rt)             #
#           Command line  =  "-IC:\Archivos de programa\IAR Systems\Embedded W #
#                            orkbench 5.4\8051\CONFIG\"                        #
#                            -D_NR_OF_BANKS=0 -D_CODEBANK_END=0                #
#                            -D_CODEBANK_START=0                               #
#                            "C:\Texas Instruments\SimpliciTI-IAR-1.1.1\Projec #
#                            ts\Examples\srfccxx10\AP_as_Data_Hub\IAR\CC1110-E #
#                            nd_Device\Obj\bsp.r51"                            #
#                            "C:\Texas Instruments\SimpliciTI-IAR-1.1.1\Projec #
#                            ts\Examples\srfccxx10\AP_as_Data_Hub\IAR\CC1110-E #
#                            nd_Device\Obj\main_manyEDs_autoack.r51"           #
#                            "C:\Texas Instruments\SimpliciTI-IAR-1.1.1\Projec #
#                            ts\Examples\srfccxx10\AP_as_Data_Hub\IAR\CC1110-E #
#                            nd_Device\Obj\mrfi.r51"                           #
#                            "C:\Texas Instruments\SimpliciTI-IAR-1.1.1\Projec #
#                            ts\Examples\srfccxx10\AP_as_Data_Hub\IAR\CC1110-E #
#                            nd_Device\Obj\nwk.r51"                            #
#                            "C:\Texas Instruments\SimpliciTI-IAR-1.1.1\Projec #
#                            ts\Examples\srfccxx10\AP_as_Data_Hub\IAR\CC1110-E #
#                            nd_Device\Obj\nwk_QMgmt.r51"                      #
#                            "C:\Texas Instruments\SimpliciTI-IAR-1.1.1\Projec #
#                            ts\Examples\srfccxx10\AP_as_Data_Hub\IAR\CC1110-E #
#                            nd_Device\Obj\nwk_api.r51"                        #
#                            "C:\Texas Instruments\SimpliciTI-IAR-1.1.1\Projec #
#                            ts\Examples\srfccxx10\AP_as_Data_Hub\IAR\CC1110-E #
#                            nd_Device\Obj\nwk_frame.r51"                      #
#                            "C:\Texas Instruments\SimpliciTI-IAR-1.1.1\Projec #
#                            ts\Examples\srfccxx10\AP_as_Data_Hub\IAR\CC1110-E #
#                            nd_Device\Obj\nwk_freq.r51"                       #
#                            "C:\Texas Instruments\SimpliciTI-IAR-1.1.1\Projec #
#                            ts\Examples\srfccxx10\AP_as_Data_Hub\IAR\CC1110-E #
#                            nd_Device\Obj\nwk_globals.r51"                    #
#                            "C:\Texas Instruments\SimpliciTI-IAR-1.1.1\Projec #
#                            ts\Examples\srfccxx10\AP_as_Data_Hub\IAR\CC1110-E #
#                            nd_Device\Obj\nwk_ioctl.r51"                      #
#                            "C:\Texas Instruments\SimpliciTI-IAR-1.1.1\Projec #
#                            ts\Examples\srfccxx10\AP_as_Data_Hub\IAR\CC1110-E #
#                            nd_Device\Obj\nwk_join.r51"                       #
#                            "C:\Texas Instruments\SimpliciTI-IAR-1.1.1\Projec #
#                            ts\Examples\srfccxx10\AP_as_Data_Hub\IAR\CC1110-E #
#                            nd_Device\Obj\nwk_link.r51"                       #
#                            "C:\Texas Instruments\SimpliciTI-IAR-1.1.1\Projec #
#                            ts\Examples\srfccxx10\AP_as_Data_Hub\IAR\CC1110-E #
#                            nd_Device\Obj\nwk_mgmt.r51"                       #
#                            "C:\Texas Instruments\SimpliciTI-IAR-1.1.1\Projec #
#                            ts\Examples\srfccxx10\AP_as_Data_Hub\IAR\CC1110-E #
#                            nd_Device\Obj\nwk_ping.r51"                       #
#                            "C:\Texas Instruments\SimpliciTI-IAR-1.1.1\Projec #
#                            ts\Examples\srfccxx10\AP_as_Data_Hub\IAR\CC1110-E #
#                            nd_Device\Obj\nwk_security.r51"                   #
#                            -o                                                #
#                            "C:\Texas Instruments\SimpliciTI-IAR-1.1.1\Projec #
#                            ts\Examples\srfccxx10\AP_as_Data_Hub\IAR\CC1110-E #
#                            nd_Device\Exe\Ap_as_Data_Hub.d51"                 #
#                            -l                                                #
#                            "C:\Texas Instruments\SimpliciTI-IAR-1.1.1\Projec #
#                            ts\Examples\srfccxx10\AP_as_Data_Hub\IAR\CC1110-E #
#                            nd_Device\List\Ap_as_Data_Hub.map"                #
#                            -xms                                              #
#                            "-IC:\Archivos de programa\IAR Systems\Embedded W #
#                            orkbench 5.4\8051\LIB\"                           #
#                            -f                                                #
#                            "C:\Archivos de programa\IAR Systems\Embedded Wor #
#                            kbench 5.4\8051\config\lnk51ew_cc1110.xcl"        #
#                            (-D_IDATA0_START=0x00 -D_IDATA0_END=0xFF          #
#                            -D_PDATA0_START=0xF000 -D_PDATA0_END=0xF0FF       #
#                            -D_IXDATA0_START=0x00F000                         #
#                            -D_IXDATA0_END=0x00FDA1                           #
#                            -D_XDATA0_START=0x00F000 -D_XDATA0_END=0x00FDA1   #
#                            -D_CODE0_START=0x000000 -D_CODE0_END=0x007FFF     #
#                            -D?REGISTER_BANK=0x0 -D_REGISTER_BANK_START=0x0   #
#                            -D?PBANK_NUMBER=0xF0 -D_BREG_START=0x00           #
#                            -D?VB=0x20 -D?ESP=0x9B -Z(BIT)BREG=_BREG_START    #
#                            -Z(BIT)BIT_N=0-7F                                 #
#                            -Z(DATA)REGISTERS+8=_REGISTER_BANK_START          #
#                            -Z(DATA)BDATA_Z,BDATA_N,BDATA_I=20-2F             #
#                            -Z(DATA)VREG+_NR_OF_VIRTUAL_REGISTERS=08-7F       #
#                            -Z(DATA)PSP,XSP=08-7F -Z(DATA)DOVERLAY=08-7F      #
#                            -Z(DATA)DATA_I,DATA_Z,DATA_N=08-7F                #
#                            -U(IDATA)0-7F=(DATA)0-7F                          #
#                            -Z(IDATA)IDATA_I,IDATA_Z,IDATA_N=08-_IDATA0_END   #
#                            -Z(IDATA)ISTACK+_IDATA_STACK_SIZE#08-_IDATA0_END  #
#                            -Z(IDATA)IOVERLAY=08-FF -Z(CODE)INTVEC=0          #
#                            -Z(CODE)CSTART=_CODE0_START-_CODE0_END            #
#                            -Z(CODE)BIT_ID,BDATA_ID,DATA_ID,IDATA_ID,IXDATA_I #
#                            D,PDATA_ID,XDATA_ID=_CODE0_START-_CODE0_END       #
#                            -Z(CODE)RCODE,DIFUNCT,CODE_C,CODE_N,NEAR_CODE=_CO #
#                            DE0_START-_CODE0_END                              #
#                            -Z(CODE)CHECKSUM#_CODE0_END                       #
#                            -Z(XDATA)EXT_STACK+_EXTENDED_STACK_SIZE=_EXTENDED #
#                            _STACK_START                                      #
#                            -Z(XDATA)PSTACK+_PDATA_STACK_SIZE=_PDATA0_START-_ #
#                            PDATA0_END                                        #
#                            -Z(XDATA)XSTACK+_XDATA_STACK_SIZE=_XDATA0_START-_ #
#                            XDATA0_END                                        #
#                            -Z(XDATA)PDATA_Z,PDATA_I=_PDATA0_START-_PDATA0_EN #
#                            D                                                 #
#                            -P(XDATA)PDATA_N=_PDATA0_START-_PDATA0_END        #
#                            -Z(XDATA)IXDATA_Z,IXDATA_I=_IXDATA0_START-_IXDATA #
#                            0_END                                             #
#                            -P(XDATA)IXDATA_N=_IXDATA0_START-_IXDATA0_END     #
#                            -Z(XDATA)XDATA_Z,XDATA_I=_XDATA0_START-_XDATA0_EN #
#                            D                                                 #
#                            -P(XDATA)XDATA_N=_XDATA0_START-_XDATA0_END        #
#                            -Z(XDATA)XDATA_HEAP+_XDATA_HEAP_SIZE=_XDATA0_STAR #
#                            T-_XDATA0_END                                     #
#                            -Z(CONST)XDATA_ROM_C=_XDATA0_START-_XDATA0_END    #
#                            -cx51 -Z(XDATA)XDATA_SCRATCH=0xFDA2-0xFEFF)       #
#                            -D_NR_OF_VIRTUAL_REGISTERS=8 -D?PBANK=0xA0 -rt    #
#                            -s __program_start                                #
#                            "C:\Archivos de programa\IAR Systems\Embedded Wor #
#                            kbench 5.4\8051\LIB\CLIB\cl-pli-nlxd-1e16x01.r51" #
#                            -D_IDATA_STACK_SIZE=0xC0                          #
#                            -D_EXTENDED_STACK_START=0x00                      #
#                            -D_EXTENDED_STACK_SIZE=0x00                       #
#                            -D_PDATA_STACK_SIZE=0x80                          #
#                            -D_XDATA_STACK_SIZE=0x3FF                         #
#                            -D_XDATA_HEAP_SIZE=0xFF -D_FAR_HEAP_SIZE=0xFFF    #
#                            -D_HUGE_HEAP_SIZE=0xFFF                           #
#                            -D_FAR22_HEAP_SIZE=0xFFF                          #
#                                                                              #
#                           Copyright (C) 1987-2010 IAR Systems AB.            #
################################################################################





                ****************************************
                *                                      *
                *           CROSS REFERENCE            *
                *                                      *
                ****************************************

       Program entry at : CODE      000000D3  Relocatable, from module : CSTARTUP




                ****************************************
                *                                      *
                *            RUNTIME MODEL             *
                *                                      *
                ****************************************

  __calling_convention     = xdata_reentrant
  __code_model             = near
  __core                   = plain
  __data_model             = large
  __dptr_size              = 16
  __extended_stack         = disabled
  __location_for_constants = data
  __number_of_dptrs        = 1
  __rt_version             = 1



                ****************************************
                *                                      *
                *              MODULE MAP              *
                *                                      *
                ****************************************


  DEFINED ABSOLUTE ENTRIES
    *************************************************************************

  DEFINED ABSOLUTE ENTRIES
  PROGRAM MODULE, NAME : ?ABS_ENTRY_MOD

Absolute parts
           ENTRY                   ADDRESS         REF BY
           =====                   =======         ======
           _FAR22_HEAP_SIZE        00000FFF 
           _HUGE_HEAP_SIZE         00000FFF 
           _FAR_HEAP_SIZE          00000FFF 
           _XDATA_HEAP_SIZE        000000FF 
           _XDATA_STACK_SIZE       000003FF 
           _PDATA_STACK_SIZE       00000080 
           _EXTENDED_STACK_SIZE    00000000 
           _EXTENDED_STACK_START   00000000 
           _IDATA_STACK_SIZE       000000C0 
           ?PBANK                  000000A0 
           _NR_OF_VIRTUAL_REGISTERS
                                   00000008 
           ?ESP                    0000009B 
           ?VB                     00000020        ?FUNC_ENTER_XDATA (?FUNC_ENTER_XDATA)
                                                   ?FUNC_LEAVE_XDATA (?FUNC_LEAVE_XDATA)
                                                   ?INTERRUPT_ENTER_XSP (?INTERRUPT_ENTER_XSP)
                                                   ?INTERRUPT_LEAVE_XSP (?INTERRUPT_LEAVE_XSP)
           _BREG_START             00000000 
           ?PBANK_NUMBER           000000F0 
           _REGISTER_BANK_START    00000000 
           ?REGISTER_BANK          00000000        Segment part 6 (CSTARTUP)
           _CODE0_END              00007FFF 
           _CODE0_START            00000000 
           _XDATA0_END             0000FDA1 
           _XDATA0_START           0000F000 
           _IXDATA0_END            0000FDA1 
           _IXDATA0_START          0000F000 
           _PDATA0_END             0000F0FF 
           _PDATA0_START           0000F000 
           _IDATA0_END             000000FF 
           _IDATA0_START           00000000 
           _CODEBANK_START         00000000 
           _CODEBANK_END           00000000 
           _NR_OF_BANKS            00000000 
    *************************************************************************

  FILE NAME : C:\Texas Instruments\SimpliciTI-IAR-1.1.1\Projects\Examples\srfccxx10\AP_as_Data_Hub\IAR\CC1110-End_Device\Obj\bsp.r51
  PROGRAM MODULE, NAME : bsp

  SEGMENTS IN THE MODULE
  ======================
SFR_AN
  Relative segment, address: DATA 00000090 - 00000090 (0x1 bytes), align: 0
  Segment part 1. ROOT.       Intra module refs:   BSP_InitLeds
                                                   linkTo (main_manyEDs_autoack)
                                                   main (main_manyEDs_autoack)
                                                   toggleLED (main_manyEDs_autoack)
           ENTRY                   ADDRESS         REF BY
           =====                   =======         ======
           _A_P1                   00000090 
    -------------------------------------------------------------------------
SFR_AN
  Relative segment, address: DATA 000000A8 - 000000A8 (0x1 bytes), align: 0
  Segment part 2. ROOT.       Intra module refs:   BSP_Init
                                                   MRFI_EnableRxAddrFilter (mrfi)
                                                   MRFI_Init (mrfi)
                                                   MRFI_ReplyDelay (mrfi)
                                                   MRFI_RfIsr (mrfi)
                                                   MRFI_Rssi (mrfi)
                                                   MRFI_RxIdle (mrfi)
                                                   MRFI_RxOn (mrfi)
                                                   MRFI_SetLogicalChannel (mrfi)
                                                   MRFI_SetRFPwr (mrfi)
                                                   MRFI_Sleep (mrfi)
                                                   MRFI_Transmit (mrfi)
                                                   MRFI_WakeUp (mrfi)
                                                   Mrfi_DelayUsec (mrfi)
                                                   SMPL_SendOpt (nwk_api)
                                                   nwk_QadjustOrder (nwk_QMgmt)
                                                   nwk_QfindOldest (nwk_QMgmt)
           ENTRY                   ADDRESS         REF BY
           =====                   =======         ======
           _A_IEN0                 000000A8 
    -------------------------------------------------------------------------
SFR_AN
  Relative segment, address: DATA 000000CB - 000000CB (0x1 bytes), align: 0
  Segment part 3. ROOT.       Intra module refs:   BSP_Delay
           ENTRY                   ADDRESS         REF BY
           =====                   =======         ======
           T3CTL                   000000CB 
    -------------------------------------------------------------------------
SFR_AN
  Relative segment, address: DATA 000000CD - 000000CD (0x1 bytes), align: 0
  Segment part 4. ROOT.       Intra module refs:   BSP_Delay
           ENTRY                   ADDRESS         REF BY
           =====                   =======         ======
           T3CC0                   000000CD 
    -------------------------------------------------------------------------
SFR_AN
  Relative segment, address: DATA 000000D8 - 000000D8 (0x1 bytes), align: 0
  Segment part 5. ROOT.       Intra module refs:   BSP_Delay
           ENTRY                   ADDRESS         REF BY
           =====                   =======         ======
           _A_TIMIF                000000D8 
    -------------------------------------------------------------------------
SFR_AN
  Relative segment, address: DATA 000000FE - 000000FE (0x1 bytes), align: 0
  Segment part 6. ROOT.       Intra module refs:   BSP_InitLeds
           ENTRY                   ADDRESS         REF BY
           =====                   =======         ======
           P1DIR                   000000FE 
    -------------------------------------------------------------------------
NEAR_CODE
  Relative segment, address: CODE 000004B9 - 000004E7 (0x2f bytes), align: 0
  Segment part 12.
           ENTRY                   ADDRESS         REF BY
           =====                   =======         ======
           BSP_Init                000004B9        main (main_manyEDs_autoack)
               calls direct
               XSTACK = 00000000 ( 00000002 )
               ISTACK = 00000000 ( 00000002 )
    -------------------------------------------------------------------------
NEAR_CODE
  Relative segment, address: CODE 000004E8 - 0000050B (0x24 bytes), align: 0
  Segment part 14.
           ENTRY                   ADDRESS         REF BY
           =====                   =======         ======
           BSP_Delay               000004E8        MRFI_ReplyDelay (mrfi)
                                                   Mrfi_DelayUsec (mrfi)
    -------------------------------------------------------------------------
NEAR_CODE
  Relative segment, address: CODE 0000050C - 00000516 (0xb bytes), align: 0
  Segment part 16.            Intra module refs:   BSP_Init
           ENTRY                   ADDRESS         REF BY
           =====                   =======         ======
           BSP_InitLeds            0000050C 
               XSTACK = 00000002 ( 00000000 )

    *************************************************************************

  FILE NAME : C:\Texas Instruments\SimpliciTI-IAR-1.1.1\Projects\Examples\srfccxx10\AP_as_Data_Hub\IAR\CC1110-End_Device\Obj\main_manyEDs_autoack.r51
  PROGRAM MODULE, NAME : main_manyEDs_autoack

  SEGMENTS IN THE MODULE
  ======================
XDATA_Z
  Relative segment, address: XDATA 0000F3FF - 0000F3FF (0x1 bytes), align: 0
  Segment part 7.             Intra module refs:   linkTo
           LOCAL                   ADDRESS         
           =====                   =======         
           sTid                    0000F3FF 
    -------------------------------------------------------------------------
XDATA_Z
  Relative segment, address: XDATA 0000F400 - 0000F400 (0x1 bytes), align: 0
  Segment part 8.             Intra module refs:   linkTo
           LOCAL                   ADDRESS         
           =====                   =======         
           sLinkID1                0000F400 
    -------------------------------------------------------------------------
NEAR_CODE
  Relative segment, address: CODE 00000517 - 0000053F (0x29 bytes), align: 0
  Segment part 9.
           ENTRY                   ADDRESS         REF BY
           =====                   =======         ======
           main                    00000517        ?call_main (?cmain)
               calls direct
    -------------------------------------------------------------------------
NEAR_CODE
  Relative segment, address: CODE 00000540 - 00000614 (0xd5 bytes), align: 0
  Segment part 10.            Intra module refs:   main
           LOCAL                   ADDRESS         
           =====                   =======         
           linkTo                  00000540 
               calls direct
               XSTACK = 00000000 ( 0000000D )
               ISTACK = 00000000 ( 00000001 )
    -------------------------------------------------------------------------
NEAR_CODE
  Relative segment, address: CODE 00000615 - 00000626 (0x12 bytes), align: 0
  Segment part 11.            Intra module refs:   linkTo
                                                   main
           LOCAL                   ADDRESS         
           =====                   =======         
           ?Subroutine0            00000615 
    -------------------------------------------------------------------------
NEAR_CODE
  Relative segment, address: CODE 00000627 - 0000063C (0x16 bytes), align: 0
  Segment part 12.            Intra module refs:   ?Subroutine0
                                                   linkTo
                                                   main
           ENTRY                   ADDRESS         REF BY
           =====                   =======         ======
           toggleLED               00000627 
               XSTACK = 0000000B ( 00000000 )

    *************************************************************************

  FILE NAME : C:\Texas Instruments\SimpliciTI-IAR-1.1.1\Projects\Examples\srfccxx10\AP_as_Data_Hub\IAR\CC1110-End_Device\Obj\mrfi.r51
  PROGRAM MODULE, NAME : mrfi

  SEGMENTS IN THE MODULE
  ======================
SFR_AN
  Relative segment, address: DATA 00000091 - 00000091 (0x1 bytes), align: 0
  Segment part 1. ROOT.       Intra module refs:   Mrfi_RxModeOff
                                                   Mrfi_RxModeOn
           ENTRY                   ADDRESS         REF BY
           =====                   =======         ======
           RFIM                    00000091 
    -------------------------------------------------------------------------
SFR_AN
  Relative segment, address: DATA 0000009A - 0000009A (0x1 bytes), align: 0
  Segment part 2. ROOT.       Intra module refs:   MRFI_Init
           ENTRY                   ADDRESS         REF BY
           =====                   =======         ======
           IEN2                    0000009A 
    -------------------------------------------------------------------------
SFR_AN
  Relative segment, address: DATA 0000009B - 0000009B (0x1 bytes), align: 0
  Segment part 3. ROOT.       Intra module refs:   MRFI_RfIsr
                                                   Mrfi_RxModeOff
                                                   Mrfi_RxModeOn
           ENTRY                   ADDRESS         REF BY
           =====                   =======         ======
           S1CON                   0000009B 
    -------------------------------------------------------------------------
SFR_AN
  Relative segment, address: DATA 000000B4 - 000000B4 (0x1 bytes), align: 0
  Segment part 5. ROOT.       Intra module refs:   MRFI_RandomByte
           ENTRY                   ADDRESS         REF BY
           =====                   =======         ======
           ADCCON1                 000000B4 
    -------------------------------------------------------------------------
SFR_AN
  Relative segment, address: DATA 000000BC - 000000BC (0x1 bytes), align: 0
  Segment part 6. ROOT.       Intra module refs:   MRFI_Init
                                                   MRFI_RandomByte
           ENTRY                   ADDRESS         REF BY
           =====                   =======         ======
           RNDL                    000000BC 
    -------------------------------------------------------------------------
SFR_AN
  Relative segment, address: DATA 000000BE - 000000BE (0x1 bytes), align: 0
  Segment part 7. ROOT.       Intra module refs:   MRFI_Init
           ENTRY                   ADDRESS         REF BY
           =====                   =======         ======
           SLEEP                   000000BE 
    -------------------------------------------------------------------------
SFR_AN
  Relative segment, address: DATA 000000C6 - 000000C6 (0x1 bytes), align: 0
  Segment part 8. ROOT.       Intra module refs:   MRFI_Init
                                                   MRFI_WakeUp
           ENTRY                   ADDRESS         REF BY
           =====                   =======         ======
           CLKCON                  000000C6 
    -------------------------------------------------------------------------
SFR_AN
  Relative segment, address: DATA 000000D1 - 000000D1 (0x1 bytes), align: 0
  Segment part 9. ROOT.       Intra module refs:   Mrfi_RxModeOff
           ENTRY                   ADDRESS         REF BY
           =====                   =======         ======
           DMAIRQ                  000000D1 
    -------------------------------------------------------------------------
SFR_AN
  Relative segment, address: DATA 000000D4 - 000000D4 (0x1 bytes), align: 0
  Segment part 10. ROOT.      Intra module refs:   MRFI_Init
           ENTRY                   ADDRESS         REF BY
           =====                   =======         ======
           DMA0CFGL                000000D4 
    -------------------------------------------------------------------------
SFR_AN
  Relative segment, address: DATA 000000D5 - 000000D5 (0x1 bytes), align: 0
  Segment part 11. ROOT.      Intra module refs:   MRFI_Init
           ENTRY                   ADDRESS         REF BY
           =====                   =======         ======
           DMA0CFGH                000000D5 
    -------------------------------------------------------------------------
SFR_AN
  Relative segment, address: DATA 000000D6 - 000000D6 (0x1 bytes), align: 0
  Segment part 12. ROOT.      Intra module refs:   MRFI_RfIsr
                                                   MRFI_Transmit
                                                   Mrfi_RxModeOff
                                                   Mrfi_RxModeOn
           ENTRY                   ADDRESS         REF BY
           =====                   =======         ======
           DMAARM                  000000D6 
    -------------------------------------------------------------------------
SFR_AN
  Relative segment, address: DATA 000000E1 - 000000E1 (0x1 bytes), align: 0
  Segment part 13. ROOT.      Intra module refs:   MRFI_Init
                                                   MRFI_Transmit
                                                   MRFI_WakeUp
                                                   Mrfi_RxModeOff
                                                   Mrfi_RxModeOn
           ENTRY                   ADDRESS         REF BY
           =====                   =======         ======
           RFST                    000000E1 
    -------------------------------------------------------------------------
SFR_AN
  Relative segment, address: DATA 000000E9 - 000000E9 (0x1 bytes), align: 0
  Segment part 14. ROOT.      Intra module refs:   MRFI_RfIsr
                                                   MRFI_Transmit
                                                   Mrfi_RxModeOff
                                                   Mrfi_RxModeOn
           ENTRY                   ADDRESS         REF BY
           =====                   =======         ======
           RFIF                    000000E9 
    -------------------------------------------------------------------------
XDATA_Z
  Relative segment, address: XDATA 0000F401 - 0000F401 (0x1 bytes), align: 0
  Segment part 21.            Intra module refs:   MRFI_GetRadioState
                                                   MRFI_Init
                                                   MRFI_RfIsr
                                                   MRFI_Rssi
                                                   MRFI_RxIdle
                                                   MRFI_RxOn
                                                   MRFI_SetLogicalChannel
                                                   MRFI_SetRFPwr
                                                   MRFI_Sleep
                                                   MRFI_Transmit
                                                   MRFI_WakeUp
           LOCAL                   ADDRESS         
           =====                   =======         
           mrfiRadioState          0000F401 
    -------------------------------------------------------------------------
XDATA_Z
  Relative segment, address: XDATA 0000F402 - 0000F419 (0x18 bytes), align: 0
  Segment part 22.            Intra module refs:   ?Subroutine4
                                                   MRFI_Receive
                                                   MRFI_RfIsr
                                                   Mrfi_RxModeOn
           LOCAL                   ADDRESS         
           =====                   =======         
           mrfiIncomingPacket      0000F402 
    -------------------------------------------------------------------------
XDATA_Z
  Relative segment, address: XDATA 0000F41A - 0000F41A (0x1 bytes), align: 0
  Segment part 23.            Intra module refs:   MRFI_PostKillSem
                                                   MRFI_ReplyDelay
           LOCAL                   ADDRESS         
           =====                   =======         
           sKillSem                0000F41A 
    -------------------------------------------------------------------------
XDATA_Z
  Relative segment, address: XDATA 0000F41B - 0000F41B (0x1 bytes), align: 0
  Segment part 24.            Intra module refs:   MRFI_PostKillSem
                                                   MRFI_ReplyDelay
           LOCAL                   ADDRESS         
           =====                   =======         
           sReplyDelayContext      0000F41B 
    -------------------------------------------------------------------------
XDATA_Z
  Relative segment, address: XDATA 0000F41C - 0000F41D (0x2 bytes), align: 0
  Segment part 25.            Intra module refs:   MRFI_Init
                                                   MRFI_ReplyDelay
           LOCAL                   ADDRESS         
           =====                   =======         
           sReplyDelayScalar       0000F41C 
    -------------------------------------------------------------------------
XDATA_Z
  Relative segment, address: XDATA 0000F41E - 0000F41F (0x2 bytes), align: 0
  Segment part 26.            Intra module refs:   MRFI_Init
                                                   MRFI_Transmit
           LOCAL                   ADDRESS         
           =====                   =======         
           sBackoffHelper          0000F41E 
    -------------------------------------------------------------------------
XDATA_Z
  Relative segment, address: XDATA 0000F420 - 0000F427 (0x8 bytes), align: 0
  Segment part 27.            Intra module refs:   ?Subroutine6
                                                   MRFI_Init
                                                   MRFI_Transmit
                                                   Mrfi_RxModeOn
           ENTRY                   ADDRESS         REF BY
           =====                   =======         ======
           mrfiDmaCfg              0000F420 
    -------------------------------------------------------------------------
NEAR_CODE
  Relative segment, address: CODE 0000063D - 000007A8 (0x16c bytes), align: 0
  Segment part 37.
           ENTRY                   ADDRESS         REF BY
           =====                   =======         ======
           MRFI_Init               0000063D        SMPL_Init (nwk_api)
               calls direct
               XSTACK = 00000000 ( 0000000B )
    -------------------------------------------------------------------------
NEAR_CODE
  Relative segment, address: CODE 000007A9 - 0000086F (0xc7 bytes), align: 0
  Segment part 38.
           ENTRY                   ADDRESS         REF BY
           =====                   =======         ======
           MRFI_Transmit           000007A9        nwk_sendAckReply (nwk_frame)
                                                   nwk_sendFrame (nwk_frame)
               calls direct
               XSTACK = 00000000 ( 0000000A )
    -------------------------------------------------------------------------
NEAR_CODE
  Relative segment, address: CODE 00000870 - 00000874 (0x5 bytes), align: 0
  Segment part 39.            Intra module refs:   MRFI_ReplyDelay
                                                   MRFI_Transmit
           LOCAL                   ADDRESS         
           =====                   =======         
           ?Subroutine1            00000870 
    -------------------------------------------------------------------------
NEAR_CODE
  Relative segment, address: CODE 00000875 - 00000887 (0x13 bytes), align: 0
  Segment part 40.
           ENTRY                   ADDRESS         REF BY
           =====                   =======         ======
           MRFI_Receive            00000875        MRFI_RxCompleteISR (nwk_frame)
               ISTACK = 00000000 ( 00000002 )
    -------------------------------------------------------------------------
NEAR_CODE
  Relative segment, address: CODE 00000888 - 00000951 (0xca bytes), align: 0
  Segment part 41.            Intra module refs:   MRFI_RfIsr::??INTVEC 131
           ENTRY                   ADDRESS         REF BY
           =====                   =======         ======
           MRFI_RfIsr              00000888 
               interrupt function
               calls direct
               XSTACK = 00000000 ( 00000002 )
               ISTACK = 00000000 ( 00000010 )
    -------------------------------------------------------------------------
NEAR_CODE
  Relative segment, address: CODE 00000952 - 0000095F (0xe bytes), align: 0
  Segment part 42.            Intra module refs:   MRFI_Init
                                                   MRFI_RfIsr
                                                   Mrfi_RxModeOn
           LOCAL                   ADDRESS         
           =====                   =======         
           ?Subroutine4            00000952 
    -------------------------------------------------------------------------
NEAR_CODE
  Relative segment, address: CODE 00000960 - 0000097F (0x20 bytes), align: 0
  Segment part 43.
           ENTRY                   ADDRESS         REF BY
           =====                   =======         ======
           MRFI_Sleep              00000960        SMPL_SendOpt (nwk_api)
                                                   nwk_join (nwk_join)
                                                   nwk_link (nwk_link)
                                                   nwk_ping (nwk_ping)
                                                   nwk_radioControl (nwk_ioctl)
                                                   nwk_scanForChannels (nwk_freq)
               calls direct
               XSTACK = 00000000 ( 00000008 )
    -------------------------------------------------------------------------
NEAR_CODE
  Relative segment, address: CODE 00000980 - 000009AC (0x2d bytes), align: 0
  Segment part 44.
           ENTRY                   ADDRESS         REF BY
           =====                   =======         ======
           MRFI_WakeUp             00000980        SMPL_Init (nwk_api)
                                                   SMPL_SendOpt (nwk_api)
                                                   nwk_join (nwk_join)
                                                   nwk_link (nwk_link)
                                                   nwk_ping (nwk_ping)
                                                   nwk_radioControl (nwk_ioctl)
                                                   nwk_scanForChannels (nwk_freq)
               ISTACK = 00000000 ( 00000002 )
    -------------------------------------------------------------------------
NEAR_CODE
  Relative segment, address: CODE 000009AD - 000009BE (0x12 bytes), align: 0
  Segment part 45.            Intra module refs:   MRFI_Init
                                                   MRFI_WakeUp
           LOCAL                   ADDRESS         
           =====                   =======         
           ?Subroutine7            000009AD 
    -------------------------------------------------------------------------
NEAR_CODE
  Relative segment, address: CODE 000009BF - 000009C4 (0x6 bytes), align: 0
  Segment part 46.            Intra module refs:   MRFI_Transmit
           ENTRY                   ADDRESS         REF BY
           =====                   =======         ======
           MRFI_RandomByte         000009BF        nwk_frameInit (nwk_frame)
                                                   nwk_freqInit (nwk_freq)
                                                   nwk_joinInit (nwk_join)
                                                   nwk_linkInit (nwk_link)
                                                   nwk_mgmtInit (nwk_mgmt)
                                                   nwk_pingInit (nwk_ping)
               XSTACK = 0000000A ( 00000000 )
    -------------------------------------------------------------------------
NEAR_CODE
  Relative segment, address: CODE 000009C5 - 00000A0F (0x4b bytes), align: 0
  Segment part 47.            Intra module refs:   MRFI_RfIsr
                                                   MRFI_RxOn
                                                   MRFI_SetLogicalChannel
                                                   MRFI_SetRFPwr
                                                   MRFI_Transmit
           LOCAL                   ADDRESS         
           =====                   =======         
           Mrfi_RxModeOn           000009C5 
               calls direct
               XSTACK = 0000000A ( 0000000B )
    -------------------------------------------------------------------------
NEAR_CODE
  Relative segment, address: CODE 00000A10 - 00000A20 (0x11 bytes), align: 0
  Segment part 48.            Intra module refs:   MRFI_Transmit
                                                   Mrfi_RxModeOn
           LOCAL                   ADDRESS         
           =====                   =======         
           ?Subroutine6            00000A10 
    -------------------------------------------------------------------------
NEAR_CODE
  Relative segment, address: CODE 00000A21 - 00000A3D (0x1d bytes), align: 0
  Segment part 49.
           ENTRY                   ADDRESS         REF BY
           =====                   =======         ======
           MRFI_RxOn               00000A21        SMPL_SendOpt (nwk_api)
                                                   nwk_join (nwk_join)
                                                   nwk_link (nwk_link)
                                                   nwk_ping (nwk_ping)
                                                   nwk_radioControl (nwk_ioctl)
                                                   nwk_scanForChannels (nwk_freq)
               calls direct
               ISTACK = 00000000 ( 00000002 )
    -------------------------------------------------------------------------
NEAR_CODE
  Relative segment, address: CODE 00000A3E - 00000A5A (0x1d bytes), align: 0
  Segment part 50.            Intra module refs:   MRFI_Init
                                                   MRFI_RfIsr
                                                   MRFI_RxIdle
                                                   MRFI_SetLogicalChannel
                                                   MRFI_SetRFPwr
                                                   MRFI_Transmit
           LOCAL                   ADDRESS         
           =====                   =======         
           Mrfi_RxModeOff          00000A3E 
               XSTACK = 0000000A ( 00000000 )
               ISTACK = 00000000 ( 00000002 )
    -------------------------------------------------------------------------
NEAR_CODE
  Relative segment, address: CODE 00000A5B - 00000A63 (0x9 bytes), align: 0
  Segment part 51.            Intra module refs:   Mrfi_RxModeOff
                                                   Mrfi_RxModeOn
           LOCAL                   ADDRESS         
           =====                   =======         
           ?Subroutine10           00000A5B 
    -------------------------------------------------------------------------
XDATA_I
  Relative segment, address: XDATA 0000F4B6 - 0000F4B9 (0x4 bytes), align: 0
  Segment part 28.            Intra module refs:   MRFI_RxAddrIsFiltered
           ENTRY                   ADDRESS         REF BY
           =====                   =======         ======
           mrfiBroadcastAddr       0000F4B6        nwk_getBCastAddress (nwk_globals)
    -------------------------------------------------------------------------
XDATA_I
  Relative segment, address: XDATA 0000F4BA - 0000F4BD (0x4 bytes), align: 0
  Segment part 30.            Intra module refs:   MRFI_SetLogicalChannel
           LOCAL                   ADDRESS         
           =====                   =======         
           mrfiLogicalChanTable    0000F4BA 
    -------------------------------------------------------------------------
XDATA_I
  Relative segment, address: XDATA 0000F4BE - 0000F4C0 (0x3 bytes), align: 0
  Segment part 32.            Intra module refs:   MRFI_SetRFPwr
           LOCAL                   ADDRESS         
           =====                   =======         
           mrfiRFPowerTable        0000F4BE 
    -------------------------------------------------------------------------
XDATA_Z
  Relative segment, address: XDATA 0000F428 - 0000F428 (0x1 bytes), align: 0
  Segment part 34.            Intra module refs:   MRFI_EnableRxAddrFilter
                                                   MRFI_RxAddrIsFiltered
           LOCAL                   ADDRESS         
           =====                   =======         
           mrfiRxFilterEnabled     0000F428 
    -------------------------------------------------------------------------
XDATA_I
  Relative segment, address: XDATA 0000F4C1 - 0000F4C4 (0x4 bytes), align: 0
  Segment part 35.            Intra module refs:   ?Subroutine9
                                                   MRFI_EnableRxAddrFilter
           LOCAL                   ADDRESS         
           =====                   =======         
           mrfiRxFilterAddr        0000F4C1 
    -------------------------------------------------------------------------
NEAR_CODE
  Relative segment, address: CODE 00000A64 - 00000A67 (0x4 bytes), align: 0
  Segment part 52.            Intra module refs:   MRFI_EnableRxAddrFilter
           LOCAL                   ADDRESS         
           =====                   =======         
           ?Subroutine2            00000A64 
    -------------------------------------------------------------------------
NEAR_CODE
  Relative segment, address: CODE 00000A68 - 00000A6C (0x5 bytes), align: 0
  Segment part 53.            Intra module refs:   ?Subroutine2
                                                   MRFI_GetRadioState
                                                   MRFI_PostKillSem
                                                   MRFI_Receive
                                                   MRFI_RxIdle
                                                   MRFI_RxOn
                                                   MRFI_SetRxAddrFilter
                                                   MRFI_WakeUp
                                                   Mrfi_RxModeOff
    -------------------------------------------------------------------------
NEAR_CODE
  Relative segment, address: CODE 00000A6D - 00000A89 (0x1d bytes), align: 0
  Segment part 54.            Intra module refs:   MRFI_Sleep
           ENTRY                   ADDRESS         REF BY
           =====                   =======         ======
           MRFI_RxIdle             00000A6D        SMPL_SendOpt (nwk_api)
                                                   nwk_join (nwk_join)
                                                   nwk_link (nwk_link)
                                                   nwk_ping (nwk_ping)
                                                   nwk_radioControl (nwk_ioctl)
                                                   nwk_scanForChannels (nwk_freq)
               calls direct
               XSTACK = 00000008 ( 00000000 )
               ISTACK = 00000000 ( 00000002 )
    -------------------------------------------------------------------------
NEAR_CODE
  Relative segment, address: CODE 00000A8A - 00000AC8 (0x3f bytes), align: 0
  Segment part 55.            Intra module refs:   ?Subroutine5
                                                   MRFI_DelayMs
                                                   MRFI_Init
                                                   MRFI_Transmit
           LOCAL                   ADDRESS         
           =====                   =======         
           Mrfi_DelayUsec          00000A8A 
               calls direct
               XSTACK = 0000000A ( 00000009 )
    -------------------------------------------------------------------------
NEAR_CODE
  Relative segment, address: CODE 00000AC9 - 00000ACD (0x5 bytes), align: 0
  Segment part 56.            Intra module refs:   MRFI_Init
                                                   MRFI_SetLogicalChannel
                                                   MRFI_SetRFPwr
                                                   Mrfi_DelayUsec
                                                   Mrfi_RxModeOn
           LOCAL                   ADDRESS         
           =====                   =======         
           ?Subroutine0            00000AC9 
    -------------------------------------------------------------------------
NEAR_CODE
  Relative segment, address: CODE 00000ACE - 00000AEF (0x22 bytes), align: 0
  Segment part 57.
           ENTRY                   ADDRESS         REF BY
           =====                   =======         ======
           MRFI_DelayMs            00000ACE        ?Subroutine0 (main_manyEDs_autoack)
                                                   linkTo (main_manyEDs_autoack)
               calls direct
               XSTACK = 00000000 ( 00000008 )
    -------------------------------------------------------------------------
NEAR_CODE
  Relative segment, address: CODE 00000AF0 - 00000B6C (0x7d bytes), align: 0
  Segment part 58.
           ENTRY                   ADDRESS         REF BY
           =====                   =======         ======
           MRFI_ReplyDelay         00000AF0        SMPL_SendOpt (nwk_api)
                                                   nwk_join (nwk_join)
                                                   nwk_link (nwk_link)
                                                   nwk_ping (nwk_ping)
                                                   nwk_scanForChannels (nwk_freq)
               calls direct
               XSTACK = 00000000 ( 0000000A )
    -------------------------------------------------------------------------
NEAR_CODE
  Relative segment, address: CODE 00000B6D - 00000B7F (0x13 bytes), align: 0
  Segment part 59.
           ENTRY                   ADDRESS         REF BY
           =====                   =======         ======
           MRFI_PostKillSem        00000B6D        nwk_isConnectionValid (nwk)
                                                   nwk_processFreq (nwk_freq)
                                                   nwk_processJoin (nwk_join)
                                                   nwk_processLink (nwk_link)
                                                   nwk_processMgmt (nwk_mgmt)
                                                   nwk_processPing (nwk_ping)
               ISTACK = 00000000 ( 00000002 )
    -------------------------------------------------------------------------
NEAR_CODE
  Relative segment, address: CODE 00000B80 - 00000BA9 (0x2a bytes), align: 0
  Segment part 60.
           ENTRY                   ADDRESS         REF BY
           =====                   =======         ======
           MRFI_Rssi               00000B80        nwk_radioControl (nwk_ioctl)
               calls direct
               XSTACK = 00000000 ( 00000008 )
    -------------------------------------------------------------------------
NEAR_CODE
  Relative segment, address: CODE 00000BAA - 00000BAE (0x5 bytes), align: 0
  Segment part 61.            Intra module refs:   MRFI_DelayMs
                                                   MRFI_Rssi
                                                   MRFI_RxAddrIsFiltered
                                                   MRFI_Sleep
           LOCAL                   ADDRESS         
           =====                   =======         
           ?Subroutine3            00000BAA 
    -------------------------------------------------------------------------
NEAR_CODE
  Relative segment, address: CODE 00000BAF - 00000BCA (0x1c bytes), align: 0
  Segment part 62.            Intra module refs:   MRFI_Rssi
                                                   MRFI_Transmit
           LOCAL                   ADDRESS         
           =====                   =======         
           ?Subroutine5            00000BAF 
    -------------------------------------------------------------------------
NEAR_CODE
  Relative segment, address: CODE 00000BCB - 00000C13 (0x49 bytes), align: 0
  Segment part 63.            Intra module refs:   MRFI_RfIsr
                                                   MRFI_Rssi
           LOCAL                   ADDRESS         
           =====                   =======         
           Mrfi_CalculateRssi      00000BCB 
               XSTACK = 00000008 ( 00000000 )
               ISTACK = 00000000 ( 00000002 )
    -------------------------------------------------------------------------
NEAR_CODE
  Relative segment, address: CODE 00000C14 - 00000C1F (0xc bytes), align: 0
  Segment part 64.
           ENTRY                   ADDRESS         REF BY
           =====                   =======         ======
           MRFI_GetRadioState      00000C14        SMPL_SendOpt (nwk_api)
                                                   nwk_join (nwk_join)
                                                   nwk_link (nwk_link)
                                                   nwk_ping (nwk_ping)
                                                   nwk_scanForChannels (nwk_freq)
               ISTACK = 00000000 ( 00000002 )
    -------------------------------------------------------------------------
NEAR_CODE
  Relative segment, address: CODE 00000C20 - 00000C4F (0x30 bytes), align: 0
  Segment part 65.            Intra module refs:   MRFI_Init
           ENTRY                   ADDRESS         REF BY
           =====                   =======         ======
           MRFI_SetLogicalChannel
                                   00000C20        nwk_setChannel (nwk_freq)
               calls direct
               XSTACK = 00000009 ( 00000009 )
    -------------------------------------------------------------------------
NEAR_CODE
  Relative segment, address: CODE 00000C50 - 00000C7F (0x30 bytes), align: 0
  Segment part 66.
           ENTRY                   ADDRESS         REF BY
           =====                   =======         ======
           MRFI_SetRFPwr           00000C50        nwk_radioControl (nwk_ioctl)
               calls direct
               XSTACK = 00000000 ( 00000009 )
    -------------------------------------------------------------------------
NEAR_CODE
  Relative segment, address: CODE 00000C80 - 00000CB2 (0x33 bytes), align: 0
  Segment part 67.
           ENTRY                   ADDRESS         REF BY
           =====                   =======         ======
           MRFI_SetRxAddrFilter    00000C80        SMPL_Init (nwk_api)
               ISTACK = 00000000 ( 00000003 )
    -------------------------------------------------------------------------
NEAR_CODE
  Relative segment, address: CODE 00000CB3 - 00000CCD (0x1b bytes), align: 0
  Segment part 68.
           ENTRY                   ADDRESS         REF BY
           =====                   =======         ======
           MRFI_EnableRxAddrFilter
                                   00000CB3        SMPL_Init (nwk_api)
               ISTACK = 00000000 ( 00000002 )
    -------------------------------------------------------------------------
NEAR_CODE
  Relative segment, address: CODE 00000CCE - 00000D17 (0x4a bytes), align: 0
  Segment part 70.            Intra module refs:   MRFI_RfIsr
           ENTRY                   ADDRESS         REF BY
           =====                   =======         ======
           MRFI_RxAddrIsFiltered   00000CCE 
               XSTACK = 00000000 ( 00000008 )
    -------------------------------------------------------------------------
NEAR_CODE
  Relative segment, address: CODE 00000D18 - 00000D22 (0xb bytes), align: 0
  Segment part 71.            Intra module refs:   MRFI_RxAddrIsFiltered
                                                   MRFI_SetRxAddrFilter
           LOCAL                   ADDRESS         
           =====                   =======         
           ?Subroutine9            00000D18 
    -------------------------------------------------------------------------
NEAR_CODE
  Relative segment, address: CODE 00000D23 - 00000D2D (0xb bytes), align: 0
  Segment part 72.            Intra module refs:   MRFI_RxAddrIsFiltered
                                                   MRFI_SetRxAddrFilter
           LOCAL                   ADDRESS         
           =====                   =======         
           ?Subroutine8            00000D23 
    -------------------------------------------------------------------------
INTVEC
  Common segment, address: CODE 00000000 - 00000085 (0x86 bytes), align: 0
  Segment part 15. ROOT.
           ENTRY                   ADDRESS         REF BY
           =====                   =======         ======
           MRFI_RfIsr::??INTVEC 131
                                   00000083 
    -------------------------------------------------------------------------
XDATA_ID
  Relative segment, address: CODE 000000E5 - 000000E8 (0x4 bytes), align: 0
  Segment part 29.            Intra module refs:   mrfiBroadcastAddr
    -------------------------------------------------------------------------
XDATA_ID
  Relative segment, address: CODE 000000E9 - 000000EC (0x4 bytes), align: 0
  Segment part 31.            Intra module refs:   mrfiLogicalChanTable
    -------------------------------------------------------------------------
XDATA_ID
  Relative segment, address: CODE 000000ED - 000000EF (0x3 bytes), align: 0
  Segment part 33.            Intra module refs:   mrfiRFPowerTable
    -------------------------------------------------------------------------
XDATA_ID
  Relative segment, address: CODE 000000F0 - 000000F3 (0x4 bytes), align: 0
  Segment part 36.            Intra module refs:   mrfiRxFilterAddr

    *************************************************************************

  FILE NAME : C:\Texas Instruments\SimpliciTI-IAR-1.1.1\Projects\Examples\srfccxx10\AP_as_Data_Hub\IAR\CC1110-End_Device\Obj\nwk.r51
  PROGRAM MODULE, NAME : nwk

  SEGMENTS IN THE MODULE
  ======================
XDATA_I
  Relative segment, address: XDATA 0000F4C5 - 0000F4ED (0x29 bytes), align: 0
  Segment part 6.             Intra module refs:   ?Subroutine4
                                                   map_lid2idx
                                                   nwk_allocateLocalRxPort
                                                   nwk_findPeer
                                                   nwk_getNextConnection
                                                   nwk_isConnectionValid
                                                   nwk_isLinkDuplicate
                                                   nwk_nwkInit
           LOCAL                   ADDRESS         
           =====                   =======         
           sPersistInfo            0000F4C5 
    -------------------------------------------------------------------------
NEAR_CODE
  Relative segment, address: CODE 00000D2E - 00000DCD (0xa0 bytes), align: 0
  Segment part 8.
           ENTRY                   ADDRESS         REF BY
           =====                   =======         ======
           nwk_nwkInit             00000D2E        SMPL_Init (nwk_api)
               calls direct
               XSTACK = 00000000 ( 0000000B )
    -------------------------------------------------------------------------
NEAR_CODE
  Relative segment, address: CODE 00000DCE - 00000E4B (0x7e bytes), align: 0
  Segment part 9.
           ENTRY                   ADDRESS         REF BY
           =====                   =======         ======
           nwk_getNextConnection   00000DCE        nwk_link (nwk_link)
                                                   smpl_send_link_reply (nwk_link)
               calls direct
               XSTACK = 00000000 ( 00000009 )
               ISTACK = 00000000 ( 00000001 )
    -------------------------------------------------------------------------
NEAR_CODE
  Relative segment, address: CODE 00000E4C - 00000E5A (0xf bytes), align: 0
  Segment part 10.
           ENTRY                   ADDRESS         REF BY
           =====                   =======         ======
           nwk_freeConnection      00000E4C        handleLinkRequest (nwk_link)
                                                   nwk_connectionControl (nwk_ioctl)
                                                   nwk_link (nwk_link)
                                                   smpl_send_link_reply (nwk_link)
               ISTACK = 00000000 ( 00000003 )
    -------------------------------------------------------------------------
NEAR_CODE
  Relative segment, address: CODE 00000E5B - 00000E87 (0x2d bytes), align: 0
  Segment part 11.
           ENTRY                   ADDRESS         REF BY
           =====                   =======         ======
           nwk_getConnInfo         00000E5B        SMPL_SendOpt (nwk_api)
                                                   nwk_QfindOldest (nwk_QMgmt)
                                                   nwk_connectionControl (nwk_ioctl)
                                                   nwk_ping (nwk_ping)
                                                   nwk_radioControl (nwk_ioctl)
                                                   nwk_retrieveFrame (nwk_frame)
               calls direct
               XSTACK = 00000000 ( 00000009 )
    -------------------------------------------------------------------------
NEAR_CODE
  Relative segment, address: CODE 00000E88 - 00000E99 (0x12 bytes), align: 0
  Segment part 12.            Intra module refs:   nwk_getConnInfo
                                                   nwk_getNextConnection
           LOCAL                   ADDRESS         
           =====                   =======         
           ?Subroutine4            00000E88 
    -------------------------------------------------------------------------
NEAR_CODE
  Relative segment, address: CODE 00000E9A - 00000EF1 (0x58 bytes), align: 0
  Segment part 13.
           ENTRY                   ADDRESS         REF BY
           =====                   =======         ======
           nwk_isLinkDuplicate     00000E9A        smpl_send_link_reply (nwk_link)
               calls direct
               XSTACK = 00000000 ( 0000000F )
    -------------------------------------------------------------------------
NEAR_CODE
  Relative segment, address: CODE 00000EF2 - 00000EF6 (0x5 bytes), align: 0
  Segment part 14.            Intra module refs:   nwk_findPeer
                                                   nwk_isLinkDuplicate
                                                   nwk_putNumObjectIntoMsg
           LOCAL                   ADDRESS         
           =====                   =======         
           ?Subroutine1            00000EF2 
    -------------------------------------------------------------------------
NEAR_CODE
  Relative segment, address: CODE 00000EF7 - 00000EFC (0x6 bytes), align: 0
  Segment part 16.            Intra module refs:   nwk_isLinkDuplicate
           LOCAL                   ADDRESS         
           =====                   =======         
           ?Subroutine7            00000EF7 
    -------------------------------------------------------------------------
NEAR_CODE
  Relative segment, address: CODE 00000EFD - 00000F03 (0x7 bytes), align: 0
  Segment part 17.            Intra module refs:   nwk_isConnectionValid
           LOCAL                   ADDRESS         
           =====                   =======         
           ?Subroutine6            00000EFD 
    -------------------------------------------------------------------------
NEAR_CODE
  Relative segment, address: CODE 00000F04 - 00000F06 (0x3 bytes), align: 0
  Segment part 18.            Intra module refs:   ?Subroutine6
                                                   nwk_allocateLocalRxPort
    -------------------------------------------------------------------------
NEAR_CODE
  Relative segment, address: CODE 00000F07 - 00000F14 (0xe bytes), align: 0
  Segment part 19.            Intra module refs:   Segment part 18
                                                   nwk_isLinkDuplicate
    -------------------------------------------------------------------------
NEAR_CODE
  Relative segment, address: CODE 00000F15 - 00000F44 (0x30 bytes), align: 0
  Segment part 20.
           ENTRY                   ADDRESS         REF BY
           =====                   =======         ======
           nwk_checkConnInfo       00000F15        SMPL_SendOpt (nwk_api)
               XSTACK = 00000000 ( 00000008 )
    -------------------------------------------------------------------------
NEAR_CODE
  Relative segment, address: CODE 00000F45 - 00000F49 (0x5 bytes), align: 0
  Segment part 21.            Intra module refs:   nwk_getConnInfo
                                                   nwk_getNextConnection
           LOCAL                   ADDRESS         
           =====                   =======         
           ?Subroutine0            00000F45 
    -------------------------------------------------------------------------
NEAR_CODE
  Relative segment, address: CODE 00000F4A - 00000F4E (0x5 bytes), align: 0
  Segment part 22.            Intra module refs:   ?Subroutine0
                                                   map_lid2idx
                                                   nwk_checkConnInfo
    -------------------------------------------------------------------------
NEAR_CODE
  Relative segment, address: CODE 00000F4F - 00001021 (0xd3 bytes), align: 0
  Segment part 23.
           ENTRY                   ADDRESS         REF BY
           =====                   =======         ======
           nwk_isConnectionValid   00000F4F        dispatchFrame (nwk_frame)
               calls direct
               XSTACK = 00000000 ( 00000011 )
               ISTACK = 00000000 ( 00000001 )
    -------------------------------------------------------------------------
NEAR_CODE
  Relative segment, address: CODE 00001022 - 00001026 (0x5 bytes), align: 0
  Segment part 24.            Intra module refs:   nwk_allocateLocalRxPort
                                                   nwk_isConnectionValid
           LOCAL                   ADDRESS         
           =====                   =======         
           ?Subroutine2            00001022 
    -------------------------------------------------------------------------
NEAR_CODE
  Relative segment, address: CODE 00001027 - 00001188 (0x162 bytes), align: 0
  Segment part 25.
           ENTRY                   ADDRESS         REF BY
           =====                   =======         ======
           nwk_allocateLocalRxPort
                                   00001027        nwk_link (nwk_link)
                                                   smpl_send_link_reply (nwk_link)
               calls direct
               XSTACK = 00000000 ( 00000013 )
               ISTACK = 00000000 ( 00000001 )
    -------------------------------------------------------------------------
NEAR_CODE
  Relative segment, address: CODE 00001189 - 0000118C (0x4 bytes), align: 0
  Segment part 26.            Intra module refs:   nwk_isConnectionValid
           LOCAL                   ADDRESS         
           =====                   =======         
           ?Subroutine9            00001189 
    -------------------------------------------------------------------------
NEAR_CODE
  Relative segment, address: CODE 0000118D - 00001192 (0x6 bytes), align: 0
  Segment part 27.            Intra module refs:   ?Subroutine9
                                                   nwk_allocateLocalRxPort
                                                   nwk_isConnectionValid
    -------------------------------------------------------------------------
NEAR_CODE
  Relative segment, address: CODE 00001193 - 000011FE (0x6c bytes), align: 0
  Segment part 28.
           ENTRY                   ADDRESS         REF BY
           =====                   =======         ======
           nwk_isValidReply        00001193        nwk_processFreq (nwk_freq)
                                                   nwk_processJoin (nwk_join)
                                                   nwk_processLink (nwk_link)
                                                   nwk_processMgmt (nwk_mgmt)
                                                   nwk_processPing (nwk_ping)
               calls direct
               XSTACK = 00000000 ( 0000000E )
    -------------------------------------------------------------------------
NEAR_CODE
  Relative segment, address: CODE 000011FF - 00001203 (0x5 bytes), align: 0
  Segment part 29.            Intra module refs:   nwk_getNumObjectFromMsg
                                                   nwk_isValidReply
           LOCAL                   ADDRESS         
           =====                   =======         
           ?Subroutine3            000011FF 
    -------------------------------------------------------------------------
NEAR_CODE
  Relative segment, address: CODE 00001204 - 0000123E (0x3b bytes), align: 0
  Segment part 30.            Intra module refs:   nwk_getConnInfo
                                                   nwk_getNextConnection
           LOCAL                   ADDRESS         
           =====                   =======         
           map_lid2idx             00001204 
               XSTACK = 00000009 ( 00000008 )
               ISTACK = 00000000 ( 00000001 )
    -------------------------------------------------------------------------
NEAR_CODE
  Relative segment, address: CODE 0000123F - 00001249 (0xb bytes), align: 0
  Segment part 31.            Intra module refs:   map_lid2idx
                                                   nwk_getNextConnection
           LOCAL                   ADDRESS         
           =====                   =======         
           ?Subroutine5            0000123F 
    -------------------------------------------------------------------------
NEAR_CODE
  Relative segment, address: CODE 0000124A - 000012AE (0x65 bytes), align: 0
  Segment part 32.
           ENTRY                   ADDRESS         REF BY
           =====                   =======         ======
           nwk_findPeer            0000124A        handleLinkRequest (nwk_link)
               calls direct
               XSTACK = 00000000 ( 0000000F )
    -------------------------------------------------------------------------
NEAR_CODE
  Relative segment, address: CODE 000012AF - 000012B4 (0x6 bytes), align: 0
  Segment part 33.            Intra module refs:   nwk_findPeer
                                                   nwk_isConnectionValid
           LOCAL                   ADDRESS         
           =====                   =======         
           ?Subroutine8            000012AF 
    -------------------------------------------------------------------------
NEAR_CODE
  Relative segment, address: CODE 000012B5 - 000012C2 (0xe bytes), align: 0
  Segment part 34.            Intra module refs:   ?Subroutine7
                                                   ?Subroutine8
           LOCAL                   ADDRESS         
           =====                   =======         
           ?Subroutine10           000012B5 
    -------------------------------------------------------------------------
NEAR_CODE
  Relative segment, address: CODE 000012C3 - 0000131F (0x5d bytes), align: 0
  Segment part 36.
           ENTRY                   ADDRESS         REF BY
           =====                   =======         ======
           nwk_getNumObjectFromMsg
                                   000012C3        smpl_send_link_reply (nwk_link)
               calls direct
               XSTACK = 00000000 ( 0000000E )
    -------------------------------------------------------------------------
NEAR_CODE
  Relative segment, address: CODE 00001320 - 000013A4 (0x85 bytes), align: 0
  Segment part 37.
           ENTRY                   ADDRESS         REF BY
           =====                   =======         ======
           nwk_putNumObjectIntoMsg
                                   00001320        nwk_join (nwk_join)
                                                   nwk_link (nwk_link)
               calls direct
               XSTACK = 00000000 ( 00000015 )
    -------------------------------------------------------------------------
NEAR_CODE
  Relative segment, address: CODE 000013A5 - 000013A7 (0x3 bytes), align: 0
  Segment part 38.
           ENTRY                   ADDRESS         REF BY
           =====                   =======         ======
           nwk_NVObj               000013A5        SMPL_Ioctl (nwk_api)
    -------------------------------------------------------------------------
XDATA_ID
  Relative segment, address: CODE 000000F4 - 0000011C (0x29 bytes), align: 0
  Segment part 7.             Intra module refs:   sPersistInfo

    *************************************************************************

  FILE NAME : C:\Texas Instruments\SimpliciTI-IAR-1.1.1\Projects\Examples\srfccxx10\AP_as_Data_Hub\IAR\CC1110-End_Device\Obj\nwk_QMgmt.r51
  PROGRAM MODULE, NAME : nwk_QMgmt

  SEGMENTS IN THE MODULE
  ======================
XDATA_Z
  Relative segment, address: XDATA 0000F429 - 0000F45C (0x34 bytes), align: 0
  Segment part 7.             Intra module refs:   nwk_QInit
                                                   nwk_QadjustOrder
                                                   nwk_QfindOldest
                                                   nwk_QfindSlot
           LOCAL                   ADDRESS         
           =====                   =======         
           sInFrameQ               0000F429 
    -------------------------------------------------------------------------
XDATA_Z
  Relative segment, address: XDATA 0000F45D - 0000F490 (0x34 bytes), align: 0
  Segment part 8.             Intra module refs:   nwk_QInit
                                                   nwk_QfindSlot
           LOCAL                   ADDRESS         
           =====                   =======         
           sOutFrameQ              0000F45D 
    -------------------------------------------------------------------------
NEAR_CODE
  Relative segment, address: CODE 000013A8 - 000013E1 (0x3a bytes), align: 0
  Segment part 9.
           ENTRY                   ADDRESS         REF BY
           =====                   =======         ======
           nwk_QInit               000013A8        nwk_nwkInit (nwk)
               calls direct
               XSTACK = 00000000 ( 0000000B )
    -------------------------------------------------------------------------
NEAR_CODE
  Relative segment, address: CODE 000013E2 - 0000147D (0x9c bytes), align: 0
  Segment part 10.
           ENTRY                   ADDRESS         REF BY
           =====                   =======         ======
           nwk_QfindSlot           000013E2        MRFI_RxCompleteISR (nwk_frame)
                                                   nwk_buildFrame (nwk_frame)
               calls direct
               XSTACK = 00000000 ( 0000000A )
               ISTACK = 00000000 ( 00000001 )
    -------------------------------------------------------------------------
NEAR_CODE
  Relative segment, address: CODE 0000147E - 000014BF (0x42 bytes), align: 0
  Segment part 11.            Intra module refs:   nwk_QfindSlot
           ENTRY                   ADDRESS         REF BY
           =====                   =======         ======
           nwk_QadjustOrder        0000147E        nwk_retrieveFrame (nwk_frame)
               XSTACK = 0000000A ( 00000008 )
               ISTACK = 00000000 ( 00000001 )
    -------------------------------------------------------------------------
NEAR_CODE
  Relative segment, address: CODE 000014C0 - 00001675 (0x1b6 bytes), align: 0
  Segment part 12.
           ENTRY                   ADDRESS         REF BY
           =====                   =======         ======
           nwk_QfindOldest         000014C0        nwk_retrieveFrame (nwk_frame)
               calls direct
               XSTACK = 00000000 ( 0000001B )
               ISTACK = 00000000 ( 00000001 )
    -------------------------------------------------------------------------
NEAR_CODE
  Relative segment, address: CODE 00001676 - 0000167B (0x6 bytes), align: 0
  Segment part 13.            Intra module refs:   nwk_QfindOldest
           LOCAL                   ADDRESS         
           =====                   =======         
           ?Subroutine0            00001676 
    -------------------------------------------------------------------------
NEAR_CODE
  Relative segment, address: CODE 0000167C - 0000167D (0x2 bytes), align: 0
  Segment part 14.            Intra module refs:   ?Subroutine0
                                                   nwk_QfindOldest
    -------------------------------------------------------------------------
NEAR_CODE
  Relative segment, address: CODE 0000167E - 00001684 (0x7 bytes), align: 0
  Segment part 15.            Intra module refs:   Segment part 14
                                                   nwk_QfindOldest

    *************************************************************************

  FILE NAME : C:\Texas Instruments\SimpliciTI-IAR-1.1.1\Projects\Examples\srfccxx10\AP_as_Data_Hub\IAR\CC1110-End_Device\Obj\nwk_api.r51
  PROGRAM MODULE, NAME : nwk_api

  SEGMENTS IN THE MODULE
  ======================
XDATA_Z
  Relative segment, address: XDATA 0000F491 - 0000F491 (0x1 bytes), align: 0
  Segment part 7.             Intra module refs:   SMPL_Init
                                                   SMPL_Ioctl
           LOCAL                   ADDRESS         
           =====                   =======         
           sInit_done              0000F491 
    -------------------------------------------------------------------------
NEAR_CODE
  Relative segment, address: CODE 00001685 - 000016D3 (0x4f bytes), align: 0
  Segment part 8.
           ENTRY                   ADDRESS         REF BY
           =====                   =======         ======
           SMPL_Init               00001685        main (main_manyEDs_autoack)
               calls direct
               XSTACK = 00000000 ( 00000009 )
               ISTACK = 00000000 ( 00000001 )
    -------------------------------------------------------------------------
NEAR_CODE
  Relative segment, address: CODE 000016D4 - 0000184E (0x17b bytes), align: 0
  Segment part 12.
           ENTRY                   ADDRESS         REF BY
           =====                   =======         ======
           SMPL_SendOpt            000016D4        linkTo (main_manyEDs_autoack)
               calls direct
               XSTACK = 0000000B ( 00000014 )
               ISTACK = 00000000 ( 00000001 )
    -------------------------------------------------------------------------
NEAR_CODE
  Relative segment, address: CODE 0000184F - 00001866 (0x18 bytes), align: 0
  Segment part 13.            Intra module refs:   SMPL_SendOpt
           LOCAL                   ADDRESS         
           =====                   =======         
           ?Subroutine2            0000184F 
    -------------------------------------------------------------------------
NEAR_CODE
  Relative segment, address: CODE 00001867 - 0000186A (0x4 bytes), align: 0
  Segment part 15.
           ENTRY                   ADDRESS         REF BY
           =====                   =======         ======
           SMPL_Link               00001867        linkTo (main_manyEDs_autoack)
               calls direct
    -------------------------------------------------------------------------
NEAR_CODE
  Relative segment, address: CODE 0000186B - 00001874 (0xa bytes), align: 0
  Segment part 17.
           ENTRY                   ADDRESS         REF BY
           =====                   =======         ======
           SMPL_Ping               0000186B        linkTo (main_manyEDs_autoack)
               calls direct
               ISTACK = 00000000 ( 00000001 )
    -------------------------------------------------------------------------
NEAR_CODE
  Relative segment, address: CODE 00001875 - 00001879 (0x5 bytes), align: 0
  Segment part 19.            Intra module refs:   SMPL_SendOpt
           LOCAL                   ADDRESS         
           =====                   =======         
           ?Subroutine1            00001875 
    -------------------------------------------------------------------------
NEAR_CODE
  Relative segment, address: CODE 0000187A - 00001883 (0xa bytes), align: 0
  Segment part 20.            Intra module refs:   SMPL_SendOpt
           LOCAL                   ADDRESS         
           =====                   =======         
           ?Subroutine3            0000187A 
    -------------------------------------------------------------------------
NEAR_CODE
  Relative segment, address: CODE 00001884 - 000019CA (0x147 bytes), align: 0
  Segment part 21.
           ENTRY                   ADDRESS         REF BY
           =====                   =======         ======
[...]
                                                   SMPL_Init (nwk_api)
                                                   SMPL_Ioctl (nwk_api)
                                                   Segment part 15 (nwk_globals)
                                                   Segment part 19 (nwk_link)
                                                   Segment part 22 (nwk)
                                                   handleLinkRequest (nwk_link)
                                                   memcmp (?memcmp)
                                                   memcpy (?memcpy)
                                                   memmove (?memmove)
                                                   memset (?memset)
                                                   nwk_QInit (nwk_QMgmt)
                                                   nwk_QadjustOrder (nwk_QMgmt)
                                                   nwk_QfindOldest (nwk_QMgmt)
                                                   nwk_QfindSlot (nwk_QMgmt)
                                                   nwk_freqControl (nwk_freq)
                                                   nwk_freqInit (nwk_freq)
                                                   nwk_join (nwk_join)
                                                   nwk_nwkInit (nwk)
                                                   nwk_ping (nwk_ping)
                                                   nwk_processFreq (nwk_freq)
                                                   nwk_processJoin (nwk_join)
                                                   nwk_processLink (nwk_link)
                                                   nwk_processPing (nwk_ping)
                                                   nwk_scanForChannels (nwk_freq)
                                                   nwk_sendFrame (nwk_frame)
                                                   smpl_send_link_reply (nwk_link)

    -------------------------------------------------------------------------
  LIBRARY MODULE, NAME : ?INTERRUPT_ENTER_XSP

  SEGMENTS IN THE MODULE
  ======================
RCODE
  Relative segment, address: CODE 00000337 - 00000395 (0x5f bytes), align: 0
  Segment part 1.
           ENTRY                   ADDRESS         REF BY
           =====                   =======         ======
           ?INTERRUPT_ENTER_XSP    00000337        MRFI_RfIsr (mrfi)

    -------------------------------------------------------------------------
  LIBRARY MODULE, NAME : ?INTERRUPT_LEAVE_XSP

  SEGMENTS IN THE MODULE
  ======================
RCODE
  Relative segment, address: CODE 00000396 - 000003E5 (0x50 bytes), align: 0
  Segment part 1.
           ENTRY                   ADDRESS         REF BY
           =====                   =======         ======
           ?INTERRUPT_LEAVE_XSP    00000396        MRFI_RfIsr (mrfi)

    -------------------------------------------------------------------------
  LIBRARY MODULE, NAME : ?PUSH_XSTACK_I

  SEGMENTS IN THE MODULE
  ======================
RCODE
  Relative segment, address: CODE 000003E6 - 000003E9 (0x4 bytes), align: 0
  Segment part 2.
           ENTRY                   ADDRESS         REF BY
           =====                   =======         ======
           ?PUSH_XSTACK_I_TWO      000003E6        MRFI_Init (mrfi)
                                                   MRFI_RfIsr (mrfi)
                                                   Mrfi_RxModeOn (mrfi)
                                                   SMPL_Ioctl (nwk_api)
                                                   SMPL_SendOpt (nwk_api)
                                                   dispatchFrame (nwk_frame)
                                                   handleLinkRequest (nwk_link)
                                                   linkTo (main_manyEDs_autoack)
                                                   nwk_QInit (nwk_QMgmt)
                                                   nwk_QfindOldest (nwk_QMgmt)
                                                   nwk_allocateLocalRxPort (nwk)
                                                   nwk_buildFrame (nwk_frame)
                                                   nwk_deviceAddress (nwk_ioctl)
                                                   nwk_findPeer (nwk)
                                                   nwk_freqInit (nwk_freq)
                                                   nwk_getAPAddress (nwk_globals)
                                                   nwk_getNumObjectFromMsg (nwk)
                                                   nwk_globalsInit (nwk_globals)
                                                   nwk_isConnectionValid (nwk)
                                                   nwk_isLinkDuplicate (nwk)
                                                   nwk_isValidReply (nwk)
                                                   nwk_join (nwk_join)
                                                   nwk_link (nwk_link)
                                                   nwk_linkInit (nwk_link)
                                                   nwk_nwkInit (nwk)
                                                   nwk_processFreq (nwk_freq)
                                                   nwk_processMgmt (nwk_mgmt)
                                                   nwk_processPing (nwk_ping)
                                                   nwk_putNumObjectIntoMsg (nwk)
                                                   nwk_radioControl (nwk_ioctl)
                                                   nwk_rawReceive (nwk_ioctl)
                                                   nwk_rawSend (nwk_ioctl)
                                                   nwk_retrieveFrame (nwk_frame)
                                                   nwk_scanForChannels (nwk_freq)
                                                   nwk_sendAckReply (nwk_frame)
                                                   nwk_setAPAddress (nwk_globals)
                                                   nwk_setMyAddress (nwk_globals)
                                                   smpl_send_link_reply (nwk_link)
    -------------------------------------------------------------------------
RCODE
  Relative segment, address: CODE 000003EA - 000003F6 (0xd bytes), align: 0
  Segment part 4.             Intra module refs:   ?PUSH_XSTACK_I_TWO
           ENTRY                   ADDRESS         REF BY
           =====                   =======         ======
           ?PUSH_XSTACK_I          000003EA 

    -------------------------------------------------------------------------
  LIBRARY MODULE, NAME : ?PUSH_XSTACK8_X

  SEGMENTS IN THE MODULE
  ======================
RCODE
  Relative segment, address: CODE 000003F7 - 000003FA (0x4 bytes), align: 0
  Segment part 3.
           ENTRY                   ADDRESS         REF BY
           =====                   =======         ======
           ?PUSH_XSTACK8_X_TWO     000003F7        nwk_rawReceive (nwk_ioctl)
    -------------------------------------------------------------------------
RCODE
  Relative segment, address: CODE 000003FB - 00000423 (0x29 bytes), align: 0
  Segment part 5.             Intra module refs:   ?PUSH_XSTACK8_X_TWO
           ENTRY                   ADDRESS         REF BY
           =====                   =======         ======
           ?PUSH_XSTACK8_X         000003FB 

    -------------------------------------------------------------------------
  LIBRARY MODULE, NAME : ?UC_SWITCH_DENSE

  SEGMENTS IN THE MODULE
  ======================
RCODE
  Relative segment, address: CODE 00000424 - 00000429 (0x6 bytes), align: 0
  Segment part 0.
           ENTRY                   ADDRESS         REF BY
           =====                   =======         ======
           ?UC_SWITCH_DENSE        00000424        SMPL_Ioctl (nwk_api)
                                                   handleLinkRequest (nwk_link)
                                                   nwk_getNumObjectFromMsg (nwk)
                                                   nwk_processFreq (nwk_freq)
                                                   nwk_putNumObjectIntoMsg (nwk)
                                                   nwk_radioControl (nwk_ioctl)
    -------------------------------------------------------------------------
RCODE
  Relative segment, address: CODE 0000042A - 00000458 (0x2f bytes), align: 0
  Segment part 2.             Intra module refs:   ?UC_SWITCH_DENSE
    -------------------------------------------------------------------------
RCODE
  Relative segment, address: CODE 00000459 - 00000459 (0x1 bytes), align: 0
  Segment part 4.             Intra module refs:   ?UC_SWITCH_DENSE

    -------------------------------------------------------------------------
  LIBRARY MODULE, NAME : ?UC_SWITCH_SPARSE

  SEGMENTS IN THE MODULE
  ======================
RCODE
  Relative segment, address: CODE 0000045A - 00000460 (0x7 bytes), align: 0
  Segment part 0.
           ENTRY                   ADDRESS         REF BY
           =====                   =======         ======
           ?UC_SWITCH_SPARSE       0000045A        SMPL_Ioctl (nwk_api)
                                                   nwk_freqControl (nwk_freq)
                                                   nwk_rawSend (nwk_ioctl)
    -------------------------------------------------------------------------
RCODE
  Relative segment, address: CODE 00000461 - 00000482 (0x22 bytes), align: 0
  Segment part 2.             Intra module refs:   ?UC_SWITCH_SPARSE
           ENTRY                   ADDRESS         REF BY
           =====                   =======         ======
           ?UC_SWITCH_SPARSE_LEAVE
                                   00000477        ?UC_JMP_IF_IN_RANGE (?UC_JMP_IF_IN_RANGE)
                                                   ?UC_JMP_IF_VALUE (?UC_JMP_IF_VALUE)
    -------------------------------------------------------------------------
RCODE
  Relative segment, address: CODE 00000483 - 00000483 (0x1 bytes), align: 0
  Segment part 4.             Intra module refs:   ?UC_SWITCH_SPARSE

    -------------------------------------------------------------------------
  LIBRARY MODULE, NAME : ?UC_JMP_IF_IN_RANGE

  SEGMENTS IN THE MODULE
  ======================
RCODE
  Relative segment, address: CODE 00000484 - 000004A2 (0x1f bytes), align: 0
  Segment part 0.
           ENTRY                   ADDRESS         REF BY
           =====                   =======         ======
           ?UC_JMP_IF_IN_RANGE     00000484        ?UC_SWITCH_SPARSE_LEAVE (?UC_SWITCH_SPARSE)

    -------------------------------------------------------------------------
  LIBRARY MODULE, NAME : ?UC_JMP_IF_VALUE

  SEGMENTS IN THE MODULE
  ======================
RCODE
  Relative segment, address: CODE 000004A3 - 000004B8 (0x16 bytes), align: 0
  Segment part 0.
           ENTRY                   ADDRESS         REF BY
           =====                   =======         ======
           ?UC_JMP_IF_VALUE        000004A3        ?UC_SWITCH_SPARSE_LEAVE (?UC_SWITCH_SPARSE)

    -------------------------------------------------------------------------
  LIBRARY MODULE, NAME : ?memcmp

  SEGMENTS IN THE MODULE
  ======================
NEAR_CODE
  Relative segment, address: CODE 00002F29 - 00002F81 (0x59 bytes), align: 0
  Segment part 6.
           ENTRY                   ADDRESS         REF BY
           =====                   =======         ======
           memcmp                  00002F29        Segment part 19 (nwk)
                                                   dispatchFrame (nwk_frame)
                                                   nwk_QfindOldest (nwk_QMgmt)
                                                   nwk_findPeer (nwk)
                                                   nwk_getAPAddress (nwk_globals)
                                                   nwk_isValidReply (nwk)
                                                   nwk_processFreq (nwk_freq)
                                                   nwk_processMgmt (nwk_mgmt)
                                                   nwk_scanForChannels (nwk_freq)
               XSTACK = 00000002 ( 00000008 )

    -------------------------------------------------------------------------
  LIBRARY MODULE, NAME : ?memcpy

  SEGMENTS IN THE MODULE
  ======================
NEAR_CODE
  Relative segment, address: CODE 00002F82 - 00002FC9 (0x48 bytes), align: 0
  Segment part 6.
           ENTRY                   ADDRESS         REF BY
           =====                   =======         ======
           memcpy                  00002F82        ?Subroutine3 (nwk_api)
                                                   SMPL_Ioctl (nwk_api)
                                                   Segment part 23 (nwk_link)
                                                   Segment part 27 (nwk_frame)
                                                   nwk_deviceAddress (nwk_ioctl)
                                                   nwk_globalsInit (nwk_globals)
                                                   nwk_join (nwk_join)
                                                   nwk_nwkInit (nwk)
                                                   nwk_processPing (nwk_ping)
                                                   nwk_radioControl (nwk_ioctl)
                                                   nwk_rawSend (nwk_ioctl)
                                                   nwk_setAPAddress (nwk_globals)
                                                   nwk_setMyAddress (nwk_globals)
               XSTACK = 00000002 ( 00000009 )
               ISTACK = 00000000 ( 00000001 )

    -------------------------------------------------------------------------
  LIBRARY MODULE, NAME : ?memmove

  SEGMENTS IN THE MODULE
  ======================
NEAR_CODE
  Relative segment, address: CODE 00002FCA - 00003057 (0x8e bytes), align: 0
  Segment part 6.
           ENTRY                   ADDRESS         REF BY
           =====                   =======         ======
           memmove                 00002FCA        MRFI_RfIsr (mrfi)
                                                   nwk_getNumObjectFromMsg (nwk)
                                                   nwk_putNumObjectIntoMsg (nwk)
               XSTACK = 00000002 ( 00000009 )
               ISTACK = 00000000 ( 00000001 )
    -------------------------------------------------------------------------
NEAR_CODE
  Relative segment, address: CODE 00003058 - 00003068 (0x11 bytes), align: 0
  Segment part 7.             Intra module refs:   memmove

    -------------------------------------------------------------------------
  LIBRARY MODULE, NAME : ?memset

  SEGMENTS IN THE MODULE
  ======================
NEAR_CODE
  Relative segment, address: CODE 00003069 - 00003097 (0x2f bytes), align: 0
  Segment part 6.
           ENTRY                   ADDRESS         REF BY
           =====                   =======         ======
           memset                  00003069        ?Subroutine4 (mrfi)
                                                   nwk_QInit (nwk_QMgmt)
                                                   nwk_allocateLocalRxPort (nwk)
                                                   nwk_freqInit (nwk_freq)
                                                   nwk_getAPAddress (nwk_globals)
                                                   nwk_globalsInit (nwk_globals)
                                                   nwk_linkInit (nwk_link)
                                                   nwk_nwkInit (nwk)
               XSTACK = 00000002 ( 00000008 )
               ISTACK = 00000000 ( 00000001 )

    -------------------------------------------------------------------------
  LIBRARY MODULE, NAME : ?low_level_init

  SEGMENTS IN THE MODULE
  ======================
CSTART
  Relative segment, address: CODE 000000E2 - 000000E4 (0x3 bytes), align: 0
  Segment part 6. ROOT.
           ENTRY                   ADDRESS         REF BY
           =====                   =======         ======
           __low_level_init        000000E2        __low_level_init_call (?cmain)




                ****************************************
                *                                      *
                *      SEGMENTS IN ADDRESS ORDER       *
                *                                      *
                ****************************************


SEGMENT              SPACE    START ADDRESS   END ADDRESS     SIZE  TYPE  ALIGN
=======              =====    =============   ===========     ====  ====  =====
INTVEC               CODE          00000000 - 00000085          86   com    0
CSTART               CODE          00000086 - 000000E4          5F   rel    0
BIT_ID               CODE               000000E5                     dse    0
DATA_ID              CODE               000000E5                     dse    0
PDATA_ID             CODE               000000E5                     dse    0
IXDATA_ID            CODE               000000E5                     dse    0
BDATA_ID             CODE               000000E5                     dse    0
IDATA_ID             CODE               000000E5                     dse    0
XDATA_ID             CODE          000000E5 - 0000013D          59   rel    0
RCODE                CODE          0000013E - 000004B8         37B   rel    0
DIFUNCT              CODE               000004B9                     dse    0
CODE_N               CODE               000004B9                     dse    0
CODE_C               CODE               000004B9                     dse    0
NEAR_CODE            CODE          000004B9 - 00003097        2BDF   rel    0
REGISTERS            DATA          00000000 - 00000007           8   rel    0
VREG                 DATA          00000008 - 0000000F           8   rel    0
PSP                  DATA               00000010                     dse    0
XSP                  DATA          00000010 - 00000011           2   rel    0
BREG                 BIT        00000020.0  -  00000020.7        8   rel    0
SFR_AN               DATA          00000090 - 00000091           2   rel    0
                     DATA          0000009A - 0000009B           2 
                     DATA          000000A8 - 000000A8           1 
                     DATA          000000B4 - 000000B4           1 
                     DATA          000000BC - 000000BC           1 
                     DATA          000000BE - 000000BE           1 
                     DATA          000000C6 - 000000C6           1 
                     DATA          000000CB - 000000CB           1 
                     DATA          000000CD - 000000CD           1 
                     DATA          000000D1 - 000000D1           1 
                     DATA          000000D4 - 000000D6           3 
                     DATA          000000D8 - 000000D8           1 
                     DATA          000000E1 - 000000E1           1 
                     DATA          000000E9 - 000000E9           1 
                     DATA          000000FE - 000000FE           1 
XSTACK               XDATA         0000F000 - 0000F3FE         3FF   rel    0
XDATA_Z              XDATA         0000F3FF - 0000F4B5          B7   rel    0
XDATA_I              XDATA         0000F4B6 - 0000F50E          59   rel    0
ISTACK               IDATA         00000040 - 000000FF          C0   rel    0

                ****************************************
                *                                      *
                *        END OF CROSS REFERENCE        *
                *                                      *
                ****************************************

 12 440 bytes of CODE  memory
     18 bytes of DATA  memory (+ 19 absolute )
  1 295 bytes of XDATA memory
    192 bytes of IDATA memory
      8 bits  of BIT   memory

Errors: none
Warnings: none

