################################################################################
#                                                                              #
#      IAR Universal Linker V4.61T/W32                                         #
#                                                                              #
#           Link time     =  14/Oct/2010  09:31:53                             #
#           Target CPU    =  x51                                               #
#           List file     =  I:\SimpliciTI-IAR-1.1.1\Projects\OpenAccessPoint\ #
#                            IAR\CC1110-Access_Point\List\Ap_as_Data_Hub.map   #
#           Output file 1 =  I:\SimpliciTI-IAR-1.1.1\Projects\OpenAccessPoint\ #
#                            IAR\CC1110-Access_Point\Exe\Ap_as_Data_Hub.d51    #
#                            Format: debug                                     #
#                            UBROF version 10.0.3                              #
#                            Using library modules for C-SPY (-rt)             #
#           Command line  =  "-IC:\Archivos de programa\IAR Systems\Embedded W #
#                            orkbench 5.4\8051\CONFIG\"                        #
#                            -D_NR_OF_BANKS=0 -D_CODEBANK_END=0                #
#                            -D_CODEBANK_START=0                               #
#                            I:\SimpliciTI-IAR-1.1.1\Projects\OpenAccessPoint\ #
#                            IAR\CC1110-Access_Point\Obj\bsp.r51               #
#                            I:\SimpliciTI-IAR-1.1.1\Projects\OpenAccessPoint\ #
#                            IAR\CC1110-Access_Point\Obj\main_AP_Async_Listen_ #
#                            autoack.r51                                       #
#                            I:\SimpliciTI-IAR-1.1.1\Projects\OpenAccessPoint\ #
#                            IAR\CC1110-Access_Point\Obj\mrfi.r51              #
#                            I:\SimpliciTI-IAR-1.1.1\Projects\OpenAccessPoint\ #
#                            IAR\CC1110-Access_Point\Obj\nwk.r51               #
#                            I:\SimpliciTI-IAR-1.1.1\Projects\OpenAccessPoint\ #
#                            IAR\CC1110-Access_Point\Obj\nwk_QMgmt.r51         #
#                            I:\SimpliciTI-IAR-1.1.1\Projects\OpenAccessPoint\ #
#                            IAR\CC1110-Access_Point\Obj\nwk_api.r51           #
#                            I:\SimpliciTI-IAR-1.1.1\Projects\OpenAccessPoint\ #
#                            IAR\CC1110-Access_Point\Obj\nwk_frame.r51         #
#                            I:\SimpliciTI-IAR-1.1.1\Projects\OpenAccessPoint\ #
#                            IAR\CC1110-Access_Point\Obj\nwk_freq.r51          #
#                            I:\SimpliciTI-IAR-1.1.1\Projects\OpenAccessPoint\ #
#                            IAR\CC1110-Access_Point\Obj\nwk_globals.r51       #
#                            I:\SimpliciTI-IAR-1.1.1\Projects\OpenAccessPoint\ #
#                            IAR\CC1110-Access_Point\Obj\nwk_ioctl.r51         #
#                            I:\SimpliciTI-IAR-1.1.1\Projects\OpenAccessPoint\ #
#                            IAR\CC1110-Access_Point\Obj\nwk_join.r51          #
#                            I:\SimpliciTI-IAR-1.1.1\Projects\OpenAccessPoint\ #
#                            IAR\CC1110-Access_Point\Obj\nwk_link.r51          #
#                            I:\SimpliciTI-IAR-1.1.1\Projects\OpenAccessPoint\ #
#                            IAR\CC1110-Access_Point\Obj\nwk_mgmt.r51          #
#                            I:\SimpliciTI-IAR-1.1.1\Projects\OpenAccessPoint\ #
#                            IAR\CC1110-Access_Point\Obj\nwk_ping.r51          #
#                            I:\SimpliciTI-IAR-1.1.1\Projects\OpenAccessPoint\ #
#                            IAR\CC1110-Access_Point\Obj\nwk_security.r51      #
#                            -o                                                #
#                            I:\SimpliciTI-IAR-1.1.1\Projects\OpenAccessPoint\ #
#                            IAR\CC1110-Access_Point\Exe\Ap_as_Data_Hub.d51    #
#                            -l                                                #
#                            I:\SimpliciTI-IAR-1.1.1\Projects\OpenAccessPoint\ #
#                            IAR\CC1110-Access_Point\List\Ap_as_Data_Hub.map   #
#                            -xms                                              #
#                            "-IC:\Archivos de programa\IAR Systems\Embedded W #
#                            orkbench 5.4\8051\LIB\"                           #
#                            -f                                                #
#                            "C:\Archivos de programa\IAR Systems\Embedded Wor #
#                            kbench 5.4\8051\config\lnk51ew_cc1110.xcl"        #
#                            (-D_IDATA0_START=0x00 -D_IDATA0_END=0xFF          #
#                            -D_PDATA0_START=0xF000 -D_PDATA0_END=0xF0FF       #
#                            -D_IXDATA0_START=0x00F000                         #
#                            -D_IXDATA0_END=0x00FDA1                           #
#                            -D_XDATA0_START=0x00F000 -D_XDATA0_END=0x00FDA1   #
#                            -D_CODE0_START=0x000000 -D_CODE0_END=0x007FFF     #
#                            -D?REGISTER_BANK=0x0 -D_REGISTER_BANK_START=0x0   #
#                            -D?PBANK_NUMBER=0xF0 -D_BREG_START=0x00           #
#                            -D?VB=0x20 -D?ESP=0x9B -Z(BIT)BREG=_BREG_START    #
#                            -Z(BIT)BIT_N=0-7F                                 #
#                            -Z(DATA)REGISTERS+8=_REGISTER_BANK_START          #
#                            -Z(DATA)BDATA_Z,BDATA_N,BDATA_I=20-2F             #
#                            -Z(DATA)VREG+_NR_OF_VIRTUAL_REGISTERS=08-7F       #
#                            -Z(DATA)PSP,XSP=08-7F -Z(DATA)DOVERLAY=08-7F      #
#                            -Z(DATA)DATA_I,DATA_Z,DATA_N=08-7F                #
#                            -U(IDATA)0-7F=(DATA)0-7F                          #
#                            -Z(IDATA)IDATA_I,IDATA_Z,IDATA_N=08-_IDATA0_END   #
#                            -Z(IDATA)ISTACK+_IDATA_STACK_SIZE#08-_IDATA0_END  #
#                            -Z(IDATA)IOVERLAY=08-FF -Z(CODE)INTVEC=0          #
#                            -Z(CODE)CSTART=_CODE0_START-_CODE0_END            #
#                            -Z(CODE)BIT_ID,BDATA_ID,DATA_ID,IDATA_ID,IXDATA_I #
#                            D,PDATA_ID,XDATA_ID=_CODE0_START-_CODE0_END       #
#                            -Z(CODE)RCODE,DIFUNCT,CODE_C,CODE_N,NEAR_CODE=_CO #
#                            DE0_START-_CODE0_END                              #
#                            -Z(CODE)CHECKSUM#_CODE0_END                       #
#                            -Z(XDATA)EXT_STACK+_EXTENDED_STACK_SIZE=_EXTENDED #
#                            _STACK_START                                      #
#                            -Z(XDATA)PSTACK+_PDATA_STACK_SIZE=_PDATA0_START-_ #
#                            PDATA0_END                                        #
#                            -Z(XDATA)XSTACK+_XDATA_STACK_SIZE=_XDATA0_START-_ #
#                            XDATA0_END                                        #
#                            -Z(XDATA)PDATA_Z,PDATA_I=_PDATA0_START-_PDATA0_EN #
#                            D                                                 #
#                            -P(XDATA)PDATA_N=_PDATA0_START-_PDATA0_END        #
#                            -Z(XDATA)IXDATA_Z,IXDATA_I=_IXDATA0_START-_IXDATA #
#                            0_END                                             #
#                            -P(XDATA)IXDATA_N=_IXDATA0_START-_IXDATA0_END     #
#                            -Z(XDATA)XDATA_Z,XDATA_I=_XDATA0_START-_XDATA0_EN #
#                            D                                                 #
#                            -P(XDATA)XDATA_N=_XDATA0_START-_XDATA0_END        #
#                            -Z(XDATA)XDATA_HEAP+_XDATA_HEAP_SIZE=_XDATA0_STAR #
#                            T-_XDATA0_END                                     #
#                            -Z(CONST)XDATA_ROM_C=_XDATA0_START-_XDATA0_END    #
#                            -cx51 -Z(XDATA)XDATA_SCRATCH=0xFDA2-0xFEFF)       #
#                            -D_NR_OF_VIRTUAL_REGISTERS=8 -D?PBANK=0xA0 -rt    #
#                            -s __program_start                                #
#                            "C:\Archivos de programa\IAR Systems\Embedded Wor #
#                            kbench 5.4\8051\LIB\CLIB\cl-pli-nlxd-1e16x01.r51" #
#                            -D_IDATA_STACK_SIZE=0xC0                          #
#                            -D_EXTENDED_STACK_START=0x00                      #
#                            -D_EXTENDED_STACK_SIZE=0x00                       #
#                            -D_PDATA_STACK_SIZE=0x80                          #
#                            -D_XDATA_STACK_SIZE=0x3FF                         #
#                            -D_XDATA_HEAP_SIZE=0xFF -D_FAR_HEAP_SIZE=0xFFF    #
#                            -D_HUGE_HEAP_SIZE=0xFFF                           #
#                            -D_FAR22_HEAP_SIZE=0xFFF                          #
#                                                                              #
#                           Copyright (C) 1987-2010 IAR Systems AB.            #
################################################################################





                ****************************************
                *                                      *
                *           CROSS REFERENCE            *
                *                                      *
                ****************************************

       Program entry at : CODE      000000D3  Relocatable, from module : CSTARTUP




                ****************************************
                *                                      *
                *            RUNTIME MODEL             *
                *                                      *
                ****************************************

  __calling_convention     = xdata_reentrant
  __code_model             = near
  __core                   = plain
  __data_model             = large
  __dptr_size              = 16
  __extended_stack         = disabled
  __location_for_constants = data
  __number_of_dptrs        = 1
  __rt_version             = 1



                ****************************************
                *                                      *
                *              MODULE MAP              *
                *                                      *
                ****************************************


  DEFINED ABSOLUTE ENTRIES
    *************************************************************************

  DEFINED ABSOLUTE ENTRIES
  PROGRAM MODULE, NAME : ?ABS_ENTRY_MOD

Absolute parts
           ENTRY                   ADDRESS         REF BY
           =====                   =======         ======
           _FAR22_HEAP_SIZE        00000FFF 
           _HUGE_HEAP_SIZE         00000FFF 
           _FAR_HEAP_SIZE          00000FFF 
           _XDATA_HEAP_SIZE        000000FF 
           _XDATA_STACK_SIZE       000003FF 
           _PDATA_STACK_SIZE       00000080 
           _EXTENDED_STACK_SIZE    00000000 
           _EXTENDED_STACK_START   00000000 
           _IDATA_STACK_SIZE       000000C0 
           ?PBANK                  000000A0 
           _NR_OF_VIRTUAL_REGISTERS
                                   00000008 
           ?ESP                    0000009B 
           ?VB                     00000020        ?FUNC_ENTER_XDATA (?FUNC_ENTER_XDATA)
                                                   ?FUNC_LEAVE_XDATA (?FUNC_LEAVE_XDATA)
                                                   ?INTERRUPT_ENTER_XSP (?INTERRUPT_ENTER_XSP)
                                                   ?INTERRUPT_LEAVE_XSP (?INTERRUPT_LEAVE_XSP)
           _BREG_START             00000000 
           ?PBANK_NUMBER           000000F0 
           _REGISTER_BANK_START    00000000 
           ?REGISTER_BANK          00000000        Segment part 6 (CSTARTUP)
           _CODE0_END              00007FFF 
           _CODE0_START            00000000 
           _XDATA0_END             0000FDA1 
           _XDATA0_START           0000F000 
           _IXDATA0_END            0000FDA1 
           _IXDATA0_START          0000F000 
           _PDATA0_END             0000F0FF 
           _PDATA0_START           0000F000 
           _IDATA0_END             000000FF 
           _IDATA0_START           00000000 
           _CODEBANK_START         00000000 
           _CODEBANK_END           00000000 
           _NR_OF_BANKS            00000000 
    *************************************************************************

  FILE NAME : I:\SimpliciTI-IAR-1.1.1\Projects\OpenAccessPoint\IAR\CC1110-Access_Point\Obj\bsp.r51
  PROGRAM MODULE, NAME : bsp

  SEGMENTS IN THE MODULE
  ======================
SFR_AN
  Relative segment, address: DATA 00000090 - 00000090 (0x1 bytes), align: 0
  Segment part 1. ROOT.       Intra module refs:   BSP_InitLeds
                                                   changeChannel (main_AP_Async_Listen_autoack)
                                                   main (main_AP_Async_Listen_autoack)
                                                   toggleLED (main_AP_Async_Listen_autoack)
           ENTRY                   ADDRESS         REF BY
           =====                   =======         ======
           _A_P1                   00000090 
    -------------------------------------------------------------------------
SFR_AN
  Relative segment, address: DATA 000000A8 - 000000A8 (0x1 bytes), align: 0
  Segment part 2. ROOT.       Intra module refs:   BSP_Init
                                                   MRFI_Init (mrfi)
                                                   MRFI_ReplyDelay (mrfi)
                                                   MRFI_RfIsr (mrfi)
                                                   MRFI_Rssi (mrfi)
                                                   MRFI_RxIdle (mrfi)
                                                   MRFI_RxOn (mrfi)
                                                   MRFI_SetLogicalChannel (mrfi)
                                                   MRFI_SetRFPwr (mrfi)
                                                   MRFI_Sleep (mrfi)
                                                   MRFI_Transmit (mrfi)
                                                   MRFI_WakeUp (mrfi)
                                                   Mrfi_DelayUsec (mrfi)
                                                   main (main_AP_Async_Listen_autoack)
                                                   nwk_QadjustOrder (nwk_QMgmt)
                                                   nwk_QfindOldest (nwk_QMgmt)
                                                   nwk_getLocalLinkID (nwk_link)
           ENTRY                   ADDRESS         REF BY
           =====                   =======         ======
           _A_IEN0                 000000A8 
    -------------------------------------------------------------------------
SFR_AN
  Relative segment, address: DATA 000000CB - 000000CB (0x1 bytes), align: 0
  Segment part 3. ROOT.       Intra module refs:   BSP_Delay
           ENTRY                   ADDRESS         REF BY
           =====                   =======         ======
           T3CTL                   000000CB 
    -------------------------------------------------------------------------
SFR_AN
  Relative segment, address: DATA 000000CD - 000000CD (0x1 bytes), align: 0
  Segment part 4. ROOT.       Intra module refs:   BSP_Delay
           ENTRY                   ADDRESS         REF BY
           =====                   =======         ======
           T3CC0                   000000CD 
    -------------------------------------------------------------------------
SFR_AN
  Relative segment, address: DATA 000000D8 - 000000D8 (0x1 bytes), align: 0
  Segment part 5. ROOT.       Intra module refs:   BSP_Delay
           ENTRY                   ADDRESS         REF BY
           =====                   =======         ======
           _A_TIMIF                000000D8 
    -------------------------------------------------------------------------
SFR_AN
  Relative segment, address: DATA 000000FE - 000000FE (0x1 bytes), align: 0
  Segment part 6. ROOT.       Intra module refs:   BSP_InitLeds
           ENTRY                   ADDRESS         REF BY
           =====                   =======         ======
           P1DIR                   000000FE 
    -------------------------------------------------------------------------
NEAR_CODE
  Relative segment, address: CODE 00000515 - 00000543 (0x2f bytes), align: 0
  Segment part 12.
           ENTRY                   ADDRESS         REF BY
           =====                   =======         ======
           BSP_Init                00000515        main (main_AP_Async_Listen_autoack)
               calls direct
               XSTACK = 00000000 ( 00000002 )
               ISTACK = 00000000 ( 00000002 )
    -------------------------------------------------------------------------
NEAR_CODE
  Relative segment, address: CODE 00000544 - 00000567 (0x24 bytes), align: 0
  Segment part 14.
           ENTRY                   ADDRESS         REF BY
           =====                   =======         ======
           BSP_Delay               00000544        MRFI_ReplyDelay (mrfi)
                                                   Mrfi_DelayUsec (mrfi)
    -------------------------------------------------------------------------
NEAR_CODE
  Relative segment, address: CODE 00000568 - 00000572 (0xb bytes), align: 0
  Segment part 16.            Intra module refs:   BSP_Init
           ENTRY                   ADDRESS         REF BY
           =====                   =======         ======
           BSP_InitLeds            00000568 
               XSTACK = 00000002 ( 00000000 )

    *************************************************************************

  FILE NAME : I:\SimpliciTI-IAR-1.1.1\Projects\OpenAccessPoint\IAR\CC1110-Access_Point\Obj\main_AP_Async_Listen_autoack.r51
  PROGRAM MODULE, NAME : main_AP_Async_Listen_autoack

  SEGMENTS IN THE MODULE
  ======================
XDATA_Z
  Relative segment, address: XDATA 0000F3FF - 0000F406 (0x8 bytes), align: 0
  Segment part 8.             Intra module refs:   main
           LOCAL                   ADDRESS         
           =====                   =======         
           sLID                    0000F3FF 
    -------------------------------------------------------------------------
XDATA_Z
  Relative segment, address: XDATA 0000F407 - 0000F407 (0x1 bytes), align: 0
  Segment part 9.             Intra module refs:   main
           LOCAL                   ADDRESS         
           =====                   =======         
           sNumCurrentPeers        0000F407 
    -------------------------------------------------------------------------
XDATA_Z
  Relative segment, address: XDATA 0000F408 - 0000F408 (0x1 bytes), align: 0
  Segment part 10.            Intra module refs:   main
                                                   sCB
           LOCAL                   ADDRESS         
           =====                   =======         
           sPeerFrameSem           0000F408 
    -------------------------------------------------------------------------
XDATA_Z
  Relative segment, address: XDATA 0000F409 - 0000F409 (0x1 bytes), align: 0
  Segment part 11.            Intra module refs:   main
                                                   sCB
           LOCAL                   ADDRESS         
           =====                   =======         
           sJoinSem                0000F409 
    -------------------------------------------------------------------------
XDATA_Z
  Relative segment, address: XDATA 0000F40A - 0000F422 (0x19 bytes), align: 0
  Segment part 12.            Intra module refs:   main
           LOCAL                   ADDRESS         
           =====                   =======         
           sSample                 0000F40A 
    -------------------------------------------------------------------------
XDATA_Z
  Relative segment, address: XDATA 0000F423 - 0000F423 (0x1 bytes), align: 0
  Segment part 13.            Intra module refs:   changeChannel
           LOCAL                   ADDRESS         
           =====                   =======         
           sChannel                0000F423 
    -------------------------------------------------------------------------
XDATA_Z
  Relative segment, address: XDATA 0000F424 - 0000F424 (0x1 bytes), align: 0
  Segment part 14.            Intra module refs:   changeChannel
                                                   main
                                                   sCB
           LOCAL                   ADDRESS         
           =====                   =======         
           sBlinky                 0000F424 
    -------------------------------------------------------------------------
NEAR_CODE
  Relative segment, address: CODE 00000573 - 000006F0 (0x17e bytes), align: 0
  Segment part 15.
           ENTRY                   ADDRESS         REF BY
           =====                   =======         ======
           main                    00000573        ?call_main (?cmain)
               calls direct
               XSTACK = 00000000 ( 0000000E )
               ISTACK = 00000000 ( 00000001 )
    -------------------------------------------------------------------------
NEAR_CODE
  Relative segment, address: CODE 000006F1 - 000006F9 (0x9 bytes), align: 0
  Segment part 16.            Intra module refs:   main
           LOCAL                   ADDRESS         
           =====                   =======         
           ?Subroutine1            000006F1 
    -------------------------------------------------------------------------
NEAR_CODE
  Relative segment, address: CODE 000006FA - 0000070F (0x16 bytes), align: 0
  Segment part 17.            Intra module refs:   main
           ENTRY                   ADDRESS         REF BY
           =====                   =======         ======
           toggleLED               000006FA 
               XSTACK = 0000000C ( 00000000 )
    -------------------------------------------------------------------------
NEAR_CODE
  Relative segment, address: CODE 00000710 - 0000072A (0x1b bytes), align: 0
  Segment part 18.            Intra module refs:   main
           LOCAL                   ADDRESS         
           =====                   =======         
           sCB                     00000710 
               is indirectly called
               ISTACK = 00000000 ( 00000002 )
    -------------------------------------------------------------------------
NEAR_CODE
  Relative segment, address: CODE 0000072B - 0000072F (0x5 bytes), align: 0
  Segment part 19.            Intra module refs:   changeChannel
                                                   sCB
           LOCAL                   ADDRESS         
           =====                   =======         
           ?Subroutine0            0000072B 
    -------------------------------------------------------------------------
NEAR_CODE
  Relative segment, address: CODE 00000730 - 00000767 (0x38 bytes), align: 0
  Segment part 20.            Intra module refs:   main
           LOCAL                   ADDRESS         
           =====                   =======         
           changeChannel           00000730 
               calls direct
               XSTACK = 0000000C ( 00000001 )
               ISTACK = 00000000 ( 00000003 )

    *************************************************************************

  FILE NAME : I:\SimpliciTI-IAR-1.1.1\Projects\OpenAccessPoint\IAR\CC1110-Access_Point\Obj\mrfi.r51
  PROGRAM MODULE, NAME : mrfi

  SEGMENTS IN THE MODULE
  ======================
SFR_AN
  Relative segment, address: DATA 00000091 - 00000091 (0x1 bytes), align: 0
  Segment part 1. ROOT.       Intra module refs:   Mrfi_RxModeOff
                                                   Mrfi_RxModeOn
           ENTRY                   ADDRESS         REF BY
           =====                   =======         ======
           RFIM                    00000091 
    -------------------------------------------------------------------------
SFR_AN
  Relative segment, address: DATA 0000009A - 0000009A (0x1 bytes), align: 0
  Segment part 2. ROOT.       Intra module refs:   MRFI_Init
           ENTRY                   ADDRESS         REF BY
           =====                   =======         ======
           IEN2                    0000009A 
    -------------------------------------------------------------------------
SFR_AN
  Relative segment, address: DATA 0000009B - 0000009B (0x1 bytes), align: 0
  Segment part 3. ROOT.       Intra module refs:   MRFI_RfIsr
                                                   Mrfi_RxModeOff
                                                   Mrfi_RxModeOn
           ENTRY                   ADDRESS         REF BY
           =====                   =======         ======
           S1CON                   0000009B 
    -------------------------------------------------------------------------
SFR_AN
  Relative segment, address: DATA 000000B4 - 000000B4 (0x1 bytes), align: 0
  Segment part 5. ROOT.       Intra module refs:   MRFI_RandomByte
           ENTRY                   ADDRESS         REF BY
           =====                   =======         ======
           ADCCON1                 000000B4 
    -------------------------------------------------------------------------
SFR_AN
  Relative segment, address: DATA 000000BC - 000000BC (0x1 bytes), align: 0
  Segment part 6. ROOT.       Intra module refs:   MRFI_Init
                                                   MRFI_RandomByte
           ENTRY                   ADDRESS         REF BY
           =====                   =======         ======
           RNDL                    000000BC 
    -------------------------------------------------------------------------
SFR_AN
  Relative segment, address: DATA 000000BE - 000000BE (0x1 bytes), align: 0
  Segment part 7. ROOT.       Intra module refs:   MRFI_Init
           ENTRY                   ADDRESS         REF BY
           =====                   =======         ======
           SLEEP                   000000BE 
    -------------------------------------------------------------------------
SFR_AN
  Relative segment, address: DATA 000000C6 - 000000C6 (0x1 bytes), align: 0
  Segment part 8. ROOT.       Intra module refs:   MRFI_Init
                                                   MRFI_WakeUp
           ENTRY                   ADDRESS         REF BY
           =====                   =======         ======
           CLKCON                  000000C6 
    -------------------------------------------------------------------------
SFR_AN
  Relative segment, address: DATA 000000D1 - 000000D1 (0x1 bytes), align: 0
  Segment part 9. ROOT.       Intra module refs:   Mrfi_RxModeOff
           ENTRY                   ADDRESS         REF BY
           =====                   =======         ======
           DMAIRQ                  000000D1 
    -------------------------------------------------------------------------
SFR_AN
  Relative segment, address: DATA 000000D4 - 000000D4 (0x1 bytes), align: 0
  Segment part 10. ROOT.      Intra module refs:   MRFI_Init
           ENTRY                   ADDRESS         REF BY
           =====                   =======         ======
           DMA0CFGL                000000D4 
    -------------------------------------------------------------------------
SFR_AN
  Relative segment, address: DATA 000000D5 - 000000D5 (0x1 bytes), align: 0
  Segment part 11. ROOT.      Intra module refs:   MRFI_Init
           ENTRY                   ADDRESS         REF BY
           =====                   =======         ======
           DMA0CFGH                000000D5 
    -------------------------------------------------------------------------
SFR_AN
  Relative segment, address: DATA 000000D6 - 000000D6 (0x1 bytes), align: 0
  Segment part 12. ROOT.      Intra module refs:   MRFI_RfIsr
                                                   MRFI_Transmit
                                                   Mrfi_RxModeOff
                                                   Mrfi_RxModeOn
           ENTRY                   ADDRESS         REF BY
           =====                   =======         ======
           DMAARM                  000000D6 
    -------------------------------------------------------------------------
SFR_AN
  Relative segment, address: DATA 000000E1 - 000000E1 (0x1 bytes), align: 0
  Segment part 13. ROOT.      Intra module refs:   MRFI_Init
                                                   MRFI_Transmit
                                                   MRFI_WakeUp
                                                   Mrfi_RxModeOff
                                                   Mrfi_RxModeOn
           ENTRY                   ADDRESS         REF BY
           =====                   =======         ======
           RFST                    000000E1 
    -------------------------------------------------------------------------
SFR_AN
  Relative segment, address: DATA 000000E9 - 000000E9 (0x1 bytes), align: 0
  Segment part 14. ROOT.      Intra module refs:   MRFI_RfIsr
                                                   MRFI_Transmit
                                                   Mrfi_RxModeOff
                                                   Mrfi_RxModeOn
           ENTRY                   ADDRESS         REF BY
           =====                   =======         ======
           RFIF                    000000E9 
    -------------------------------------------------------------------------
XDATA_Z
  Relative segment, address: XDATA 0000F425 - 0000F425 (0x1 bytes), align: 0
  Segment part 21.            Intra module refs:   MRFI_GetRadioState
                                                   MRFI_Init
                                                   MRFI_RfIsr
                                                   MRFI_Rssi
                                                   MRFI_RxIdle
                                                   MRFI_RxOn
                                                   MRFI_SetLogicalChannel
                                                   MRFI_SetRFPwr
                                                   MRFI_Sleep
                                                   MRFI_Transmit
                                                   MRFI_WakeUp
           LOCAL                   ADDRESS         
           =====                   =======         
           mrfiRadioState          0000F425 
    -------------------------------------------------------------------------
XDATA_Z
  Relative segment, address: XDATA 0000F426 - 0000F43D (0x18 bytes), align: 0
  Segment part 22.            Intra module refs:   ?Subroutine4
                                                   MRFI_Receive
                                                   MRFI_RfIsr
                                                   Mrfi_RxModeOn
           LOCAL                   ADDRESS         
           =====                   =======         
           mrfiIncomingPacket      0000F426 
    -------------------------------------------------------------------------
XDATA_Z
  Relative segment, address: XDATA 0000F43E - 0000F43E (0x1 bytes), align: 0
  Segment part 23.            Intra module refs:   MRFI_PostKillSem
                                                   MRFI_ReplyDelay
           LOCAL                   ADDRESS         
           =====                   =======         
           sKillSem                0000F43E 
    -------------------------------------------------------------------------
XDATA_Z
  Relative segment, address: XDATA 0000F43F - 0000F43F (0x1 bytes), align: 0
  Segment part 24.            Intra module refs:   MRFI_PostKillSem
                                                   MRFI_ReplyDelay
           LOCAL                   ADDRESS         
           =====                   =======         
           sReplyDelayContext      0000F43F 
    -------------------------------------------------------------------------
XDATA_Z
  Relative segment, address: XDATA 0000F440 - 0000F441 (0x2 bytes), align: 0
  Segment part 25.            Intra module refs:   MRFI_Init
                                                   MRFI_ReplyDelay
           LOCAL                   ADDRESS         
           =====                   =======         
           sReplyDelayScalar       0000F440 
    -------------------------------------------------------------------------
XDATA_Z
  Relative segment, address: XDATA 0000F442 - 0000F443 (0x2 bytes), align: 0
  Segment part 26.            Intra module refs:   MRFI_Init
                                                   MRFI_Transmit
           LOCAL                   ADDRESS         
           =====                   =======         
           sBackoffHelper          0000F442 
    -------------------------------------------------------------------------
XDATA_Z
  Relative segment, address: XDATA 0000F444 - 0000F44B (0x8 bytes), align: 0
  Segment part 27.            Intra module refs:   ?Subroutine6
                                                   MRFI_Init
                                                   MRFI_Transmit
                                                   Mrfi_RxModeOn
           ENTRY                   ADDRESS         REF BY
           =====                   =======         ======
           mrfiDmaCfg              0000F444 
    -------------------------------------------------------------------------
NEAR_CODE
  Relative segment, address: CODE 00000768 - 000008D3 (0x16c bytes), align: 0
  Segment part 37.
           ENTRY                   ADDRESS         REF BY
           =====                   =======         ======
           MRFI_Init               00000768        SMPL_Init (nwk_api)
               calls direct
               XSTACK = 00000000 ( 0000000B )
    -------------------------------------------------------------------------
NEAR_CODE
  Relative segment, address: CODE 000008D4 - 0000099A (0xc7 bytes), align: 0
  Segment part 38.
           ENTRY                   ADDRESS         REF BY
           =====                   =======         ======
           MRFI_Transmit           000008D4        ?Subroutine4 (nwk_frame)
                                                   nwk_sendFrame (nwk_frame)
               calls direct
               XSTACK = 00000000 ( 0000000A )
    -------------------------------------------------------------------------
NEAR_CODE
  Relative segment, address: CODE 0000099B - 0000099F (0x5 bytes), align: 0
  Segment part 39.            Intra module refs:   MRFI_ReplyDelay
                                                   MRFI_Transmit
           LOCAL                   ADDRESS         
           =====                   =======         
           ?Subroutine1            0000099B 
    -------------------------------------------------------------------------
NEAR_CODE
  Relative segment, address: CODE 000009A0 - 000009B2 (0x13 bytes), align: 0
  Segment part 40.
           ENTRY                   ADDRESS         REF BY
           =====                   =======         ======
           MRFI_Receive            000009A0        MRFI_RxCompleteISR (nwk_frame)
               ISTACK = 00000000 ( 00000002 )
    -------------------------------------------------------------------------
NEAR_CODE
  Relative segment, address: CODE 000009B3 - 00000A7C (0xca bytes), align: 0
  Segment part 41.            Intra module refs:   MRFI_RfIsr::??INTVEC 131
           ENTRY                   ADDRESS         REF BY
           =====                   =======         ======
           MRFI_RfIsr              000009B3 
               interrupt function
               calls direct
               XSTACK = 00000000 ( 00000002 )
               ISTACK = 00000000 ( 00000010 )
    -------------------------------------------------------------------------
NEAR_CODE
  Relative segment, address: CODE 00000A7D - 00000A8A (0xe bytes), align: 0
  Segment part 42.            Intra module refs:   MRFI_Init
                                                   MRFI_RfIsr
                                                   Mrfi_RxModeOn
           LOCAL                   ADDRESS         
           =====                   =======         
           ?Subroutine4            00000A7D 
    -------------------------------------------------------------------------
NEAR_CODE
  Relative segment, address: CODE 00000A8B - 00000AAA (0x20 bytes), align: 0
  Segment part 43.
           ENTRY                   ADDRESS         REF BY
           =====                   =======         ======
           MRFI_Sleep              00000A8B        SMPL_LinkListen (nwk_api)
                                                   nwk_radioControl (nwk_ioctl)
                                                   nwk_scanForChannels (nwk_freq)
               calls direct
               XSTACK = 00000000 ( 00000008 )
    -------------------------------------------------------------------------
NEAR_CODE
  Relative segment, address: CODE 00000AAB - 00000AD7 (0x2d bytes), align: 0
  Segment part 44.
           ENTRY                   ADDRESS         REF BY
           =====                   =======         ======
           MRFI_WakeUp             00000AAB        SMPL_Init (nwk_api)
                                                   SMPL_LinkListen (nwk_api)
                                                   nwk_radioControl (nwk_ioctl)
                                                   nwk_scanForChannels (nwk_freq)
               ISTACK = 00000000 ( 00000002 )
    -------------------------------------------------------------------------
NEAR_CODE
  Relative segment, address: CODE 00000AD8 - 00000AE9 (0x12 bytes), align: 0
  Segment part 45.            Intra module refs:   MRFI_Init
                                                   MRFI_WakeUp
           LOCAL                   ADDRESS         
           =====                   =======         
           ?Subroutine7            00000AD8 
    -------------------------------------------------------------------------
NEAR_CODE
  Relative segment, address: CODE 00000AEA - 00000AEF (0x6 bytes), align: 0
  Segment part 46.            Intra module refs:   MRFI_Transmit
           ENTRY                   ADDRESS         REF BY
           =====                   =======         ======
           MRFI_RandomByte         00000AEA        nwk_frameInit (nwk_frame)
                                                   nwk_freqInit (nwk_freq)
                                                   nwk_joinInit (nwk_join)
                                                   nwk_linkInit (nwk_link)
                                                   nwk_mgmtInit (nwk_mgmt)
                                                   nwk_pingInit (nwk_ping)
               XSTACK = 0000000A ( 00000000 )
    -------------------------------------------------------------------------
NEAR_CODE
  Relative segment, address: CODE 00000AF0 - 00000B3A (0x4b bytes), align: 0
  Segment part 47.            Intra module refs:   MRFI_RfIsr
                                                   MRFI_RxOn
                                                   MRFI_SetLogicalChannel
                                                   MRFI_SetRFPwr
                                                   MRFI_Transmit
           LOCAL                   ADDRESS         
           =====                   =======         
           Mrfi_RxModeOn           00000AF0 
               calls direct
               XSTACK = 0000000A ( 0000000B )
    -------------------------------------------------------------------------
NEAR_CODE
  Relative segment, address: CODE 00000B3B - 00000B4B (0x11 bytes), align: 0
  Segment part 48.            Intra module refs:   MRFI_Transmit
                                                   Mrfi_RxModeOn
           LOCAL                   ADDRESS         
           =====                   =======         
           ?Subroutine6            00000B3B 
    -------------------------------------------------------------------------
NEAR_CODE
  Relative segment, address: CODE 00000B4C - 00000B68 (0x1d bytes), align: 0
  Segment part 49.
           ENTRY                   ADDRESS         REF BY
           =====                   =======         ======
           MRFI_RxOn               00000B4C        SMPL_Init (nwk_api)
                                                   SMPL_LinkListen (nwk_api)
                                                   nwk_radioControl (nwk_ioctl)
                                                   nwk_scanForChannels (nwk_freq)
               calls direct
               ISTACK = 00000000 ( 00000002 )
    -------------------------------------------------------------------------
NEAR_CODE
  Relative segment, address: CODE 00000B69 - 00000B85 (0x1d bytes), align: 0
  Segment part 50.            Intra module refs:   MRFI_Init
                                                   MRFI_RfIsr
                                                   MRFI_RxIdle
                                                   MRFI_SetLogicalChannel
                                                   MRFI_SetRFPwr
                                                   MRFI_Transmit
           LOCAL                   ADDRESS         
           =====                   =======         
           Mrfi_RxModeOff          00000B69 
               XSTACK = 0000000A ( 00000000 )
               ISTACK = 00000000 ( 00000002 )
    -------------------------------------------------------------------------
NEAR_CODE
  Relative segment, address: CODE 00000B86 - 00000B8E (0x9 bytes), align: 0
  Segment part 51.            Intra module refs:   Mrfi_RxModeOff
                                                   Mrfi_RxModeOn
           LOCAL                   ADDRESS         
           =====                   =======         
           ?Subroutine10           00000B86 
    -------------------------------------------------------------------------
XDATA_I
  Relative segment, address: XDATA 0000F54E - 0000F551 (0x4 bytes), align: 0
  Segment part 28.            Intra module refs:   MRFI_RxAddrIsFiltered
           ENTRY                   ADDRESS         REF BY
           =====                   =======         ======
           mrfiBroadcastAddr       0000F54E        nwk_getBCastAddress (nwk_globals)
    -------------------------------------------------------------------------
XDATA_I
  Relative segment, address: XDATA 0000F552 - 0000F555 (0x4 bytes), align: 0
  Segment part 30.            Intra module refs:   MRFI_SetLogicalChannel
           LOCAL                   ADDRESS         
           =====                   =======         
           mrfiLogicalChanTable    0000F552 
    -------------------------------------------------------------------------
XDATA_I
  Relative segment, address: XDATA 0000F556 - 0000F558 (0x3 bytes), align: 0
  Segment part 32.            Intra module refs:   MRFI_SetRFPwr
           LOCAL                   ADDRESS         
           =====                   =======         
           mrfiRFPowerTable        0000F556 
    -------------------------------------------------------------------------
XDATA_Z
  Relative segment, address: XDATA 0000F44C - 0000F44C (0x1 bytes), align: 0
  Segment part 34.            Intra module refs:   MRFI_RxAddrIsFiltered
           LOCAL                   ADDRESS         
           =====                   =======         
           mrfiRxFilterEnabled     0000F44C 
    -------------------------------------------------------------------------
XDATA_I
  Relative segment, address: XDATA 0000F559 - 0000F55C (0x4 bytes), align: 0
  Segment part 35.            Intra module refs:   ?Subroutine9
           LOCAL                   ADDRESS         
           =====                   =======         
           mrfiRxFilterAddr        0000F559 
    -------------------------------------------------------------------------
NEAR_CODE
  Relative segment, address: CODE 00000B8F - 00000B93 (0x5 bytes), align: 0
  Segment part 53.            Intra module refs:   MRFI_GetRadioState
                                                   MRFI_PostKillSem
                                                   MRFI_Receive
                                                   MRFI_RxIdle
                                                   MRFI_RxOn
                                                   MRFI_WakeUp
                                                   Mrfi_RxModeOff
    -------------------------------------------------------------------------
NEAR_CODE
  Relative segment, address: CODE 00000B94 - 00000BB0 (0x1d bytes), align: 0
  Segment part 54.            Intra module refs:   MRFI_Sleep
           ENTRY                   ADDRESS         REF BY
           =====                   =======         ======
           MRFI_RxIdle             00000B94        SMPL_LinkListen (nwk_api)
                                                   nwk_radioControl (nwk_ioctl)
                                                   nwk_scanForChannels (nwk_freq)
               calls direct
               XSTACK = 00000008 ( 00000000 )
               ISTACK = 00000000 ( 00000002 )
    -------------------------------------------------------------------------
NEAR_CODE
  Relative segment, address: CODE 00000BB1 - 00000BEF (0x3f bytes), align: 0
  Segment part 55.            Intra module refs:   ?Subroutine5
                                                   MRFI_DelayMs
                                                   MRFI_Init
                                                   MRFI_Transmit
           LOCAL                   ADDRESS         
           =====                   =======         
           Mrfi_DelayUsec          00000BB1 
               calls direct
               XSTACK = 0000000A ( 00000009 )
    -------------------------------------------------------------------------
NEAR_CODE
  Relative segment, address: CODE 00000BF0 - 00000BF4 (0x5 bytes), align: 0
  Segment part 56.            Intra module refs:   MRFI_Init
                                                   MRFI_SetLogicalChannel
                                                   MRFI_SetRFPwr
                                                   Mrfi_DelayUsec
                                                   Mrfi_RxModeOn
           LOCAL                   ADDRESS         
           =====                   =======         
           ?Subroutine0            00000BF0 
    -------------------------------------------------------------------------
NEAR_CODE
  Relative segment, address: CODE 00000BF5 - 00000C16 (0x22 bytes), align: 0
  Segment part 57.
           ENTRY                   ADDRESS         REF BY
           =====                   =======         ======
           MRFI_DelayMs            00000BF5        SMPL_LinkListen (nwk_api)
                                                   main (main_AP_Async_Listen_autoack)
                                                   nwk_freqControl (nwk_freq)
                                                   nwk_replayFrame (nwk_frame)
               calls direct
               XSTACK = 00000000 ( 00000008 )
    -------------------------------------------------------------------------
NEAR_CODE
  Relative segment, address: CODE 00000C17 - 00000C93 (0x7d bytes), align: 0
  Segment part 58.
           ENTRY                   ADDRESS         REF BY
           =====                   =======         ======
           MRFI_ReplyDelay         00000C17        nwk_scanForChannels (nwk_freq)
               calls direct
               XSTACK = 00000000 ( 0000000A )
    -------------------------------------------------------------------------
NEAR_CODE
  Relative segment, address: CODE 00000C94 - 00000CA6 (0x13 bytes), align: 0
  Segment part 59.
           ENTRY                   ADDRESS         REF BY
           =====                   =======         ======
           MRFI_PostKillSem        00000C94        nwk_isConnectionValid (nwk)
                                                   nwk_processFreq (nwk_freq)
                                                   nwk_processJoin (nwk_join)
                                                   nwk_processLink (nwk_link)
                                                   nwk_processMgmt (nwk_mgmt)
                                                   nwk_processPing (nwk_ping)
               ISTACK = 00000000 ( 00000002 )
    -------------------------------------------------------------------------
NEAR_CODE
  Relative segment, address: CODE 00000CA7 - 00000CD0 (0x2a bytes), align: 0
  Segment part 60.
           ENTRY                   ADDRESS         REF BY
           =====                   =======         ======
           MRFI_Rssi               00000CA7        nwk_radioControl (nwk_ioctl)
               calls direct
               XSTACK = 00000000 ( 00000008 )
    -------------------------------------------------------------------------
NEAR_CODE
  Relative segment, address: CODE 00000CD1 - 00000CD5 (0x5 bytes), align: 0
  Segment part 61.            Intra module refs:   MRFI_DelayMs
                                                   MRFI_Rssi
                                                   MRFI_RxAddrIsFiltered
                                                   MRFI_Sleep
           LOCAL                   ADDRESS         
           =====                   =======         
           ?Subroutine3            00000CD1 
    -------------------------------------------------------------------------
NEAR_CODE
  Relative segment, address: CODE 00000CD6 - 00000CF1 (0x1c bytes), align: 0
  Segment part 62.            Intra module refs:   MRFI_Rssi
                                                   MRFI_Transmit
           LOCAL                   ADDRESS         
           =====                   =======         
           ?Subroutine5            00000CD6 
    -------------------------------------------------------------------------
NEAR_CODE
  Relative segment, address: CODE 00000CF2 - 00000D3A (0x49 bytes), align: 0
  Segment part 63.            Intra module refs:   MRFI_RfIsr
                                                   MRFI_Rssi
           LOCAL                   ADDRESS         
           =====                   =======         
           Mrfi_CalculateRssi      00000CF2 
               XSTACK = 00000008 ( 00000000 )
               ISTACK = 00000000 ( 00000002 )
    -------------------------------------------------------------------------
NEAR_CODE
  Relative segment, address: CODE 00000D3B - 00000D46 (0xc bytes), align: 0
  Segment part 64.
           ENTRY                   ADDRESS         REF BY
           =====                   =======         ======
           MRFI_GetRadioState      00000D3B        SMPL_LinkListen (nwk_api)
                                                   nwk_scanForChannels (nwk_freq)
               ISTACK = 00000000 ( 00000002 )
    -------------------------------------------------------------------------
NEAR_CODE
  Relative segment, address: CODE 00000D47 - 00000D76 (0x30 bytes), align: 0
  Segment part 65.            Intra module refs:   MRFI_Init
           ENTRY                   ADDRESS         REF BY
           =====                   =======         ======
           MRFI_SetLogicalChannel
                                   00000D47        nwk_setChannel (nwk_freq)
               calls direct
               XSTACK = 00000009 ( 00000009 )
    -------------------------------------------------------------------------
NEAR_CODE
  Relative segment, address: CODE 00000D77 - 00000DA6 (0x30 bytes), align: 0
  Segment part 66.
           ENTRY                   ADDRESS         REF BY
           =====                   =======         ======
           MRFI_SetRFPwr           00000D77        nwk_radioControl (nwk_ioctl)
               calls direct
               XSTACK = 00000000 ( 00000009 )
    -------------------------------------------------------------------------
NEAR_CODE
  Relative segment, address: CODE 00000DA7 - 00000DF0 (0x4a bytes), align: 0
  Segment part 70.            Intra module refs:   MRFI_RfIsr
           ENTRY                   ADDRESS         REF BY
           =====                   =======         ======
           MRFI_RxAddrIsFiltered   00000DA7 
               XSTACK = 00000000 ( 00000008 )
    -------------------------------------------------------------------------
NEAR_CODE
  Relative segment, address: CODE 00000DF1 - 00000DFB (0xb bytes), align: 0
  Segment part 71.            Intra module refs:   MRFI_RxAddrIsFiltered
           LOCAL                   ADDRESS         
           =====                   =======         
           ?Subroutine9            00000DF1 
    -------------------------------------------------------------------------
NEAR_CODE
  Relative segment, address: CODE 00000DFC - 00000E06 (0xb bytes), align: 0
  Segment part 72.            Intra module refs:   MRFI_RxAddrIsFiltered
           LOCAL                   ADDRESS         
           =====                   =======         
           ?Subroutine8            00000DFC 
    -------------------------------------------------------------------------
INTVEC
  Common segment, address: CODE 00000000 - 00000085 (0x86 bytes), align: 0
  Segment part 15. ROOT.
           ENTRY                   ADDRESS         REF BY
           =====                   =======         ======
           MRFI_RfIsr::??INTVEC 131
                                   00000083 
    -------------------------------------------------------------------------
XDATA_ID
  Relative segment, address: CODE 000000E5 - 000000E8 (0x4 bytes), align: 0
  Segment part 29.            Intra module refs:   mrfiBroadcastAddr
    -------------------------------------------------------------------------
XDATA_ID
  Relative segment, address: CODE 000000E9 - 000000EC (0x4 bytes), align: 0
  Segment part 31.            Intra module refs:   mrfiLogicalChanTable
    -------------------------------------------------------------------------
XDATA_ID
  Relative segment, address: CODE 000000ED - 000000EF (0x3 bytes), align: 0
  Segment part 33.            Intra module refs:   mrfiRFPowerTable
    -------------------------------------------------------------------------
XDATA_ID
  Relative segment, address: CODE 000000F0 - 000000F3 (0x4 bytes), align: 0
  Segment part 36.            Intra module refs:   mrfiRxFilterAddr

    *************************************************************************

  FILE NAME : I:\SimpliciTI-IAR-1.1.1\Projects\OpenAccessPoint\IAR\CC1110-Access_Point\Obj\nwk.r51
  PROGRAM MODULE, NAME : nwk

  SEGMENTS IN THE MODULE
  ======================
XDATA_I
  Relative segment, address: XDATA 0000F55D - 0000F5DD (0x81 bytes), align: 0
  Segment part 6.             Intra module refs:   ?Subroutine10
                                                   initializeConnection
                                                   map_lid2idx
                                                   nwk_allocateLocalRxPort
                                                   nwk_findAlreadyJoined
                                                   nwk_findPeer
                                                   nwk_getSFInfoPtr
                                                   nwk_isConnectionValid
                                                   nwk_isLinkDuplicate
                                                   nwk_nwkInit
                                                   nwk_saveJoinedDevice
           LOCAL                   ADDRESS         
           =====                   =======         
           sPersistInfo            0000F55D 
    -------------------------------------------------------------------------
NEAR_CODE
  Relative segment, address: CODE 00000E07 - 00000EA6 (0xa0 bytes), align: 0
  Segment part 8.
           ENTRY                   ADDRESS         REF BY
           =====                   =======         ======
           nwk_nwkInit             00000E07        SMPL_Init (nwk_api)
               calls direct
               XSTACK = 00000000 ( 0000000B )
    -------------------------------------------------------------------------
NEAR_CODE
  Relative segment, address: CODE 00000EA7 - 00000ED3 (0x2d bytes), align: 0
  Segment part 9.
           ENTRY                   ADDRESS         REF BY
           =====                   =======         ======
           nwk_getNextConnection   00000EA7        smpl_send_link_reply (nwk_link)
               calls direct
               ISTACK = 00000000 ( 00000002 )
    -------------------------------------------------------------------------
NEAR_CODE
  Relative segment, address: CODE 00000ED4 - 00000ED8 (0x5 bytes), align: 0
  Segment part 10.            Intra module refs:   initializeConnection
                                                   nwk_freeConnection
                                                   nwk_getNextConnection
           LOCAL                   ADDRESS         
           =====                   =======         
           ?Subroutine0            00000ED4 
    -------------------------------------------------------------------------
NEAR_CODE
  Relative segment, address: CODE 00000ED9 - 00000F31 (0x59 bytes), align: 0
  Segment part 11.            Intra module refs:   nwk_findAlreadyJoined
                                                   nwk_getNextConnection
           LOCAL                   ADDRESS         
           =====                   =======         
           initializeConnection    00000ED9 
               calls direct
               XSTACK = 0000000D ( 00000001 )
               ISTACK = 00000000 ( 00000003 )
    -------------------------------------------------------------------------
NEAR_CODE
  Relative segment, address: CODE 00000F32 - 00000F3D (0xc bytes), align: 0
  Segment part 12.
           ENTRY                   ADDRESS         REF BY
           =====                   =======         ======
           nwk_freeConnection      00000F32        handleLinkRequest (nwk_link)
                                                   nwk_connectionControl (nwk_ioctl)
                                                   smpl_send_link_reply (nwk_link)
               ISTACK = 00000000 ( 00000003 )
    -------------------------------------------------------------------------
NEAR_CODE
  Relative segment, address: CODE 00000F3E - 00000F6C (0x2f bytes), align: 0
  Segment part 13.
           ENTRY                   ADDRESS         REF BY
           =====                   =======         ======
           nwk_getConnInfo         00000F3E        SMPL_Receive (nwk_api)
                                                   nwk_QfindOldest (nwk_QMgmt)
                                                   nwk_connectionControl (nwk_ioctl)
                                                   nwk_radioControl (nwk_ioctl)
                                                   nwk_retrieveFrame (nwk_frame)
               calls direct
               XSTACK = 00000000 ( 00000009 )
    -------------------------------------------------------------------------
NEAR_CODE
  Relative segment, address: CODE 00000F6D - 00000F71 (0x5 bytes), align: 0
  Segment part 14.            Intra module refs:   map_lid2idx
                                                   nwk_checkConnInfo
                                                   nwk_getConnInfo
           LOCAL                   ADDRESS         
           =====                   =======         
           ?Subroutine1            00000F6D 
    -------------------------------------------------------------------------
NEAR_CODE
  Relative segment, address: CODE 00000F72 - 00000F78 (0x7 bytes), align: 0
  Segment part 15.            Intra module refs:   nwk_getConnInfo
                                                   nwk_getNextConnection
           LOCAL                   ADDRESS         
           =====                   =======         
           ?Subroutine5            00000F72 
    -------------------------------------------------------------------------
NEAR_CODE
  Relative segment, address: CODE 00000F79 - 00000F87 (0xf bytes), align: 0
  Segment part 16.            Intra module refs:   ?Subroutine5
                                                   nwk_getNextConnection
           LOCAL                   ADDRESS         
           =====                   =======         
           ?Subroutine10           00000F79 
    -------------------------------------------------------------------------
NEAR_CODE
  Relative segment, address: CODE 00000F88 - 00000FE2 (0x5b bytes), align: 0
  Segment part 17.
           ENTRY                   ADDRESS         REF BY
           =====                   =======         ======
           nwk_isLinkDuplicate     00000F88        smpl_send_link_reply (nwk_link)
               calls direct
               XSTACK = 00000000 ( 0000000F )
    -------------------------------------------------------------------------
NEAR_CODE
  Relative segment, address: CODE 00000FE3 - 00000FE9 (0x7 bytes), align: 0
  Segment part 19.            Intra module refs:   nwk_findAlreadyJoined
                                                   nwk_isConnectionValid
           LOCAL                   ADDRESS         
           =====                   =======         
           ?Subroutine6            00000FE3 
    -------------------------------------------------------------------------
NEAR_CODE
  Relative segment, address: CODE 00000FEA - 00000FEC (0x3 bytes), align: 0
  Segment part 20.            Intra module refs:   ?Subroutine6
                                                   nwk_allocateLocalRxPort
    -------------------------------------------------------------------------
NEAR_CODE
  Relative segment, address: CODE 00000FED - 00000FFA (0xe bytes), align: 0
  Segment part 21.            Intra module refs:   Segment part 20
                                                   nwk_isLinkDuplicate
                                                   nwk_saveJoinedDevice
    -------------------------------------------------------------------------
NEAR_CODE
  Relative segment, address: CODE 00000FFB - 00000FFF (0x5 bytes), align: 0
  Segment part 22.
           ENTRY                   ADDRESS         REF BY
           =====                   =======         ======
           nwk_getSFInfoPtr        00000FFB        nwk_joinInit (nwk_join)
    -------------------------------------------------------------------------
NEAR_CODE
  Relative segment, address: CODE 00001000 - 00001085 (0x86 bytes), align: 0
  Segment part 23.
           ENTRY                   ADDRESS         REF BY
           =====                   =======         ======
           nwk_saveJoinedDevice    00001000        smpl_send_join_reply (nwk_join)
               calls direct
               XSTACK = 00000000 ( 00000011 )
               ISTACK = 00000000 ( 00000001 )
    -------------------------------------------------------------------------
NEAR_CODE
  Relative segment, address: CODE 00001086 - 0000108A (0x5 bytes), align: 0
  Segment part 24.            Intra module refs:   nwk_allocateLocalRxPort
                                                   nwk_isConnectionValid
                                                   nwk_saveJoinedDevice
           LOCAL                   ADDRESS         
           =====                   =======         
           ?Subroutine3            00001086 
    -------------------------------------------------------------------------
NEAR_CODE
  Relative segment, address: CODE 0000108B - 00001090 (0x6 bytes), align: 0
  Segment part 25.            Intra module refs:   nwk_findAlreadyJoined
                                                   nwk_isLinkDuplicate
                                                   nwk_saveJoinedDevice
           LOCAL                   ADDRESS         
           =====                   =======         
           ?Subroutine7            0000108B 
    -------------------------------------------------------------------------
NEAR_CODE
  Relative segment, address: CODE 00001091 - 000010D6 (0x46 bytes), align: 0
  Segment part 26.
           ENTRY                   ADDRESS         REF BY
           =====                   =======         ======
           nwk_findAlreadyJoined   00001091        smpl_send_link_reply (nwk_link)
               calls direct
               XSTACK = 00000000 ( 0000000F )
    -------------------------------------------------------------------------
NEAR_CODE
  Relative segment, address: CODE 000010D7 - 000010DB (0x5 bytes), align: 0
  Segment part 27.            Intra module refs:   nwk_findAlreadyJoined
                                                   nwk_findPeer
                                                   nwk_isLinkDuplicate
                                                   nwk_putNumObjectIntoMsg
           LOCAL                   ADDRESS         
           =====                   =======         
           ?Subroutine2            000010D7 
    -------------------------------------------------------------------------
NEAR_CODE
  Relative segment, address: CODE 000010DC - 0000110C (0x31 bytes), align: 0
  Segment part 28.
           ENTRY                   ADDRESS         REF BY
           =====                   =======         ======
           nwk_checkConnInfo       000010DC        SMPL_Receive (nwk_api)
               XSTACK = 00000000 ( 00000008 )
    -------------------------------------------------------------------------
NEAR_CODE
  Relative segment, address: CODE 0000110D - 000011E2 (0xd6 bytes), align: 0
  Segment part 29.
           ENTRY                   ADDRESS         REF BY
           =====                   =======         ======
           nwk_isConnectionValid   0000110D        dispatchFrame (nwk_frame)
               calls direct
               XSTACK = 00000000 ( 00000011 )
               ISTACK = 00000000 ( 00000001 )
    -------------------------------------------------------------------------
NEAR_CODE
  Relative segment, address: CODE 000011E3 - 00001344 (0x162 bytes), align: 0
  Segment part 30.
           ENTRY                   ADDRESS         REF BY
           =====                   =======         ======
           nwk_allocateLocalRxPort
                                   000011E3        smpl_send_link_reply (nwk_link)
               calls direct
               XSTACK = 00000000 ( 00000019 )
               ISTACK = 00000000 ( 00000001 )
    -------------------------------------------------------------------------
NEAR_CODE
  Relative segment, address: CODE 00001345 - 00001348 (0x4 bytes), align: 0
  Segment part 31.            Intra module refs:   nwk_isConnectionValid
           LOCAL                   ADDRESS         
           =====                   =======         
           ?Subroutine9            00001345 
    -------------------------------------------------------------------------
NEAR_CODE
  Relative segment, address: CODE 00001349 - 0000134E (0x6 bytes), align: 0
  Segment part 32.            Intra module refs:   ?Subroutine9
                                                   map_lid2idx
                                                   nwk_allocateLocalRxPort
                                                   nwk_isConnectionValid
    -------------------------------------------------------------------------
NEAR_CODE
  Relative segment, address: CODE 0000134F - 000013BA (0x6c bytes), align: 0
  Segment part 33.
           ENTRY                   ADDRESS         REF BY
           =====                   =======         ======
           nwk_isValidReply        0000134F        nwk_processFreq (nwk_freq)
                                                   nwk_processJoin (nwk_join)
                                                   nwk_processLink (nwk_link)
                                                   nwk_processMgmt (nwk_mgmt)
                                                   nwk_processPing (nwk_ping)
               calls direct
               XSTACK = 00000000 ( 0000000E )
    -------------------------------------------------------------------------
NEAR_CODE
  Relative segment, address: CODE 000013BB - 000013BF (0x5 bytes), align: 0
  Segment part 34.            Intra module refs:   nwk_getNumObjectFromMsg
                                                   nwk_isValidReply
           LOCAL                   ADDRESS         
           =====                   =======         
           ?Subroutine4            000013BB 
    -------------------------------------------------------------------------
NEAR_CODE
  Relative segment, address: CODE 000013C0 - 000013FF (0x40 bytes), align: 0
  Segment part 35.            Intra module refs:   initializeConnection
                                                   nwk_getConnInfo
           LOCAL                   ADDRESS         
           =====                   =======         
           map_lid2idx             000013C0 
               XSTACK = 00000009 ( 00000008 )
               ISTACK = 00000000 ( 00000001 )
    -------------------------------------------------------------------------
NEAR_CODE
  Relative segment, address: CODE 00001400 - 00001464 (0x65 bytes), align: 0
  Segment part 36.
           ENTRY                   ADDRESS         REF BY
           =====                   =======         ======
           nwk_findPeer            00001400        handleLinkRequest (nwk_link)
               calls direct
               XSTACK = 00000000 ( 0000000F )
    -------------------------------------------------------------------------
NEAR_CODE
  Relative segment, address: CODE 00001465 - 0000146A (0x6 bytes), align: 0
  Segment part 37.            Intra module refs:   nwk_findPeer
                                                   nwk_isConnectionValid
           LOCAL                   ADDRESS         
           =====                   =======         
           ?Subroutine8            00001465 
    -------------------------------------------------------------------------
NEAR_CODE
  Relative segment, address: CODE 0000146B - 00001478 (0xe bytes), align: 0
  Segment part 38.            Intra module refs:   ?Subroutine7
                                                   ?Subroutine8
           LOCAL                   ADDRESS         
           =====                   =======         
           ?Subroutine11           0000146B 
    -------------------------------------------------------------------------
NEAR_CODE
  Relative segment, address: CODE 00001479 - 000014A0 (0x28 bytes), align: 0
  Segment part 39.
           ENTRY                   ADDRESS         REF BY
           =====                   =======         ======
           nwk_checkAppMsgTID      00001479        send_poll_reply (nwk_mgmt)
    -------------------------------------------------------------------------
NEAR_CODE
  Relative segment, address: CODE 000014A1 - 000014FD (0x5d bytes), align: 0
  Segment part 40.
           ENTRY                   ADDRESS         REF BY
           =====                   =======         ======
           nwk_getNumObjectFromMsg
                                   000014A1        smpl_send_join_reply (nwk_join)
                                                   smpl_send_link_reply (nwk_link)
               calls direct
               XSTACK = 00000000 ( 0000000E )
    -------------------------------------------------------------------------
NEAR_CODE
  Relative segment, address: CODE 000014FE - 00001582 (0x85 bytes), align: 0
  Segment part 41.
           ENTRY                   ADDRESS         REF BY
           =====                   =======         ======
           nwk_putNumObjectIntoMsg
                                   000014FE        smpl_send_join_reply (nwk_join)
               calls direct
               XSTACK = 00000000 ( 00000015 )
    -------------------------------------------------------------------------
NEAR_CODE
  Relative segment, address: CODE 00001583 - 00001585 (0x3 bytes), align: 0
  Segment part 42.
           ENTRY                   ADDRESS         REF BY
           =====                   =======         ======
           nwk_NVObj               00001583        SMPL_Ioctl (nwk_api)
    -------------------------------------------------------------------------
XDATA_ID
  Relative segment, address: CODE 000000F4 - 00000174 (0x81 bytes), align: 0
  Segment part 7.             Intra module refs:   sPersistInfo

    *************************************************************************

  FILE NAME : I:\SimpliciTI-IAR-1.1.1\Projects\OpenAccessPoint\IAR\CC1110-Access_Point\Obj\nwk_QMgmt.r51
  PROGRAM MODULE, NAME : nwk_QMgmt

  SEGMENTS IN THE MODULE
  ======================
XDATA_Z
  Relative segment, address: XDATA 0000F44D - 0000F4E8 (0x9c bytes), align: 0
  Segment part 7.             Intra module refs:   nwk_QInit
                                                   nwk_QadjustOrder
                                                   nwk_QfindOldest
                                                   nwk_QfindSlot
                                                   nwk_getQ
           LOCAL                   ADDRESS         
           =====                   =======         
           sInFrameQ               0000F44D 
    -------------------------------------------------------------------------
XDATA_Z
  Relative segment, address: XDATA 0000F4E9 - 0000F51C (0x34 bytes), align: 0
  Segment part 8.             Intra module refs:   nwk_QInit
                                                   nwk_QfindSlot
                                                   nwk_getQ
           LOCAL                   ADDRESS         
           =====                   =======         
           sOutFrameQ              0000F4E9 
    -------------------------------------------------------------------------
NEAR_CODE
  Relative segment, address: CODE 00001586 - 000015C2 (0x3d bytes), align: 0
  Segment part 9.
           ENTRY                   ADDRESS         REF BY
           =====                   =======         ======
           nwk_QInit               00001586        nwk_nwkInit (nwk)
               calls direct
               XSTACK = 00000000 ( 0000000B )
    -------------------------------------------------------------------------
NEAR_CODE
  Relative segment, address: CODE 000015C3 - 00001669 (0xa7 bytes), align: 0
  Segment part 10.
           ENTRY                   ADDRESS         REF BY
           =====                   =======         ======
           nwk_QfindSlot           000015C3        MRFI_RxCompleteISR (nwk_frame)
                                                   nwk_buildFrame (nwk_frame)
               calls direct
               XSTACK = 00000000 ( 0000000B )
               ISTACK = 00000000 ( 00000001 )
    -------------------------------------------------------------------------
NEAR_CODE
  Relative segment, address: CODE 0000166A - 000016AB (0x42 bytes), align: 0
  Segment part 11.            Intra module refs:   nwk_QfindSlot
           ENTRY                   ADDRESS         REF BY
           =====                   =======         ======
           nwk_QadjustOrder        0000166A        nwk_retrieveFrame (nwk_frame)
                                                   send_poll_reply (nwk_mgmt)
               XSTACK = 0000000B ( 00000008 )
               ISTACK = 00000000 ( 00000001 )
    -------------------------------------------------------------------------
NEAR_CODE
  Relative segment, address: CODE 000016AC - 000018D9 (0x22e bytes), align: 0
  Segment part 12.
           ENTRY                   ADDRESS         REF BY
           =====                   =======         ======
           nwk_QfindOldest         000016AC        nwk_getSandFFrame (nwk_frame)
                                                   nwk_retrieveFrame (nwk_frame)
               calls direct
               XSTACK = 00000000 ( 0000001D )
               ISTACK = 00000000 ( 00000001 )
    -------------------------------------------------------------------------
NEAR_CODE
  Relative segment, address: CODE 000018DA - 000018DE (0x5 bytes), align: 0
  Segment part 13.            Intra module refs:   nwk_QfindOldest
           LOCAL                   ADDRESS         
           =====                   =======         
           ?Subroutine1            000018DA 
    -------------------------------------------------------------------------
NEAR_CODE
  Relative segment, address: CODE 000018DF - 000018E7 (0x9 bytes), align: 0
  Segment part 14.            Intra module refs:   ?Subroutine1
                                                   nwk_QfindOldest
           LOCAL                   ADDRESS         
           =====                   =======         
           ?Subroutine2            000018DF 
    -------------------------------------------------------------------------
NEAR_CODE
  Relative segment, address: CODE 000018E8 - 000018F2 (0xb bytes), align: 0
  Segment part 15.            Intra module refs:   nwk_QfindOldest
           LOCAL                   ADDRESS         
           =====                   =======         
           ?Subroutine0            000018E8 
    -------------------------------------------------------------------------
NEAR_CODE
  Relative segment, address: CODE 000018F3 - 00001901 (0xf bytes), align: 0
  Segment part 16.
           ENTRY                   ADDRESS         REF BY
           =====                   =======         ======
           nwk_getQ                000018F3        isDupSandFFrame (nwk_frame)
                                                   nwk_getSandFFrame (nwk_frame)

    *************************************************************************

  FILE NAME : I:\SimpliciTI-IAR-1.1.1\Projects\OpenAccessPoint\IAR\CC1110-Access_Point\Obj\nwk_api.r51
  PROGRAM MODULE, NAME : nwk_api

  SEGMENTS IN THE MODULE
  ======================
XDATA_Z
  Relative segment, address: XDATA 0000F51D - 0000F51D (0x1 bytes), align: 0
  Segment part 7.             Intra module refs:   SMPL_Init
                                                   SMPL_Ioctl
           LOCAL                   ADDRESS         
           =====                   =======         
           sInit_done              0000F51D 
    -------------------------------------------------------------------------
NEAR_CODE
  Relative segment, address: CODE 00001902 - 0000194A (0x49 bytes), align: 0
  Segment part 8.
           ENTRY                   ADDRESS         REF BY
           =====                   =======         ======
           SMPL_Init               00001902        main (main_AP_Async_Listen_autoack)
               calls direct
               XSTACK = 00000000 ( 00000009 )
               ISTACK = 00000000 ( 00000001 )
    -------------------------------------------------------------------------
NEAR_CODE
  Relative segment, address: CODE 0000194B - 000019B9 (0x6f bytes), align: 0
  Segment part 9.
           ENTRY                   ADDRESS         REF BY
           =====                   =======         ======
           SMPL_LinkListen         0000194B        main (main_AP_Async_Listen_autoack)
               calls direct
               XSTACK = 00000000 ( 00000009 )
[...]
                                                   nwk_SendEmptyPollRspFrame (nwk_frame)
                                                   nwk_freqControl (nwk_freq)
                                                   nwk_freqInit (nwk_freq)
                                                   nwk_getLocalLinkID (nwk_link)
                                                   nwk_getSandFFrame (nwk_frame)
                                                   nwk_isSandFClient (nwk_join)
                                                   nwk_nwkInit (nwk)
                                                   nwk_processFreq (nwk_freq)
                                                   nwk_processJoin (nwk_join)
                                                   nwk_processLink (nwk_link)
                                                   nwk_processPing (nwk_ping)
                                                   nwk_scanForChannels (nwk_freq)
                                                   send_poll_reply (nwk_mgmt)
                                                   smpl_send_join_reply (nwk_join)
                                                   smpl_send_link_reply (nwk_link)

    -------------------------------------------------------------------------
  LIBRARY MODULE, NAME : ?INTERRUPT_ENTER_XSP

  SEGMENTS IN THE MODULE
  ======================
RCODE
  Relative segment, address: CODE 00000393 - 000003F1 (0x5f bytes), align: 0
  Segment part 1.
           ENTRY                   ADDRESS         REF BY
           =====                   =======         ======
           ?INTERRUPT_ENTER_XSP    00000393        MRFI_RfIsr (mrfi)

    -------------------------------------------------------------------------
  LIBRARY MODULE, NAME : ?INTERRUPT_LEAVE_XSP

  SEGMENTS IN THE MODULE
  ======================
RCODE
  Relative segment, address: CODE 000003F2 - 00000441 (0x50 bytes), align: 0
  Segment part 1.
           ENTRY                   ADDRESS         REF BY
           =====                   =======         ======
           ?INTERRUPT_LEAVE_XSP    000003F2        MRFI_RfIsr (mrfi)

    -------------------------------------------------------------------------
  LIBRARY MODULE, NAME : ?PUSH_XSTACK_I

  SEGMENTS IN THE MODULE
  ======================
RCODE
  Relative segment, address: CODE 00000442 - 00000445 (0x4 bytes), align: 0
  Segment part 2.
           ENTRY                   ADDRESS         REF BY
           =====                   =======         ======
           ?PUSH_XSTACK_I_TWO      00000442        MRFI_Init (mrfi)
                                                   MRFI_RfIsr (mrfi)
                                                   Mrfi_RxModeOn (mrfi)
                                                   SMPL_Ioctl (nwk_api)
                                                   SMPL_Receive (nwk_api)
                                                   dispatchFrame (nwk_frame)
                                                   handleLinkRequest (nwk_link)
                                                   isDupSandFFrame (nwk_frame)
                                                   main (main_AP_Async_Listen_autoack)
                                                   nwk_QInit (nwk_QMgmt)
                                                   nwk_QfindOldest (nwk_QMgmt)
                                                   nwk_SendEmptyPollRspFrame (nwk_frame)
                                                   nwk_allocateLocalRxPort (nwk)
                                                   nwk_buildFrame (nwk_frame)
                                                   nwk_deviceAddress (nwk_ioctl)
                                                   nwk_findAlreadyJoined (nwk)
                                                   nwk_findPeer (nwk)
                                                   nwk_freqInit (nwk_freq)
                                                   nwk_getAPAddress (nwk_globals)
                                                   nwk_getNumObjectFromMsg (nwk)
                                                   nwk_getSandFFrame (nwk_frame)
                                                   nwk_globalsInit (nwk_globals)
                                                   nwk_isConnectionValid (nwk)
                                                   nwk_isLinkDuplicate (nwk)
                                                   nwk_isSandFClient (nwk_join)
                                                   nwk_isValidReply (nwk)
                                                   nwk_linkInit (nwk_link)
                                                   nwk_mgmtInit (nwk_mgmt)
                                                   nwk_nwkInit (nwk)
                                                   nwk_processFreq (nwk_freq)
                                                   nwk_processMgmt (nwk_mgmt)
                                                   nwk_processPing (nwk_ping)
                                                   nwk_putNumObjectIntoMsg (nwk)
                                                   nwk_radioControl (nwk_ioctl)
                                                   nwk_rawReceive (nwk_ioctl)
                                                   nwk_rawSend (nwk_ioctl)
                                                   nwk_retrieveFrame (nwk_frame)
                                                   nwk_saveJoinedDevice (nwk)
                                                   nwk_scanForChannels (nwk_freq)
                                                   nwk_sendAckReply (nwk_frame)
                                                   nwk_setMyAddress (nwk_globals)
                                                   smpl_send_join_reply (nwk_join)
                                                   smpl_send_link_reply (nwk_link)
    -------------------------------------------------------------------------
RCODE
  Relative segment, address: CODE 00000446 - 00000452 (0xd bytes), align: 0
  Segment part 4.             Intra module refs:   ?PUSH_XSTACK_I_TWO
           ENTRY                   ADDRESS         REF BY
           =====                   =======         ======
           ?PUSH_XSTACK_I          00000446 

    -------------------------------------------------------------------------
  LIBRARY MODULE, NAME : ?PUSH_XSTACK8_X

  SEGMENTS IN THE MODULE
  ======================
RCODE
  Relative segment, address: CODE 00000453 - 00000456 (0x4 bytes), align: 0
  Segment part 3.
           ENTRY                   ADDRESS         REF BY
           =====                   =======         ======
           ?PUSH_XSTACK8_X_TWO     00000453        nwk_rawReceive (nwk_ioctl)
    -------------------------------------------------------------------------
RCODE
  Relative segment, address: CODE 00000457 - 0000047F (0x29 bytes), align: 0
  Segment part 5.             Intra module refs:   ?PUSH_XSTACK8_X_TWO
           ENTRY                   ADDRESS         REF BY
           =====                   =======         ======
           ?PUSH_XSTACK8_X         00000457 

    -------------------------------------------------------------------------
  LIBRARY MODULE, NAME : ?UC_SWITCH_DENSE

  SEGMENTS IN THE MODULE
  ======================
RCODE
  Relative segment, address: CODE 00000480 - 00000485 (0x6 bytes), align: 0
  Segment part 0.
           ENTRY                   ADDRESS         REF BY
           =====                   =======         ======
           ?UC_SWITCH_DENSE        00000480        SMPL_Ioctl (nwk_api)
                                                   handleLinkRequest (nwk_link)
                                                   nwk_getNumObjectFromMsg (nwk)
                                                   nwk_processFreq (nwk_freq)
                                                   nwk_putNumObjectIntoMsg (nwk)
                                                   nwk_radioControl (nwk_ioctl)
    -------------------------------------------------------------------------
RCODE
  Relative segment, address: CODE 00000486 - 000004B4 (0x2f bytes), align: 0
  Segment part 2.             Intra module refs:   ?UC_SWITCH_DENSE
    -------------------------------------------------------------------------
RCODE
  Relative segment, address: CODE 000004B5 - 000004B5 (0x1 bytes), align: 0
  Segment part 4.             Intra module refs:   ?UC_SWITCH_DENSE

    -------------------------------------------------------------------------
  LIBRARY MODULE, NAME : ?UC_SWITCH_SPARSE

  SEGMENTS IN THE MODULE
  ======================
RCODE
  Relative segment, address: CODE 000004B6 - 000004BC (0x7 bytes), align: 0
  Segment part 0.
           ENTRY                   ADDRESS         REF BY
           =====                   =======         ======
           ?UC_SWITCH_SPARSE       000004B6        SMPL_Ioctl (nwk_api)
                                                   nwk_freqControl (nwk_freq)
                                                   nwk_rawSend (nwk_ioctl)
    -------------------------------------------------------------------------
RCODE
  Relative segment, address: CODE 000004BD - 000004DE (0x22 bytes), align: 0
  Segment part 2.             Intra module refs:   ?UC_SWITCH_SPARSE
           ENTRY                   ADDRESS         REF BY
           =====                   =======         ======
           ?UC_SWITCH_SPARSE_LEAVE
                                   000004D3        ?UC_JMP_IF_IN_RANGE (?UC_JMP_IF_IN_RANGE)
                                                   ?UC_JMP_IF_VALUE (?UC_JMP_IF_VALUE)
    -------------------------------------------------------------------------
RCODE
  Relative segment, address: CODE 000004DF - 000004DF (0x1 bytes), align: 0
  Segment part 4.             Intra module refs:   ?UC_SWITCH_SPARSE

    -------------------------------------------------------------------------
  LIBRARY MODULE, NAME : ?UC_JMP_IF_IN_RANGE

  SEGMENTS IN THE MODULE
  ======================
RCODE
  Relative segment, address: CODE 000004E0 - 000004FE (0x1f bytes), align: 0
  Segment part 0.
           ENTRY                   ADDRESS         REF BY
           =====                   =======         ======
           ?UC_JMP_IF_IN_RANGE     000004E0        ?UC_SWITCH_SPARSE_LEAVE (?UC_SWITCH_SPARSE)

    -------------------------------------------------------------------------
  LIBRARY MODULE, NAME : ?UC_JMP_IF_VALUE

  SEGMENTS IN THE MODULE
  ======================
RCODE
  Relative segment, address: CODE 000004FF - 00000514 (0x16 bytes), align: 0
  Segment part 0.
           ENTRY                   ADDRESS         REF BY
           =====                   =======         ======
           ?UC_JMP_IF_VALUE        000004FF        ?UC_SWITCH_SPARSE_LEAVE (?UC_SWITCH_SPARSE)

    -------------------------------------------------------------------------
  LIBRARY MODULE, NAME : ?memcmp

  SEGMENTS IN THE MODULE
  ======================
NEAR_CODE
  Relative segment, address: CODE 0000346B - 000034C3 (0x59 bytes), align: 0
  Segment part 6.
           ENTRY                   ADDRESS         REF BY
           =====                   =======         ======
           memcmp                  0000346B        ?Subroutine0 (nwk_QMgmt)
                                                   Segment part 21 (nwk)
                                                   Segment part 50 (nwk_frame)
                                                   dispatchFrame (nwk_frame)
                                                   nwk_findPeer (nwk)
                                                   nwk_getAPAddress (nwk_globals)
                                                   nwk_isSandFClient (nwk_join)
                                                   nwk_isValidReply (nwk)
                                                   nwk_processMgmt (nwk_mgmt)
                                                   nwk_scanForChannels (nwk_freq)
               XSTACK = 00000002 ( 00000008 )

    -------------------------------------------------------------------------
  LIBRARY MODULE, NAME : ?memcpy

  SEGMENTS IN THE MODULE
  ======================
NEAR_CODE
  Relative segment, address: CODE 000034C4 - 0000350B (0x48 bytes), align: 0
  Segment part 6.
           ENTRY                   ADDRESS         REF BY
           =====                   =======         ======
           memcpy                  000034C4        ?Subroutine12 (nwk_frame)
                                                   SMPL_Ioctl (nwk_api)
                                                   Segment part 36 (nwk_frame)
                                                   Segment part 39 (nwk_link)
                                                   nwk_deviceAddress (nwk_ioctl)
                                                   nwk_globalsInit (nwk_globals)
                                                   nwk_nwkInit (nwk)
                                                   nwk_processFreq (nwk_freq)
                                                   nwk_processPing (nwk_ping)
                                                   nwk_radioControl (nwk_ioctl)
                                                   nwk_rawSend (nwk_ioctl)
                                                   nwk_saveJoinedDevice (nwk)
                                                   nwk_setMyAddress (nwk_globals)
                                                   smpl_send_join_reply (nwk_join)
               XSTACK = 00000002 ( 00000009 )
               ISTACK = 00000000 ( 00000001 )

    -------------------------------------------------------------------------
  LIBRARY MODULE, NAME : ?memmove

  SEGMENTS IN THE MODULE
  ======================
NEAR_CODE
  Relative segment, address: CODE 0000350C - 00003599 (0x8e bytes), align: 0
  Segment part 6.
           ENTRY                   ADDRESS         REF BY
           =====                   =======         ======
           memmove                 0000350C        MRFI_RfIsr (mrfi)
                                                   nwk_getNumObjectFromMsg (nwk)
                                                   nwk_putNumObjectIntoMsg (nwk)
               XSTACK = 00000002 ( 00000009 )
               ISTACK = 00000000 ( 00000001 )
    -------------------------------------------------------------------------
NEAR_CODE
  Relative segment, address: CODE 0000359A - 000035AA (0x11 bytes), align: 0
  Segment part 7.             Intra module refs:   memmove

    -------------------------------------------------------------------------
  LIBRARY MODULE, NAME : ?memset

  SEGMENTS IN THE MODULE
  ======================
NEAR_CODE
  Relative segment, address: CODE 000035AB - 000035D9 (0x2f bytes), align: 0
  Segment part 6.
           ENTRY                   ADDRESS         REF BY
           =====                   =======         ======
           memset                  000035AB        ?Subroutine4 (mrfi)
                                                   main (main_AP_Async_Listen_autoack)
                                                   nwk_QInit (nwk_QMgmt)
                                                   nwk_allocateLocalRxPort (nwk)
                                                   nwk_freqInit (nwk_freq)
                                                   nwk_getAPAddress (nwk_globals)
                                                   nwk_globalsInit (nwk_globals)
                                                   nwk_linkInit (nwk_link)
                                                   nwk_mgmtInit (nwk_mgmt)
                                                   nwk_nwkInit (nwk)
               XSTACK = 00000002 ( 00000008 )
               ISTACK = 00000000 ( 00000001 )

    -------------------------------------------------------------------------
  LIBRARY MODULE, NAME : ?low_level_init

  SEGMENTS IN THE MODULE
  ======================
CSTART
  Relative segment, address: CODE 000000E2 - 000000E4 (0x3 bytes), align: 0
  Segment part 6. ROOT.
           ENTRY                   ADDRESS         REF BY
           =====                   =======         ======
           __low_level_init        000000E2        __low_level_init_call (?cmain)




                ****************************************
                *                                      *
                *      SEGMENTS IN ADDRESS ORDER       *
                *                                      *
                ****************************************


SEGMENT              SPACE    START ADDRESS   END ADDRESS     SIZE  TYPE  ALIGN
=======              =====    =============   ===========     ====  ====  =====
INTVEC               CODE          00000000 - 00000085          86   com    0
CSTART               CODE          00000086 - 000000E4          5F   rel    0
BIT_ID               CODE               000000E5                     dse    0
DATA_ID              CODE               000000E5                     dse    0
PDATA_ID             CODE               000000E5                     dse    0
IXDATA_ID            CODE               000000E5                     dse    0
BDATA_ID             CODE               000000E5                     dse    0
IDATA_ID             CODE               000000E5                     dse    0
XDATA_ID             CODE          000000E5 - 00000199          B5   rel    0
RCODE                CODE          0000019A - 00000514         37B   rel    0
DIFUNCT              CODE               00000515                     dse    0
CODE_N               CODE               00000515                     dse    0
CODE_C               CODE               00000515                     dse    0
NEAR_CODE            CODE          00000515 - 000035D9        30C5   rel    0
REGISTERS            DATA          00000000 - 00000007           8   rel    0
VREG                 DATA          00000008 - 0000000F           8   rel    0
PSP                  DATA               00000010                     dse    0
XSP                  DATA          00000010 - 00000011           2   rel    0
BREG                 BIT        00000020.0  -  00000020.7        8   rel    0
SFR_AN               DATA          00000090 - 00000091           2   rel    0
                     DATA          0000009A - 0000009B           2 
                     DATA          000000A8 - 000000A8           1 
                     DATA          000000B4 - 000000B4           1 
                     DATA          000000BC - 000000BC           1 
                     DATA          000000BE - 000000BE           1 
                     DATA          000000C6 - 000000C6           1 
                     DATA          000000CB - 000000CB           1 
                     DATA          000000CD - 000000CD           1 
                     DATA          000000D1 - 000000D1           1 
                     DATA          000000D4 - 000000D6           3 
                     DATA          000000D8 - 000000D8           1 
                     DATA          000000E1 - 000000E1           1 
                     DATA          000000E9 - 000000E9           1 
                     DATA          000000FE - 000000FE           1 
XSTACK               XDATA         0000F000 - 0000F3FE         3FF   rel    0
XDATA_Z              XDATA         0000F3FF - 0000F54D         14F   rel    0
XDATA_I              XDATA         0000F54E - 0000F602          B5   rel    0
ISTACK               IDATA         00000040 - 000000FF          C0   rel    0

                ****************************************
                *                                      *
                *        END OF CROSS REFERENCE        *
                *                                      *
                ****************************************

 13 786 bytes of CODE  memory
     18 bytes of DATA  memory (+ 19 absolute )
  1 539 bytes of XDATA memory
    192 bytes of IDATA memory
      8 bits  of BIT   memory

Errors: none
Warnings: none

