################################################################################
#                                                                              #
#      IAR Universal Linker V4.61T/W32                                         #
#                                                                              #
#           Link time     =  14/Oct/2010  23:53:13                             #
#           Target CPU    =  x51                                               #
#           List file     =  I:\SimpliciTI-IAR-1.1.1\Projects\OpenAccessPoint\ #
#                            IAR\CC1110-Access_Point\List\Ap_as_Data_Hub.map   #
#           Output file 1 =  I:\SimpliciTI-IAR-1.1.1\Projects\OpenAccessPoint\ #
#                            IAR\CC1110-Access_Point\Exe\Ap_as_Data_Hub.d51    #
#                            Format: debug                                     #
#                            UBROF version 10.0.3                              #
#                            Using library modules for C-SPY (-rt)             #
#           Command line  =  "-IC:\Archivos de programa\IAR Systems\Embedded W #
#                            orkbench 5.4\8051\CONFIG\"                        #
#                            -D_NR_OF_BANKS=0 -D_CODEBANK_END=0                #
#                            -D_CODEBANK_START=0                               #
#                            I:\SimpliciTI-IAR-1.1.1\Projects\OpenAccessPoint\ #
#                            IAR\CC1110-Access_Point\Obj\bsp.r51               #
#                            I:\SimpliciTI-IAR-1.1.1\Projects\OpenAccessPoint\ #
#                            IAR\CC1110-Access_Point\Obj\main_AP_Async_Listen_ #
#                            autoack.r51                                       #
#                            I:\SimpliciTI-IAR-1.1.1\Projects\OpenAccessPoint\ #
#                            IAR\CC1110-Access_Point\Obj\mrfi.r51              #
#                            I:\SimpliciTI-IAR-1.1.1\Projects\OpenAccessPoint\ #
#                            IAR\CC1110-Access_Point\Obj\nwk.r51               #
#                            I:\SimpliciTI-IAR-1.1.1\Projects\OpenAccessPoint\ #
#                            IAR\CC1110-Access_Point\Obj\nwk_QMgmt.r51         #
#                            I:\SimpliciTI-IAR-1.1.1\Projects\OpenAccessPoint\ #
#                            IAR\CC1110-Access_Point\Obj\nwk_api.r51           #
#                            I:\SimpliciTI-IAR-1.1.1\Projects\OpenAccessPoint\ #
#                            IAR\CC1110-Access_Point\Obj\nwk_frame.r51         #
#                            I:\SimpliciTI-IAR-1.1.1\Projects\OpenAccessPoint\ #
#                            IAR\CC1110-Access_Point\Obj\nwk_freq.r51          #
#                            I:\SimpliciTI-IAR-1.1.1\Projects\OpenAccessPoint\ #
#                            IAR\CC1110-Access_Point\Obj\nwk_globals.r51       #
#                            I:\SimpliciTI-IAR-1.1.1\Projects\OpenAccessPoint\ #
#                            IAR\CC1110-Access_Point\Obj\nwk_ioctl.r51         #
#                            I:\SimpliciTI-IAR-1.1.1\Projects\OpenAccessPoint\ #
#                            IAR\CC1110-Access_Point\Obj\nwk_join.r51          #
#                            I:\SimpliciTI-IAR-1.1.1\Projects\OpenAccessPoint\ #
#                            IAR\CC1110-Access_Point\Obj\nwk_link.r51          #
#                            I:\SimpliciTI-IAR-1.1.1\Projects\OpenAccessPoint\ #
#                            IAR\CC1110-Access_Point\Obj\nwk_mgmt.r51          #
#                            I:\SimpliciTI-IAR-1.1.1\Projects\OpenAccessPoint\ #
#                            IAR\CC1110-Access_Point\Obj\nwk_ping.r51          #
#                            I:\SimpliciTI-IAR-1.1.1\Projects\OpenAccessPoint\ #
#                            IAR\CC1110-Access_Point\Obj\nwk_security.r51      #
#                            I:\SimpliciTI-IAR-1.1.1\Projects\OpenAccessPoint\ #
#                            IAR\CC1110-Access_Point\Obj\rfsimpliciti.r51      #
#                            -o                                                #
#                            I:\SimpliciTI-IAR-1.1.1\Projects\OpenAccessPoint\ #
#                            IAR\CC1110-Access_Point\Exe\Ap_as_Data_Hub.d51    #
#                            -l                                                #
#                            I:\SimpliciTI-IAR-1.1.1\Projects\OpenAccessPoint\ #
#                            IAR\CC1110-Access_Point\List\Ap_as_Data_Hub.map   #
#                            -xms                                              #
#                            "-IC:\Archivos de programa\IAR Systems\Embedded W #
#                            orkbench 5.4\8051\LIB\"                           #
#                            -f                                                #
#                            "C:\Archivos de programa\IAR Systems\Embedded Wor #
#                            kbench 5.4\8051\config\lnk51ew_cc1110.xcl"        #
#                            (-D_IDATA0_START=0x00 -D_IDATA0_END=0xFF          #
#                            -D_PDATA0_START=0xF000 -D_PDATA0_END=0xF0FF       #
#                            -D_IXDATA0_START=0x00F000                         #
#                            -D_IXDATA0_END=0x00FDA1                           #
#                            -D_XDATA0_START=0x00F000 -D_XDATA0_END=0x00FDA1   #
#                            -D_CODE0_START=0x000000 -D_CODE0_END=0x007FFF     #
#                            -D?REGISTER_BANK=0x0 -D_REGISTER_BANK_START=0x0   #
#                            -D?PBANK_NUMBER=0xF0 -D_BREG_START=0x00           #
#                            -D?VB=0x20 -D?ESP=0x9B -Z(BIT)BREG=_BREG_START    #
#                            -Z(BIT)BIT_N=0-7F                                 #
#                            -Z(DATA)REGISTERS+8=_REGISTER_BANK_START          #
#                            -Z(DATA)BDATA_Z,BDATA_N,BDATA_I=20-2F             #
#                            -Z(DATA)VREG+_NR_OF_VIRTUAL_REGISTERS=08-7F       #
#                            -Z(DATA)PSP,XSP=08-7F -Z(DATA)DOVERLAY=08-7F      #
#                            -Z(DATA)DATA_I,DATA_Z,DATA_N=08-7F                #
#                            -U(IDATA)0-7F=(DATA)0-7F                          #
#                            -Z(IDATA)IDATA_I,IDATA_Z,IDATA_N=08-_IDATA0_END   #
#                            -Z(IDATA)ISTACK+_IDATA_STACK_SIZE#08-_IDATA0_END  #
#                            -Z(IDATA)IOVERLAY=08-FF -Z(CODE)INTVEC=0          #
#                            -Z(CODE)CSTART=_CODE0_START-_CODE0_END            #
#                            -Z(CODE)BIT_ID,BDATA_ID,DATA_ID,IDATA_ID,IXDATA_I #
#                            D,PDATA_ID,XDATA_ID=_CODE0_START-_CODE0_END       #
#                            -Z(CODE)RCODE,DIFUNCT,CODE_C,CODE_N,NEAR_CODE=_CO #
#                            DE0_START-_CODE0_END                              #
#                            -Z(CODE)CHECKSUM#_CODE0_END                       #
#                            -Z(XDATA)EXT_STACK+_EXTENDED_STACK_SIZE=_EXTENDED #
#                            _STACK_START                                      #
#                            -Z(XDATA)PSTACK+_PDATA_STACK_SIZE=_PDATA0_START-_ #
#                            PDATA0_END                                        #
#                            -Z(XDATA)XSTACK+_XDATA_STACK_SIZE=_XDATA0_START-_ #
#                            XDATA0_END                                        #
#                            -Z(XDATA)PDATA_Z,PDATA_I=_PDATA0_START-_PDATA0_EN #
#                            D                                                 #
#                            -P(XDATA)PDATA_N=_PDATA0_START-_PDATA0_END        #
#                            -Z(XDATA)IXDATA_Z,IXDATA_I=_IXDATA0_START-_IXDATA #
#                            0_END                                             #
#                            -P(XDATA)IXDATA_N=_IXDATA0_START-_IXDATA0_END     #
#                            -Z(XDATA)XDATA_Z,XDATA_I=_XDATA0_START-_XDATA0_EN #
#                            D                                                 #
#                            -P(XDATA)XDATA_N=_XDATA0_START-_XDATA0_END        #
#                            -Z(XDATA)XDATA_HEAP+_XDATA_HEAP_SIZE=_XDATA0_STAR #
#                            T-_XDATA0_END                                     #
#                            -Z(CONST)XDATA_ROM_C=_XDATA0_START-_XDATA0_END    #
#                            -cx51 -Z(XDATA)XDATA_SCRATCH=0xFDA2-0xFEFF)       #
#                            -D_NR_OF_VIRTUAL_REGISTERS=8 -D?PBANK=0xA0 -rt    #
#                            -s __program_start                                #
#                            "C:\Archivos de programa\IAR Systems\Embedded Wor #
#                            kbench 5.4\8051\LIB\CLIB\cl-pli-nlxd-1e16x01.r51" #
#                            -D_IDATA_STACK_SIZE=0xC0                          #
#                            -D_EXTENDED_STACK_START=0x00                      #
#                            -D_EXTENDED_STACK_SIZE=0x00                       #
#                            -D_PDATA_STACK_SIZE=0x80                          #
#                            -D_XDATA_STACK_SIZE=0x3FF                         #
#                            -D_XDATA_HEAP_SIZE=0xFF -D_FAR_HEAP_SIZE=0xFFF    #
#                            -D_HUGE_HEAP_SIZE=0xFFF                           #
#                            -D_FAR22_HEAP_SIZE=0xFFF                          #
#                                                                              #
#                           Copyright (C) 1987-2010 IAR Systems AB.            #
################################################################################





                ****************************************
                *                                      *
                *           CROSS REFERENCE            *
                *                                      *
                ****************************************

       Program entry at : CODE      000000D3  Relocatable, from module : CSTARTUP




                ****************************************
                *                                      *
                *            RUNTIME MODEL             *
                *                                      *
                ****************************************

  __calling_convention     = xdata_reentrant
  __code_model             = near
  __core                   = plain
  __data_model             = large
  __dptr_size              = 16
  __extended_stack         = disabled
  __location_for_constants = data
  __number_of_dptrs        = 1
  __rt_version             = 1



                ****************************************
                *                                      *
                *              MODULE MAP              *
                *                                      *
                ****************************************


  DEFINED ABSOLUTE ENTRIES
    *************************************************************************

  DEFINED ABSOLUTE ENTRIES
  PROGRAM MODULE, NAME : ?ABS_ENTRY_MOD

Absolute parts
           ENTRY                   ADDRESS         REF BY
           =====                   =======         ======
           _FAR22_HEAP_SIZE        00000FFF 
           _HUGE_HEAP_SIZE         00000FFF 
           _FAR_HEAP_SIZE          00000FFF 
           _XDATA_HEAP_SIZE        000000FF 
           _XDATA_STACK_SIZE       000003FF 
           _PDATA_STACK_SIZE       00000080 
           _EXTENDED_STACK_SIZE    00000000 
           _EXTENDED_STACK_START   00000000 
           _IDATA_STACK_SIZE       000000C0 
           ?PBANK                  000000A0 
           _NR_OF_VIRTUAL_REGISTERS
                                   00000008 
           ?ESP                    0000009B 
           ?VB                     00000020        ?FUNC_ENTER_XDATA (?FUNC_ENTER_XDATA)
                                                   ?FUNC_LEAVE_XDATA (?FUNC_LEAVE_XDATA)
                                                   ?INTERRUPT_ENTER_XSP (?INTERRUPT_ENTER_XSP)
                                                   ?INTERRUPT_LEAVE_XSP (?INTERRUPT_LEAVE_XSP)
           _BREG_START             00000000 
           ?PBANK_NUMBER           000000F0 
           _REGISTER_BANK_START    00000000 
           ?REGISTER_BANK          00000000        Segment part 6 (CSTARTUP)
           _CODE0_END              00007FFF 
           _CODE0_START            00000000 
           _XDATA0_END             0000FDA1 
           _XDATA0_START           0000F000 
           _IXDATA0_END            0000FDA1 
           _IXDATA0_START          0000F000 
           _PDATA0_END             0000F0FF 
           _PDATA0_START           0000F000 
           _IDATA0_END             000000FF 
           _IDATA0_START           00000000 
           _CODEBANK_START         00000000 
           _CODEBANK_END           00000000 
           _NR_OF_BANKS            00000000 
    *************************************************************************

  FILE NAME : I:\SimpliciTI-IAR-1.1.1\Projects\OpenAccessPoint\IAR\CC1110-Access_Point\Obj\bsp.r51
  PROGRAM MODULE, NAME : bsp

  SEGMENTS IN THE MODULE
  ======================
SFR_AN
  Relative segment, address: DATA 00000090 - 00000090 (0x1 bytes), align: 0
  Segment part 1. ROOT.       Intra module refs:   BSP_InitLeds
                                                   main (main_AP_Async_Listen_autoack)
                                                   toggleLED (main_AP_Async_Listen_autoack)
           ENTRY                   ADDRESS         REF BY
           =====                   =======         ======
           _A_P1                   00000090 
    -------------------------------------------------------------------------
SFR_AN
  Relative segment, address: DATA 000000A8 - 000000A8 (0x1 bytes), align: 0
  Segment part 2. ROOT.       Intra module refs:   BSP_Init
                                                   MRFI_Init (mrfi)
                                                   MRFI_ReplyDelay (mrfi)
                                                   MRFI_RfIsr (mrfi)
                                                   MRFI_RxIdle (mrfi)
                                                   MRFI_RxOn (mrfi)
                                                   MRFI_SetLogicalChannel (mrfi)
                                                   MRFI_Sleep (mrfi)
                                                   MRFI_Transmit (mrfi)
                                                   MRFI_WakeUp (mrfi)
                                                   Mrfi_DelayUsec (mrfi)
                                                   SMPL_SendOpt (nwk_api)
                                                   main (main_AP_Async_Listen_autoack)
                                                   nwk_QadjustOrder (nwk_QMgmt)
                                                   nwk_QfindOldest (nwk_QMgmt)
                                                   nwk_getLocalLinkID (nwk_link)
           ENTRY                   ADDRESS         REF BY
           =====                   =======         ======
           _A_IEN0                 000000A8 
    -------------------------------------------------------------------------
SFR_AN
  Relative segment, address: DATA 000000CB - 000000CB (0x1 bytes), align: 0
  Segment part 3. ROOT.       Intra module refs:   BSP_Delay
           ENTRY                   ADDRESS         REF BY
           =====                   =======         ======
           T3CTL                   000000CB 
    -------------------------------------------------------------------------
SFR_AN
  Relative segment, address: DATA 000000CD - 000000CD (0x1 bytes), align: 0
  Segment part 4. ROOT.       Intra module refs:   BSP_Delay
           ENTRY                   ADDRESS         REF BY
           =====                   =======         ======
           T3CC0                   000000CD 
    -------------------------------------------------------------------------
SFR_AN
  Relative segment, address: DATA 000000D8 - 000000D8 (0x1 bytes), align: 0
  Segment part 5. ROOT.       Intra module refs:   BSP_Delay
           ENTRY                   ADDRESS         REF BY
           =====                   =======         ======
           _A_TIMIF                000000D8 
    -------------------------------------------------------------------------
SFR_AN
  Relative segment, address: DATA 000000FE - 000000FE (0x1 bytes), align: 0
  Segment part 6. ROOT.       Intra module refs:   BSP_InitLeds
           ENTRY                   ADDRESS         REF BY
           =====                   =======         ======
           P1DIR                   000000FE 
    -------------------------------------------------------------------------
NEAR_CODE
  Relative segment, address: CODE 00000481 - 000004AF (0x2f bytes), align: 0
  Segment part 12.
           ENTRY                   ADDRESS         REF BY
           =====                   =======         ======
           BSP_Init                00000481        main (main_AP_Async_Listen_autoack)
               calls direct
               XSTACK = 00000000 ( 00000002 )
               ISTACK = 00000000 ( 00000002 )
    -------------------------------------------------------------------------
NEAR_CODE
  Relative segment, address: CODE 000004B0 - 000004D3 (0x24 bytes), align: 0
  Segment part 14.
           ENTRY                   ADDRESS         REF BY
           =====                   =======         ======
           BSP_Delay               000004B0        MRFI_ReplyDelay (mrfi)
                                                   Mrfi_DelayUsec (mrfi)
    -------------------------------------------------------------------------
NEAR_CODE
  Relative segment, address: CODE 000004D4 - 000004DE (0xb bytes), align: 0
  Segment part 16.            Intra module refs:   BSP_Init
           ENTRY                   ADDRESS         REF BY
           =====                   =======         ======
           BSP_InitLeds            000004D4 
               XSTACK = 00000002 ( 00000000 )

    *************************************************************************

  FILE NAME : I:\SimpliciTI-IAR-1.1.1\Projects\OpenAccessPoint\IAR\CC1110-Access_Point\Obj\main_AP_Async_Listen_autoack.r51
  PROGRAM MODULE, NAME : main_AP_Async_Listen_autoack

  SEGMENTS IN THE MODULE
  ======================
XDATA_Z
  Relative segment, address: XDATA 0000F3FF - 0000F406 (0x8 bytes), align: 0
  Segment part 8.             Intra module refs:   main
           LOCAL                   ADDRESS         
           =====                   =======         
           sLID                    0000F3FF 
    -------------------------------------------------------------------------
XDATA_Z
  Relative segment, address: XDATA 0000F407 - 0000F407 (0x1 bytes), align: 0
  Segment part 9.             Intra module refs:   main
           LOCAL                   ADDRESS         
           =====                   =======         
           sNumCurrentPeers        0000F407 
    -------------------------------------------------------------------------
XDATA_Z
  Relative segment, address: XDATA 0000F408 - 0000F408 (0x1 bytes), align: 0
  Segment part 10.            Intra module refs:   main
                                                   sCB
           LOCAL                   ADDRESS         
           =====                   =======         
           sPeerFrameSem           0000F408 
    -------------------------------------------------------------------------
XDATA_Z
  Relative segment, address: XDATA 0000F409 - 0000F409 (0x1 bytes), align: 0
  Segment part 11.            Intra module refs:   main
                                                   sCB
           LOCAL                   ADDRESS         
           =====                   =======         
           sJoinSem                0000F409 
    -------------------------------------------------------------------------
XDATA_Z
  Relative segment, address: XDATA 0000F40A - 0000F40A (0x1 bytes), align: 0
  Segment part 12.            Intra module refs:   main
                                                   sCB
           LOCAL                   ADDRESS         
           =====                   =======         
           sBlinky                 0000F40A 
    -------------------------------------------------------------------------
NEAR_CODE
  Relative segment, address: CODE 000004DF - 00000622 (0x144 bytes), align: 0
  Segment part 13.
           ENTRY                   ADDRESS         REF BY
           =====                   =======         ======
           main                    000004DF        ?call_main (?cmain)
               calls direct
               XSTACK = 00000000 ( 00000023 )
               ISTACK = 00000000 ( 00000001 )
    -------------------------------------------------------------------------
NEAR_CODE
  Relative segment, address: CODE 00000623 - 0000062B (0x9 bytes), align: 0
  Segment part 14.            Intra module refs:   main
           LOCAL                   ADDRESS         
           =====                   =======         
           ?Subroutine0            00000623 
    -------------------------------------------------------------------------
NEAR_CODE
  Relative segment, address: CODE 0000062C - 00000641 (0x16 bytes), align: 0
  Segment part 15.            Intra module refs:   main
           ENTRY                   ADDRESS         REF BY
           =====                   =======         ======
           toggleLED               0000062C 
               XSTACK = 00000021 ( 00000000 )
    -------------------------------------------------------------------------
NEAR_CODE
  Relative segment, address: CODE 00000642 - 00000661 (0x20 bytes), align: 0
  Segment part 16.            Intra module refs:   main
           LOCAL                   ADDRESS         
           =====                   =======         
           sCB                     00000642 
               is indirectly called
               ISTACK = 00000000 ( 00000002 )

    *************************************************************************

  FILE NAME : I:\SimpliciTI-IAR-1.1.1\Projects\OpenAccessPoint\IAR\CC1110-Access_Point\Obj\mrfi.r51
  PROGRAM MODULE, NAME : mrfi

  SEGMENTS IN THE MODULE
  ======================
SFR_AN
  Relative segment, address: DATA 00000091 - 00000091 (0x1 bytes), align: 0
  Segment part 1. ROOT.       Intra module refs:   Mrfi_RxModeOff
                                                   Mrfi_RxModeOn
           ENTRY                   ADDRESS         REF BY
           =====                   =======         ======
           RFIM                    00000091 
    -------------------------------------------------------------------------
SFR_AN
  Relative segment, address: DATA 0000009A - 0000009A (0x1 bytes), align: 0
  Segment part 2. ROOT.       Intra module refs:   MRFI_Init
           ENTRY                   ADDRESS         REF BY
           =====                   =======         ======
           IEN2                    0000009A 
    -------------------------------------------------------------------------
SFR_AN
  Relative segment, address: DATA 0000009B - 0000009B (0x1 bytes), align: 0
  Segment part 3. ROOT.       Intra module refs:   MRFI_RfIsr
                                                   Mrfi_RxModeOff
                                                   Mrfi_RxModeOn
           ENTRY                   ADDRESS         REF BY
           =====                   =======         ======
           S1CON                   0000009B 
    -------------------------------------------------------------------------
SFR_AN
  Relative segment, address: DATA 000000B4 - 000000B4 (0x1 bytes), align: 0
  Segment part 5. ROOT.       Intra module refs:   MRFI_RandomByte
           ENTRY                   ADDRESS         REF BY
           =====                   =======         ======
           ADCCON1                 000000B4 
    -------------------------------------------------------------------------
SFR_AN
  Relative segment, address: DATA 000000BC - 000000BC (0x1 bytes), align: 0
  Segment part 6. ROOT.       Intra module refs:   MRFI_Init
                                                   MRFI_RandomByte
           ENTRY                   ADDRESS         REF BY
           =====                   =======         ======
           RNDL                    000000BC 
    -------------------------------------------------------------------------
SFR_AN
  Relative segment, address: DATA 000000BE - 000000BE (0x1 bytes), align: 0
  Segment part 7. ROOT.       Intra module refs:   MRFI_Init
           ENTRY                   ADDRESS         REF BY
           =====                   =======         ======
           SLEEP                   000000BE 
    -------------------------------------------------------------------------
SFR_AN
  Relative segment, address: DATA 000000C6 - 000000C6 (0x1 bytes), align: 0
  Segment part 8. ROOT.       Intra module refs:   MRFI_Init
                                                   MRFI_WakeUp
           ENTRY                   ADDRESS         REF BY
           =====                   =======         ======
           CLKCON                  000000C6 
    -------------------------------------------------------------------------
SFR_AN
  Relative segment, address: DATA 000000D1 - 000000D1 (0x1 bytes), align: 0
  Segment part 9. ROOT.       Intra module refs:   Mrfi_RxModeOff
           ENTRY                   ADDRESS         REF BY
           =====                   =======         ======
           DMAIRQ                  000000D1 
    -------------------------------------------------------------------------
SFR_AN
  Relative segment, address: DATA 000000D4 - 000000D4 (0x1 bytes), align: 0
  Segment part 10. ROOT.      Intra module refs:   MRFI_Init
           ENTRY                   ADDRESS         REF BY
           =====                   =======         ======
           DMA0CFGL                000000D4 
    -------------------------------------------------------------------------
SFR_AN
  Relative segment, address: DATA 000000D5 - 000000D5 (0x1 bytes), align: 0
  Segment part 11. ROOT.      Intra module refs:   MRFI_Init
           ENTRY                   ADDRESS         REF BY
           =====                   =======         ======
           DMA0CFGH                000000D5 
    -------------------------------------------------------------------------
SFR_AN
  Relative segment, address: DATA 000000D6 - 000000D6 (0x1 bytes), align: 0
  Segment part 12. ROOT.      Intra module refs:   MRFI_RfIsr
                                                   MRFI_Transmit
                                                   Mrfi_RxModeOff
                                                   Mrfi_RxModeOn
           ENTRY                   ADDRESS         REF BY
           =====                   =======         ======
           DMAARM                  000000D6 
    -------------------------------------------------------------------------
SFR_AN
  Relative segment, address: DATA 000000E1 - 000000E1 (0x1 bytes), align: 0
  Segment part 13. ROOT.      Intra module refs:   MRFI_Init
                                                   MRFI_Transmit
                                                   MRFI_WakeUp
                                                   Mrfi_RxModeOff
                                                   Mrfi_RxModeOn
           ENTRY                   ADDRESS         REF BY
           =====                   =======         ======
           RFST                    000000E1 
    -------------------------------------------------------------------------
SFR_AN
  Relative segment, address: DATA 000000E9 - 000000E9 (0x1 bytes), align: 0
  Segment part 14. ROOT.      Intra module refs:   MRFI_RfIsr
                                                   MRFI_Transmit
                                                   Mrfi_RxModeOff
                                                   Mrfi_RxModeOn
           ENTRY                   ADDRESS         REF BY
           =====                   =======         ======
           RFIF                    000000E9 
    -------------------------------------------------------------------------
XDATA_Z
  Relative segment, address: XDATA 0000F40B - 0000F40B (0x1 bytes), align: 0
  Segment part 21.            Intra module refs:   MRFI_GetRadioState
                                                   MRFI_Init
                                                   MRFI_RfIsr
                                                   MRFI_RxIdle
                                                   MRFI_RxOn
                                                   MRFI_SetLogicalChannel
                                                   MRFI_Sleep
                                                   MRFI_Transmit
                                                   MRFI_WakeUp
           LOCAL                   ADDRESS         
           =====                   =======         
           mrfiRadioState          0000F40B 
    -------------------------------------------------------------------------
XDATA_Z
  Relative segment, address: XDATA 0000F40C - 0000F439 (0x2e bytes), align: 0
  Segment part 22.            Intra module refs:   ?Subroutine4
                                                   MRFI_Receive
                                                   MRFI_RfIsr
                                                   Mrfi_RxModeOn
           LOCAL                   ADDRESS         
           =====                   =======         
           mrfiIncomingPacket      0000F40C 
    -------------------------------------------------------------------------
XDATA_Z
  Relative segment, address: XDATA 0000F43A - 0000F43A (0x1 bytes), align: 0
  Segment part 23.            Intra module refs:   MRFI_PostKillSem
                                                   MRFI_ReplyDelay
           LOCAL                   ADDRESS         
           =====                   =======         
           sKillSem                0000F43A 
    -------------------------------------------------------------------------
XDATA_Z
  Relative segment, address: XDATA 0000F43B - 0000F43B (0x1 bytes), align: 0
  Segment part 24.            Intra module refs:   MRFI_PostKillSem
                                                   MRFI_ReplyDelay
           LOCAL                   ADDRESS         
           =====                   =======         
           sReplyDelayContext      0000F43B 
    -------------------------------------------------------------------------
XDATA_Z
  Relative segment, address: XDATA 0000F43C - 0000F43D (0x2 bytes), align: 0
  Segment part 25.            Intra module refs:   MRFI_Init
                                                   MRFI_ReplyDelay
           LOCAL                   ADDRESS         
           =====                   =======         
           sReplyDelayScalar       0000F43C 
    -------------------------------------------------------------------------
XDATA_Z
  Relative segment, address: XDATA 0000F43E - 0000F43F (0x2 bytes), align: 0
  Segment part 26.            Intra module refs:   MRFI_Init
                                                   MRFI_Transmit
           LOCAL                   ADDRESS         
           =====                   =======         
           sBackoffHelper          0000F43E 
    -------------------------------------------------------------------------
XDATA_Z
  Relative segment, address: XDATA 0000F440 - 0000F447 (0x8 bytes), align: 0
  Segment part 27.            Intra module refs:   ?Subroutine6
                                                   MRFI_Init
                                                   MRFI_Transmit
                                                   Mrfi_RxModeOn
           ENTRY                   ADDRESS         REF BY
           =====                   =======         ======
           mrfiDmaCfg              0000F440 
    -------------------------------------------------------------------------
NEAR_CODE
  Relative segment, address: CODE 00000662 - 000007CD (0x16c bytes), align: 0
  Segment part 37.
           ENTRY                   ADDRESS         REF BY
           =====                   =======         ======
           MRFI_Init               00000662        SMPL_Init (nwk_api)
               calls direct
               XSTACK = 00000000 ( 0000000B )
    -------------------------------------------------------------------------
NEAR_CODE
  Relative segment, address: CODE 000007CE - 00000894 (0xc7 bytes), align: 0
  Segment part 38.
           ENTRY                   ADDRESS         REF BY
           =====                   =======         ======
           MRFI_Transmit           000007CE        ?Subroutine4 (nwk_frame)
                                                   nwk_sendFrame (nwk_frame)
               calls direct
               XSTACK = 00000000 ( 0000000A )
    -------------------------------------------------------------------------
NEAR_CODE
  Relative segment, address: CODE 00000895 - 00000899 (0x5 bytes), align: 0
  Segment part 39.            Intra module refs:   MRFI_ReplyDelay
                                                   MRFI_Transmit
           LOCAL                   ADDRESS         
           =====                   =======         
           ?Subroutine1            00000895 
    -------------------------------------------------------------------------
NEAR_CODE
  Relative segment, address: CODE 0000089A - 000008AC (0x13 bytes), align: 0
  Segment part 40.
           ENTRY                   ADDRESS         REF BY
           =====                   =======         ======
           MRFI_Receive            0000089A        MRFI_RxCompleteISR (nwk_frame)
               ISTACK = 00000000 ( 00000002 )
    -------------------------------------------------------------------------
NEAR_CODE
  Relative segment, address: CODE 000008AD - 00000976 (0xca bytes), align: 0
  Segment part 41.            Intra module refs:   MRFI_RfIsr::??INTVEC 131
           ENTRY                   ADDRESS         REF BY
           =====                   =======         ======
           MRFI_RfIsr              000008AD 
               interrupt function
               calls direct
               XSTACK = 00000000 ( 00000002 )
               ISTACK = 00000000 ( 00000010 )
    -------------------------------------------------------------------------
NEAR_CODE
  Relative segment, address: CODE 00000977 - 00000984 (0xe bytes), align: 0
  Segment part 42.            Intra module refs:   MRFI_Init
                                                   MRFI_RfIsr
                                                   Mrfi_RxModeOn
           LOCAL                   ADDRESS         
           =====                   =======         
           ?Subroutine4            00000977 
    -------------------------------------------------------------------------
NEAR_CODE
  Relative segment, address: CODE 00000985 - 000009A4 (0x20 bytes), align: 0
  Segment part 43.
           ENTRY                   ADDRESS         REF BY
           =====                   =======         ======
           MRFI_Sleep              00000985        SMPL_LinkListen (nwk_api)
                                                   SMPL_SendOpt (nwk_api)
               calls direct
               XSTACK = 00000000 ( 00000008 )
    -------------------------------------------------------------------------
NEAR_CODE
  Relative segment, address: CODE 000009A5 - 000009D1 (0x2d bytes), align: 0
  Segment part 44.
           ENTRY                   ADDRESS         REF BY
           =====                   =======         ======
           MRFI_WakeUp             000009A5        SMPL_Init (nwk_api)
                                                   SMPL_LinkListen (nwk_api)
                                                   SMPL_SendOpt (nwk_api)
               ISTACK = 00000000 ( 00000002 )
    -------------------------------------------------------------------------
NEAR_CODE
  Relative segment, address: CODE 000009D2 - 000009E3 (0x12 bytes), align: 0
  Segment part 45.            Intra module refs:   MRFI_Init
                                                   MRFI_WakeUp
           LOCAL                   ADDRESS         
           =====                   =======         
           ?Subroutine7            000009D2 
    -------------------------------------------------------------------------
NEAR_CODE
  Relative segment, address: CODE 000009E4 - 000009E9 (0x6 bytes), align: 0
  Segment part 46.            Intra module refs:   MRFI_Transmit
           ENTRY                   ADDRESS         REF BY
           =====                   =======         ======
           MRFI_RandomByte         000009E4        nwk_frameInit (nwk_frame)
                                                   nwk_joinInit (nwk_join)
                                                   nwk_linkInit (nwk_link)
                                                   nwk_mgmtInit (nwk_mgmt)
                                                   nwk_pingInit (nwk_ping)
               XSTACK = 0000000A ( 00000000 )
    -------------------------------------------------------------------------
NEAR_CODE
  Relative segment, address: CODE 000009EA - 00000A34 (0x4b bytes), align: 0
  Segment part 47.            Intra module refs:   MRFI_RfIsr
                                                   MRFI_RxOn
                                                   MRFI_SetLogicalChannel
                                                   MRFI_Transmit
           LOCAL                   ADDRESS         
           =====                   =======         
           Mrfi_RxModeOn           000009EA 
               calls direct
               XSTACK = 0000000A ( 0000000B )
    -------------------------------------------------------------------------
NEAR_CODE
  Relative segment, address: CODE 00000A35 - 00000A45 (0x11 bytes), align: 0
  Segment part 48.            Intra module refs:   MRFI_Transmit
                                                   Mrfi_RxModeOn
           LOCAL                   ADDRESS         
           =====                   =======         
           ?Subroutine6            00000A35 
    -------------------------------------------------------------------------
NEAR_CODE
  Relative segment, address: CODE 00000A46 - 00000A62 (0x1d bytes), align: 0
  Segment part 49.
           ENTRY                   ADDRESS         REF BY
           =====                   =======         ======
           MRFI_RxOn               00000A46        SMPL_Init (nwk_api)
                                                   SMPL_LinkListen (nwk_api)
                                                   SMPL_SendOpt (nwk_api)
               calls direct
               ISTACK = 00000000 ( 00000002 )
    -------------------------------------------------------------------------
NEAR_CODE
  Relative segment, address: CODE 00000A63 - 00000A7F (0x1d bytes), align: 0
  Segment part 50.            Intra module refs:   MRFI_Init
                                                   MRFI_RfIsr
                                                   MRFI_RxIdle
                                                   MRFI_SetLogicalChannel
                                                   MRFI_Transmit
           LOCAL                   ADDRESS         
           =====                   =======         
           Mrfi_RxModeOff          00000A63 
               XSTACK = 0000000A ( 00000000 )
               ISTACK = 00000000 ( 00000002 )
    -------------------------------------------------------------------------
NEAR_CODE
  Relative segment, address: CODE 00000A80 - 00000A88 (0x9 bytes), align: 0
  Segment part 51.            Intra module refs:   Mrfi_RxModeOff
                                                   Mrfi_RxModeOn
           LOCAL                   ADDRESS         
           =====                   =======         
           ?Subroutine10           00000A80 
    -------------------------------------------------------------------------
XDATA_I
  Relative segment, address: XDATA 0000F61A - 0000F61D (0x4 bytes), align: 0
  Segment part 28.            Intra module refs:   MRFI_RxAddrIsFiltered
           ENTRY                   ADDRESS         REF BY
           =====                   =======         ======
           mrfiBroadcastAddr       0000F61A        nwk_getBCastAddress (nwk_globals)
    -------------------------------------------------------------------------
XDATA_I
  Relative segment, address: XDATA 0000F61E - 0000F621 (0x4 bytes), align: 0
  Segment part 30.            Intra module refs:   MRFI_SetLogicalChannel
           LOCAL                   ADDRESS         
           =====                   =======         
           mrfiLogicalChanTable    0000F61E 
    -------------------------------------------------------------------------
XDATA_Z
  Relative segment, address: XDATA 0000F448 - 0000F448 (0x1 bytes), align: 0
  Segment part 34.            Intra module refs:   MRFI_RxAddrIsFiltered
           LOCAL                   ADDRESS         
           =====                   =======         
           mrfiRxFilterEnabled     0000F448 
    -------------------------------------------------------------------------
XDATA_I
  Relative segment, address: XDATA 0000F622 - 0000F625 (0x4 bytes), align: 0
  Segment part 35.            Intra module refs:   ?Subroutine9
           LOCAL                   ADDRESS         
           =====                   =======         
           mrfiRxFilterAddr        0000F622 
    -------------------------------------------------------------------------
NEAR_CODE
  Relative segment, address: CODE 00000A89 - 00000A8D (0x5 bytes), align: 0
  Segment part 53.            Intra module refs:   MRFI_GetRadioState
                                                   MRFI_PostKillSem
                                                   MRFI_Receive
                                                   MRFI_RxIdle
                                                   MRFI_RxOn
                                                   MRFI_WakeUp
                                                   Mrfi_RxModeOff
    -------------------------------------------------------------------------
NEAR_CODE
  Relative segment, address: CODE 00000A8E - 00000AAA (0x1d bytes), align: 0
  Segment part 54.            Intra module refs:   MRFI_Sleep
           ENTRY                   ADDRESS         REF BY
           =====                   =======         ======
           MRFI_RxIdle             00000A8E        SMPL_LinkListen (nwk_api)
                                                   SMPL_SendOpt (nwk_api)
               calls direct
               XSTACK = 00000008 ( 00000000 )
               ISTACK = 00000000 ( 00000002 )
    -------------------------------------------------------------------------
NEAR_CODE
  Relative segment, address: CODE 00000AAB - 00000AE9 (0x3f bytes), align: 0
  Segment part 55.            Intra module refs:   ?Subroutine5
                                                   MRFI_DelayMs
                                                   MRFI_Init
                                                   MRFI_Transmit
           LOCAL                   ADDRESS         
           =====                   =======         
           Mrfi_DelayUsec          00000AAB 
               calls direct
               XSTACK = 0000000A ( 00000009 )
    -------------------------------------------------------------------------
NEAR_CODE
  Relative segment, address: CODE 00000AEA - 00000AEE (0x5 bytes), align: 0
  Segment part 56.            Intra module refs:   MRFI_Init
                                                   MRFI_SetLogicalChannel
                                                   Mrfi_DelayUsec
                                                   Mrfi_RxModeOn
           LOCAL                   ADDRESS         
           =====                   =======         
           ?Subroutine0            00000AEA 
    -------------------------------------------------------------------------
NEAR_CODE
  Relative segment, address: CODE 00000AEF - 00000B10 (0x22 bytes), align: 0
  Segment part 57.
           ENTRY                   ADDRESS         REF BY
           =====                   =======         ======
           MRFI_DelayMs            00000AEF        SMPL_LinkListen (nwk_api)
                                                   main (main_AP_Async_Listen_autoack)
                                                   nwk_replayFrame (nwk_frame)
               calls direct
               XSTACK = 00000000 ( 00000008 )
    -------------------------------------------------------------------------
NEAR_CODE
  Relative segment, address: CODE 00000B11 - 00000B8D (0x7d bytes), align: 0
  Segment part 58.
           ENTRY                   ADDRESS         REF BY
           =====                   =======         ======
           MRFI_ReplyDelay         00000B11        SMPL_SendOpt (nwk_api)
               calls direct
               XSTACK = 00000000 ( 0000000A )
    -------------------------------------------------------------------------
NEAR_CODE
  Relative segment, address: CODE 00000B8E - 00000BA0 (0x13 bytes), align: 0
  Segment part 59.
           ENTRY                   ADDRESS         REF BY
           =====                   =======         ======
           MRFI_PostKillSem        00000B8E        nwk_isConnectionValid (nwk)
                                                   nwk_processJoin (nwk_join)
                                                   nwk_processLink (nwk_link)
                                                   nwk_processMgmt (nwk_mgmt)
                                                   nwk_processPing (nwk_ping)
               ISTACK = 00000000 ( 00000002 )
    -------------------------------------------------------------------------
NEAR_CODE
  Relative segment, address: CODE 00000BA1 - 00000BA5 (0x5 bytes), align: 0
  Segment part 61.            Intra module refs:   MRFI_DelayMs
                                                   MRFI_RxAddrIsFiltered
                                                   MRFI_Sleep
           LOCAL                   ADDRESS         
           =====                   =======         
           ?Subroutine3            00000BA1 
    -------------------------------------------------------------------------
NEAR_CODE
  Relative segment, address: CODE 00000BA6 - 00000BC1 (0x1c bytes), align: 0
  Segment part 62.            Intra module refs:   MRFI_Transmit
           LOCAL                   ADDRESS         
           =====                   =======         
           ?Subroutine5            00000BA6 
    -------------------------------------------------------------------------
NEAR_CODE
  Relative segment, address: CODE 00000BC2 - 00000C0A (0x49 bytes), align: 0
  Segment part 63.            Intra module refs:   MRFI_RfIsr
           LOCAL                   ADDRESS         
           =====                   =======         
           Mrfi_CalculateRssi      00000BC2 
               XSTACK = 00000008 ( 00000000 )
               ISTACK = 00000000 ( 00000002 )
    -------------------------------------------------------------------------
NEAR_CODE
  Relative segment, address: CODE 00000C0B - 00000C16 (0xc bytes), align: 0
  Segment part 64.
           ENTRY                   ADDRESS         REF BY
           =====                   =======         ======
           MRFI_GetRadioState      00000C0B        SMPL_LinkListen (nwk_api)
                                                   SMPL_SendOpt (nwk_api)
               ISTACK = 00000000 ( 00000002 )
    -------------------------------------------------------------------------
NEAR_CODE
  Relative segment, address: CODE 00000C17 - 00000C46 (0x30 bytes), align: 0
  Segment part 65.            Intra module refs:   MRFI_Init
           ENTRY                   ADDRESS         REF BY
           =====                   =======         ======
           MRFI_SetLogicalChannel
                                   00000C17 
               calls direct
               XSTACK = 00000009 ( 00000009 )
    -------------------------------------------------------------------------
NEAR_CODE
  Relative segment, address: CODE 00000C47 - 00000C90 (0x4a bytes), align: 0
  Segment part 70.            Intra module refs:   MRFI_RfIsr
           ENTRY                   ADDRESS         REF BY
           =====                   =======         ======
           MRFI_RxAddrIsFiltered   00000C47 
               XSTACK = 00000000 ( 00000008 )
    -------------------------------------------------------------------------
NEAR_CODE
  Relative segment, address: CODE 00000C91 - 00000C9B (0xb bytes), align: 0
  Segment part 71.            Intra module refs:   MRFI_RxAddrIsFiltered
           LOCAL                   ADDRESS         
           =====                   =======         
           ?Subroutine9            00000C91 
    -------------------------------------------------------------------------
NEAR_CODE
  Relative segment, address: CODE 00000C9C - 00000CA6 (0xb bytes), align: 0
  Segment part 72.            Intra module refs:   MRFI_RxAddrIsFiltered
           LOCAL                   ADDRESS         
           =====                   =======         
           ?Subroutine8            00000C9C 
    -------------------------------------------------------------------------
INTVEC
  Common segment, address: CODE 00000000 - 00000085 (0x86 bytes), align: 0
  Segment part 15. ROOT.
           ENTRY                   ADDRESS         REF BY
           =====                   =======         ======
           MRFI_RfIsr::??INTVEC 131
                                   00000083 
    -------------------------------------------------------------------------
XDATA_ID
  Relative segment, address: CODE 000000E5 - 000000E8 (0x4 bytes), align: 0
  Segment part 29.            Intra module refs:   mrfiBroadcastAddr
    -------------------------------------------------------------------------
XDATA_ID
  Relative segment, address: CODE 000000E9 - 000000EC (0x4 bytes), align: 0
  Segment part 31.            Intra module refs:   mrfiLogicalChanTable
    -------------------------------------------------------------------------
XDATA_ID
  Relative segment, address: CODE 000000ED - 000000F0 (0x4 bytes), align: 0
  Segment part 36.            Intra module refs:   mrfiRxFilterAddr

    *************************************************************************

  FILE NAME : I:\SimpliciTI-IAR-1.1.1\Projects\OpenAccessPoint\IAR\CC1110-Access_Point\Obj\nwk.r51
  PROGRAM MODULE, NAME : nwk

  SEGMENTS IN THE MODULE
  ======================
XDATA_I
  Relative segment, address: XDATA 0000F626 - 0000F6A6 (0x81 bytes), align: 0
  Segment part 6.             Intra module refs:   ?Subroutine10
                                                   initializeConnection
                                                   map_lid2idx
                                                   nwk_allocateLocalRxPort
                                                   nwk_findAlreadyJoined
                                                   nwk_findPeer
                                                   nwk_getSFInfoPtr
                                                   nwk_isConnectionValid
                                                   nwk_isLinkDuplicate
                                                   nwk_nwkInit
                                                   nwk_saveJoinedDevice
           LOCAL                   ADDRESS         
           =====                   =======         
           sPersistInfo            0000F626 
    -------------------------------------------------------------------------
NEAR_CODE
  Relative segment, address: CODE 00000CA7 - 00000D46 (0xa0 bytes), align: 0
  Segment part 8.
           ENTRY                   ADDRESS         REF BY
           =====                   =======         ======
           nwk_nwkInit             00000CA7        SMPL_Init (nwk_api)
               calls direct
               XSTACK = 00000000 ( 0000000B )
    -------------------------------------------------------------------------
NEAR_CODE
  Relative segment, address: CODE 00000D47 - 00000D73 (0x2d bytes), align: 0
  Segment part 9.
           ENTRY                   ADDRESS         REF BY
           =====                   =======         ======
           nwk_getNextConnection   00000D47        smpl_send_link_reply (nwk_link)
               calls direct
               ISTACK = 00000000 ( 00000002 )
    -------------------------------------------------------------------------
NEAR_CODE
  Relative segment, address: CODE 00000D74 - 00000D78 (0x5 bytes), align: 0
  Segment part 10.            Intra module refs:   initializeConnection
                                                   nwk_freeConnection
                                                   nwk_getNextConnection
           LOCAL                   ADDRESS         
           =====                   =======         
           ?Subroutine0            00000D74 
    -------------------------------------------------------------------------
NEAR_CODE
  Relative segment, address: CODE 00000D79 - 00000DD1 (0x59 bytes), align: 0
  Segment part 11.            Intra module refs:   nwk_findAlreadyJoined
                                                   nwk_getNextConnection
           LOCAL                   ADDRESS         
           =====                   =======         
           initializeConnection    00000D79 
               calls direct
               XSTACK = 0000000D ( 00000001 )
               ISTACK = 00000000 ( 00000003 )
    -------------------------------------------------------------------------
NEAR_CODE
  Relative segment, address: CODE 00000DD2 - 00000DDD (0xc bytes), align: 0
  Segment part 12.
           ENTRY                   ADDRESS         REF BY
           =====                   =======         ======
           nwk_freeConnection      00000DD2        handleLinkRequest (nwk_link)
                                                   smpl_send_link_reply (nwk_link)
               ISTACK = 00000000 ( 00000003 )
    -------------------------------------------------------------------------
NEAR_CODE
  Relative segment, address: CODE 00000DDE - 00000E0C (0x2f bytes), align: 0
  Segment part 13.
           ENTRY                   ADDRESS         REF BY
           =====                   =======         ======
           nwk_getConnInfo         00000DDE        SMPL_Receive (nwk_api)
                                                   SMPL_SendOpt (nwk_api)
                                                   nwk_QfindOldest (nwk_QMgmt)
                                                   nwk_retrieveFrame (nwk_frame)
               calls direct
               XSTACK = 00000000 ( 00000009 )
    -------------------------------------------------------------------------
NEAR_CODE
  Relative segment, address: CODE 00000E0D - 00000E11 (0x5 bytes), align: 0
  Segment part 14.            Intra module refs:   map_lid2idx
                                                   nwk_checkConnInfo
                                                   nwk_getConnInfo
           LOCAL                   ADDRESS         
           =====                   =======         
           ?Subroutine1            00000E0D 
    -------------------------------------------------------------------------
NEAR_CODE
  Relative segment, address: CODE 00000E12 - 00000E18 (0x7 bytes), align: 0
  Segment part 15.            Intra module refs:   nwk_getConnInfo
                                                   nwk_getNextConnection
           LOCAL                   ADDRESS         
           =====                   =======         
           ?Subroutine5            00000E12 
    -------------------------------------------------------------------------
NEAR_CODE
  Relative segment, address: CODE 00000E19 - 00000E27 (0xf bytes), align: 0
  Segment part 16.            Intra module refs:   ?Subroutine5
                                                   nwk_getNextConnection
           LOCAL                   ADDRESS         
           =====                   =======         
           ?Subroutine10           00000E19 
    -------------------------------------------------------------------------
NEAR_CODE
  Relative segment, address: CODE 00000E28 - 00000E82 (0x5b bytes), align: 0
  Segment part 17.
           ENTRY                   ADDRESS         REF BY
           =====                   =======         ======
           nwk_isLinkDuplicate     00000E28        smpl_send_link_reply (nwk_link)
               calls direct
               XSTACK = 00000000 ( 0000000F )
    -------------------------------------------------------------------------
NEAR_CODE
  Relative segment, address: CODE 00000E83 - 00000E89 (0x7 bytes), align: 0
  Segment part 19.            Intra module refs:   nwk_findAlreadyJoined
                                                   nwk_isConnectionValid
           LOCAL                   ADDRESS         
           =====                   =======         
           ?Subroutine6            00000E83 
    -------------------------------------------------------------------------
NEAR_CODE
  Relative segment, address: CODE 00000E8A - 00000E8C (0x3 bytes), align: 0
  Segment part 20.            Intra module refs:   ?Subroutine6
                                                   nwk_allocateLocalRxPort
    -------------------------------------------------------------------------
NEAR_CODE
  Relative segment, address: CODE 00000E8D - 00000E9A (0xe bytes), align: 0
  Segment part 21.            Intra module refs:   Segment part 20
                                                   nwk_isLinkDuplicate
                                                   nwk_saveJoinedDevice
    -------------------------------------------------------------------------
NEAR_CODE
  Relative segment, address: CODE 00000E9B - 00000E9F (0x5 bytes), align: 0
  Segment part 22.
           ENTRY                   ADDRESS         REF BY
           =====                   =======         ======
           nwk_getSFInfoPtr        00000E9B        nwk_joinInit (nwk_join)
    -------------------------------------------------------------------------
NEAR_CODE
  Relative segment, address: CODE 00000EA0 - 00000F25 (0x86 bytes), align: 0
  Segment part 23.
           ENTRY                   ADDRESS         REF BY
           =====                   =======         ======
           nwk_saveJoinedDevice    00000EA0        smpl_send_join_reply (nwk_join)
               calls direct
               XSTACK = 00000000 ( 00000011 )
               ISTACK = 00000000 ( 00000001 )
    -------------------------------------------------------------------------
NEAR_CODE
  Relative segment, address: CODE 00000F26 - 00000F2A (0x5 bytes), align: 0
  Segment part 24.            Intra module refs:   nwk_allocateLocalRxPort
                                                   nwk_isConnectionValid
                                                   nwk_saveJoinedDevice
           LOCAL                   ADDRESS         
           =====                   =======         
           ?Subroutine3            00000F26 
    -------------------------------------------------------------------------
NEAR_CODE
  Relative segment, address: CODE 00000F2B - 00000F30 (0x6 bytes), align: 0
  Segment part 25.            Intra module refs:   nwk_findAlreadyJoined
                                                   nwk_isLinkDuplicate
                                                   nwk_saveJoinedDevice
           LOCAL                   ADDRESS         
           =====                   =======         
           ?Subroutine7            00000F2B 
    -------------------------------------------------------------------------
NEAR_CODE
  Relative segment, address: CODE 00000F31 - 00000F76 (0x46 bytes), align: 0
  Segment part 26.
           ENTRY                   ADDRESS         REF BY
           =====                   =======         ======
           nwk_findAlreadyJoined   00000F31        smpl_send_link_reply (nwk_link)
               calls direct
               XSTACK = 00000000 ( 0000000F )
    -------------------------------------------------------------------------
NEAR_CODE
  Relative segment, address: CODE 00000F77 - 00000F7B (0x5 bytes), align: 0
  Segment part 27.            Intra module refs:   nwk_findAlreadyJoined
                                                   nwk_findPeer
                                                   nwk_isLinkDuplicate
                                                   nwk_putNumObjectIntoMsg
           LOCAL                   ADDRESS         
           =====                   =======         
           ?Subroutine2            00000F77 
    -------------------------------------------------------------------------
NEAR_CODE
  Relative segment, address: CODE 00000F7C - 00000FAC (0x31 bytes), align: 0
  Segment part 28.
           ENTRY                   ADDRESS         REF BY
           =====                   =======         ======
           nwk_checkConnInfo       00000F7C        SMPL_Receive (nwk_api)
                                                   SMPL_SendOpt (nwk_api)
               XSTACK = 00000000 ( 00000008 )
    -------------------------------------------------------------------------
NEAR_CODE
  Relative segment, address: CODE 00000FAD - 00001082 (0xd6 bytes), align: 0
  Segment part 29.
           ENTRY                   ADDRESS         REF BY
           =====                   =======         ======
           nwk_isConnectionValid   00000FAD        dispatchFrame (nwk_frame)
               calls direct
               XSTACK = 00000000 ( 00000011 )
               ISTACK = 00000000 ( 00000001 )
    -------------------------------------------------------------------------
NEAR_CODE
  Relative segment, address: CODE 00001083 - 000011E4 (0x162 bytes), align: 0
  Segment part 30.
           ENTRY                   ADDRESS         REF BY
           =====                   =======         ======
           nwk_allocateLocalRxPort
                                   00001083        smpl_send_link_reply (nwk_link)
               calls direct
               XSTACK = 00000000 ( 00000019 )
               ISTACK = 00000000 ( 00000001 )
    -------------------------------------------------------------------------
NEAR_CODE
  Relative segment, address: CODE 000011E5 - 000011E8 (0x4 bytes), align: 0
  Segment part 31.            Intra module refs:   nwk_isConnectionValid
           LOCAL                   ADDRESS         
           =====                   =======         
           ?Subroutine9            000011E5 
    -------------------------------------------------------------------------
NEAR_CODE
  Relative segment, address: CODE 000011E9 - 000011EE (0x6 bytes), align: 0
  Segment part 32.            Intra module refs:   ?Subroutine9
                                                   map_lid2idx
                                                   nwk_allocateLocalRxPort
                                                   nwk_isConnectionValid
    -------------------------------------------------------------------------
NEAR_CODE
  Relative segment, address: CODE 000011EF - 0000125A (0x6c bytes), align: 0
  Segment part 33.
           ENTRY                   ADDRESS         REF BY
           =====                   =======         ======
           nwk_isValidReply        000011EF        nwk_processJoin (nwk_join)
                                                   nwk_processLink (nwk_link)
                                                   nwk_processMgmt (nwk_mgmt)
                                                   nwk_processPing (nwk_ping)
               calls direct
               XSTACK = 00000000 ( 0000000E )
    -------------------------------------------------------------------------
NEAR_CODE
  Relative segment, address: CODE 0000125B - 0000125F (0x5 bytes), align: 0
  Segment part 34.            Intra module refs:   nwk_getNumObjectFromMsg
                                                   nwk_isValidReply
           LOCAL                   ADDRESS         
           =====                   =======         
           ?Subroutine4            0000125B 
    -------------------------------------------------------------------------
NEAR_CODE
  Relative segment, address: CODE 00001260 - 0000129F (0x40 bytes), align: 0
  Segment part 35.            Intra module refs:   initializeConnection
                                                   nwk_getConnInfo
           LOCAL                   ADDRESS         
           =====                   =======         
           map_lid2idx             00001260 
               XSTACK = 00000009 ( 00000008 )
               ISTACK = 00000000 ( 00000001 )
    -------------------------------------------------------------------------
NEAR_CODE
  Relative segment, address: CODE 000012A0 - 00001304 (0x65 bytes), align: 0
  Segment part 36.
           ENTRY                   ADDRESS         REF BY
           =====                   =======         ======
           nwk_findPeer            000012A0        handleLinkRequest (nwk_link)
               calls direct
               XSTACK = 00000000 ( 0000000F )
    -------------------------------------------------------------------------
NEAR_CODE
  Relative segment, address: CODE 00001305 - 0000130A (0x6 bytes), align: 0
  Segment part 37.            Intra module refs:   nwk_findPeer
                                                   nwk_isConnectionValid
           LOCAL                   ADDRESS         
           =====                   =======         
           ?Subroutine8            00001305 
    -------------------------------------------------------------------------
NEAR_CODE
  Relative segment, address: CODE 0000130B - 00001318 (0xe bytes), align: 0
  Segment part 38.            Intra module refs:   ?Subroutine7
                                                   ?Subroutine8
           LOCAL                   ADDRESS         
           =====                   =======         
           ?Subroutine11           0000130B 
    -------------------------------------------------------------------------
NEAR_CODE
  Relative segment, address: CODE 00001319 - 00001340 (0x28 bytes), align: 0
  Segment part 39.
           ENTRY                   ADDRESS         REF BY
           =====                   =======         ======
           nwk_checkAppMsgTID      00001319        send_poll_reply (nwk_mgmt)
    -------------------------------------------------------------------------
NEAR_CODE
  Relative segment, address: CODE 00001341 - 0000139D (0x5d bytes), align: 0
  Segment part 40.
           ENTRY                   ADDRESS         REF BY
           =====                   =======         ======
           nwk_getNumObjectFromMsg
                                   00001341        smpl_send_join_reply (nwk_join)
                                                   smpl_send_link_reply (nwk_link)
               calls direct
               XSTACK = 00000000 ( 0000000E )
    -------------------------------------------------------------------------
NEAR_CODE
  Relative segment, address: CODE 0000139E - 00001422 (0x85 bytes), align: 0
  Segment part 41.
           ENTRY                   ADDRESS         REF BY
           =====                   =======         ======
           nwk_putNumObjectIntoMsg
                                   0000139E        smpl_send_join_reply (nwk_join)
               calls direct
               XSTACK = 00000000 ( 00000015 )
    -------------------------------------------------------------------------
XDATA_ID
  Relative segment, address: CODE 000000F1 - 00000171 (0x81 bytes), align: 0
  Segment part 7.             Intra module refs:   sPersistInfo

    *************************************************************************

  FILE NAME : I:\SimpliciTI-IAR-1.1.1\Projects\OpenAccessPoint\IAR\CC1110-Access_Point\Obj\nwk_QMgmt.r51
  PROGRAM MODULE, NAME : nwk_QMgmt

  SEGMENTS IN THE MODULE
  ======================
XDATA_Z
  Relative segment, address: XDATA 0000F449 - 0000F568 (0x120 bytes), align: 0
  Segment part 7.             Intra module refs:   nwk_QInit
                                                   nwk_QadjustOrder
                                                   nwk_QfindOldest
                                                   nwk_QfindSlot
                                                   nwk_getQ
           LOCAL                   ADDRESS         
           =====                   =======         
           sInFrameQ               0000F449 
    -------------------------------------------------------------------------
XDATA_Z
  Relative segment, address: XDATA 0000F569 - 0000F5C8 (0x60 bytes), align: 0
  Segment part 8.             Intra module refs:   nwk_QInit
                                                   nwk_QfindSlot
                                                   nwk_getQ
           LOCAL                   ADDRESS         
           =====                   =======         
           sOutFrameQ              0000F569 
    -------------------------------------------------------------------------
NEAR_CODE
  Relative segment, address: CODE 00001423 - 00001462 (0x40 bytes), align: 0
  Segment part 9.
           ENTRY                   ADDRESS         REF BY
           =====                   =======         ======
           nwk_QInit               00001423        nwk_nwkInit (nwk)
               calls direct
               XSTACK = 00000000 ( 0000000B )
    -------------------------------------------------------------------------
NEAR_CODE
  Relative segment, address: CODE 00001463 - 00001509 (0xa7 bytes), align: 0
  Segment part 10.
           ENTRY                   ADDRESS         REF BY
           =====                   =======         ======
           nwk_QfindSlot           00001463        MRFI_RxCompleteISR (nwk_frame)
                                                   nwk_buildFrame (nwk_frame)
               calls direct
               XSTACK = 00000000 ( 0000000B )
               ISTACK = 00000000 ( 00000001 )
    -------------------------------------------------------------------------
NEAR_CODE
  Relative segment, address: CODE 0000150A - 0000154B (0x42 bytes), align: 0
  Segment part 11.            Intra module refs:   nwk_QfindSlot
           ENTRY                   ADDRESS         REF BY
           =====                   =======         ======
           nwk_QadjustOrder        0000150A        nwk_retrieveFrame (nwk_frame)
                                                   send_poll_reply (nwk_mgmt)
               XSTACK = 0000000B ( 00000008 )
               ISTACK = 00000000 ( 00000001 )
    -------------------------------------------------------------------------
NEAR_CODE
  Relative segment, address: CODE 0000154C - 00001779 (0x22e bytes), align: 0
  Segment part 12.
           ENTRY                   ADDRESS         REF BY
           =====                   =======         ======
           nwk_QfindOldest         0000154C        nwk_getSandFFrame (nwk_frame)
                                                   nwk_retrieveFrame (nwk_frame)
               calls direct
               XSTACK = 00000000 ( 0000001D )
               ISTACK = 00000000 ( 00000001 )
    -------------------------------------------------------------------------
NEAR_CODE
  Relative segment, address: CODE 0000177A - 0000177E (0x5 bytes), align: 0
  Segment part 13.            Intra module refs:   nwk_QfindOldest
           LOCAL                   ADDRESS         
           =====                   =======         
           ?Subroutine1            0000177A 
    -------------------------------------------------------------------------
NEAR_CODE
  Relative segment, address: CODE 0000177F - 00001787 (0x9 bytes), align: 0
  Segment part 14.            Intra module refs:   ?Subroutine1
                                                   nwk_QfindOldest
           LOCAL                   ADDRESS         
           =====                   =======         
           ?Subroutine2            0000177F 
    -------------------------------------------------------------------------
NEAR_CODE
  Relative segment, address: CODE 00001788 - 00001792 (0xb bytes), align: 0
  Segment part 15.            Intra module refs:   nwk_QfindOldest
           LOCAL                   ADDRESS         
           =====                   =======         
           ?Subroutine0            00001788 
    -------------------------------------------------------------------------
NEAR_CODE
  Relative segment, address: CODE 00001793 - 000017A1 (0xf bytes), align: 0
  Segment part 16.
           ENTRY                   ADDRESS         REF BY
           =====                   =======         ======
           nwk_getQ                00001793        isDupSandFFrame (nwk_frame)
                                                   nwk_getSandFFrame (nwk_frame)

    *************************************************************************

  FILE NAME : I:\SimpliciTI-IAR-1.1.1\Projects\OpenAccessPoint\IAR\CC1110-Access_Point\Obj\nwk_api.r51
  PROGRAM MODULE, NAME : nwk_api

  SEGMENTS IN THE MODULE
  ======================
XDATA_Z
  Relative segment, address: XDATA 0000F5C9 - 0000F5C9 (0x1 bytes), align: 0
  Segment part 7.             Intra module refs:   SMPL_Init
           LOCAL                   ADDRESS         
           =====                   =======         
           sInit_done              0000F5C9 
    -------------------------------------------------------------------------
NEAR_CODE
  Relative segment, address: CODE 000017A2 - 000017CE (0x2d bytes), align: 0
  Segment part 8.
           ENTRY                   ADDRESS         REF BY
           =====                   =======         ======
           SMPL_Init               000017A2        main (main_AP_Async_Listen_autoack)
               calls direct
               XSTACK = 00000000 ( 00000008 )
    -------------------------------------------------------------------------
NEAR_CODE
  Relative segment, address: CODE 000017CF - 0000183D (0x6f bytes), align: 0
  Segment part 9.
           ENTRY                   ADDRESS         REF BY
           =====                   =======         ======
           SMPL_LinkListen         000017CF        main (main_AP_Async_Listen_autoack)
               calls direct
               XSTACK = 00000000 ( 00000009 )
               ISTACK = 00000000 ( 00000001 )
    -------------------------------------------------------------------------
NEAR_CODE
  Relative segment, address: CODE 0000183E - 00001842 (0x5 bytes), align: 0
  Segment part 10.            Intra module refs:   SMPL_LinkListen
           LOCAL                   ADDRESS         
           =====                   =======         
           ?Subroutine0            0000183E 
    -------------------------------------------------------------------------
NEAR_CODE
  Relative segment, address: CODE 00001843 - 000019EA (0x1a8 bytes), align: 0
  Segment part 12.
           ENTRY                   ADDRESS         REF BY
           =====                   =======         ======
           SMPL_SendOpt            00001843        main (main_AP_Async_Listen_autoack)
               calls direct
               XSTACK = 0000000B ( 00000015 )
               ISTACK = 00000000 ( 00000001 )
    -------------------------------------------------------------------------
NEAR_CODE
  Relative segment, address: CODE 000019EB - 00001A03 (0x19 bytes), align: 0
  Segment part 13.            Intra module refs:   SMPL_SendOpt
           LOCAL                   ADDRESS         
           =====                   =======         
           ?Subroutine2            000019EB 
    -------------------------------------------------------------------------
NEAR_CODE
  Relative segment, address: CODE 00001A04 - 00001A71 (0x6e bytes), align: 0
  Segment part 14.
           ENTRY                   ADDRESS         REF BY
           =====                   =======         ======
           SMPL_Receive            00001A04        main (main_AP_Async_Listen_autoack)
               calls direct
               XSTACK = 00000000 ( 00000016 )
               ISTACK = 00000000 ( 00000001 )
    -------------------------------------------------------------------------
NEAR_CODE
  Relative segment, address: CODE 00001A72 - 00001A76 (0x5 bytes), align: 0
  Segment part 19.            Intra module refs:   SMPL_SendOpt
           LOCAL                   ADDRESS         
           =====                   =======         
           ?Subroutine1            00001A72 

    *************************************************************************

  FILE NAME : I:\SimpliciTI-IAR-1.1.1\Projects\OpenAccessPoint\IAR\CC1110-Access_Point\Obj\nwk_frame.r51
  PROGRAM MODULE, NAME : nwk_frame

  SEGMENTS IN THE MODULE
  ======================
XDATA_I
  Relative segment, address: XDATA 0000F6A7 - 0000F6B2 (0xc bytes), align: 0
  Segment part 6.             Intra module refs:   dispatchFrame
           LOCAL                   ADDRESS         
           =====                   =======         
           func                    0000F6A7 
    -------------------------------------------------------------------------
XDATA_Z
  Relative segment, address: XDATA 0000F5CA - 0000F5CA (0x1 bytes), align: 0
  Segment part 8.             Intra module refs:   nwk_SendEmptyPollRspFrame
                                                   nwk_buildFrame
                                                   nwk_frameInit
           LOCAL                   ADDRESS         
           =====                   =======         
           sTRACTID                0000F5CA 
    -------------------------------------------------------------------------
XDATA_Z
  Relative segment, address: XDATA 0000F5CB - 0000F5CC (0x2 bytes), align: 0
  Segment part 9.             Intra module refs:   dispatchFrame
                                                   nwk_buildFrame
                                                   nwk_frameInit
                                                   nwk_sendAckReply
           LOCAL                   ADDRESS         
           =====                   =======         
           sMyAddr                 0000F5CB 
    -------------------------------------------------------------------------
XDATA_Z
  Relative segment, address: XDATA 0000F5CD - 0000F5CD (0x1 bytes), align: 0
  Segment part 10.            Intra module refs:   ?Subroutine14
                                                   nwk_SendEmptyPollRspFrame
                                                   nwk_frameInit
                                                   nwk_getMyRxType
           LOCAL                   ADDRESS         
           =====                   =======         
           sMyRxType               0000F5CD 
    -------------------------------------------------------------------------
XDATA_Z
  Relative segment, address: XDATA 0000F5CE - 0000F5CE (0x1 bytes), align: 0
  Segment part 11.            Intra module refs:   ?Subroutine17
                                                   nwk_frameInit
           LOCAL                   ADDRESS         
           =====                   =======         
           sMyTxType               0000F5CE 
    -------------------------------------------------------------------------
XDATA_Z
[...]
                                                   nwk_checkConnInfo (nwk)
                                                   nwk_findAlreadyJoined (nwk)
                                                   nwk_findPeer (nwk)
                                                   nwk_getConnInfo (nwk)
                                                   nwk_getLinkToken (nwk_link)
                                                   nwk_getLocalLinkID (nwk_link)
                                                   nwk_getNumObjectFromMsg (nwk)
                                                   nwk_getSandFFrame (nwk_frame)
                                                   nwk_globalsInit (nwk_globals)
                                                   nwk_isConnectionValid (nwk)
                                                   nwk_isLinkDuplicate (nwk)
                                                   nwk_isSandFClient (nwk_join)
                                                   nwk_isValidReply (nwk)
                                                   nwk_joinInit (nwk_join)
                                                   nwk_linkInit (nwk_link)
                                                   nwk_mgmtInit (nwk_mgmt)
                                                   nwk_nwkInit (nwk)
                                                   nwk_processJoin (nwk_join)
                                                   nwk_processLink (nwk_link)
                                                   nwk_processMgmt (nwk_mgmt)
                                                   nwk_processPing (nwk_ping)
                                                   nwk_putNumObjectIntoMsg (nwk)
                                                   nwk_replayFrame (nwk_frame)
                                                   nwk_resetSFMarker (nwk_mgmt)
                                                   nwk_retrieveFrame (nwk_frame)
                                                   nwk_saveJoinedDevice (nwk)
                                                   nwk_sendAckReply (nwk_frame)
                                                   nwk_sendFrame (nwk_frame)
                                                   nwk_setLinkToken (nwk_link)
                                                   send_poll_reply (nwk_mgmt)
                                                   smpl_send_join_reply (nwk_join)
                                                   smpl_send_link_reply (nwk_link)

    -------------------------------------------------------------------------
  LIBRARY MODULE, NAME : ?FUNC_LEAVE_XDATA

  SEGMENTS IN THE MODULE
  ======================
RCODE
  Relative segment, address: CODE 00000353 - 0000038A (0x38 bytes), align: 0
  Segment part 1.
           ENTRY                   ADDRESS         REF BY
           =====                   =======         ======
           ?FUNC_LEAVE_XDATA       00000353        ?Subroutine0 (mrfi)
                                                   ?Subroutine0 (nwk_api)
                                                   ?Subroutine0 (nwk_join)
                                                   ?Subroutine0 (nwk_mgmt)
                                                   ?Subroutine1 (mrfi)
                                                   ?Subroutine1 (nwk)
                                                   ?Subroutine1 (nwk_api)
                                                   ?Subroutine2 (nwk)
                                                   ?Subroutine2 (nwk_frame)
                                                   ?Subroutine3 (mrfi)
                                                   ?Subroutine3 (nwk)
                                                   ?Subroutine3 (nwk_frame)
                                                   ?Subroutine4 (nwk)
                                                   SMPL_Init (nwk_api)
                                                   SMPL_Receive (nwk_api)
                                                   Segment part 15 (nwk_globals)
                                                   Segment part 18 (nwk_frame)
                                                   Segment part 19 (nwk_link)
                                                   handleLinkRequest (nwk_link)
                                                   memcmp (?memcmp)
                                                   memcpy (?memcpy)
                                                   memmove (?memmove)
                                                   memset (?memset)
                                                   nwk_QInit (nwk_QMgmt)
                                                   nwk_QadjustOrder (nwk_QMgmt)
                                                   nwk_QfindOldest (nwk_QMgmt)
                                                   nwk_QfindSlot (nwk_QMgmt)
                                                   nwk_SendEmptyPollRspFrame (nwk_frame)
                                                   nwk_buildAckReqFrame (nwk_frame)
                                                   nwk_getLocalLinkID (nwk_link)
                                                   nwk_getSandFFrame (nwk_frame)
                                                   nwk_isSandFClient (nwk_join)
                                                   nwk_nwkInit (nwk)
                                                   nwk_processJoin (nwk_join)
                                                   nwk_processLink (nwk_link)
                                                   nwk_processPing (nwk_ping)
                                                   send_poll_reply (nwk_mgmt)
                                                   smpl_send_join_reply (nwk_join)
                                                   smpl_send_link_reply (nwk_link)

    -------------------------------------------------------------------------
  LIBRARY MODULE, NAME : ?INTERRUPT_ENTER_XSP

  SEGMENTS IN THE MODULE
  ======================
RCODE
  Relative segment, address: CODE 0000038B - 000003E9 (0x5f bytes), align: 0
  Segment part 1.
           ENTRY                   ADDRESS         REF BY
           =====                   =======         ======
           ?INTERRUPT_ENTER_XSP    0000038B        MRFI_RfIsr (mrfi)

    -------------------------------------------------------------------------
  LIBRARY MODULE, NAME : ?INTERRUPT_LEAVE_XSP

  SEGMENTS IN THE MODULE
  ======================
RCODE
  Relative segment, address: CODE 000003EA - 00000439 (0x50 bytes), align: 0
  Segment part 1.
           ENTRY                   ADDRESS         REF BY
           =====                   =======         ======
           ?INTERRUPT_LEAVE_XSP    000003EA        MRFI_RfIsr (mrfi)

    -------------------------------------------------------------------------
  LIBRARY MODULE, NAME : ?PUSH_XSTACK_I

  SEGMENTS IN THE MODULE
  ======================
RCODE
  Relative segment, address: CODE 0000043A - 0000043D (0x4 bytes), align: 0
  Segment part 2.
           ENTRY                   ADDRESS         REF BY
           =====                   =======         ======
           ?PUSH_XSTACK_I_TWO      0000043A        MRFI_Init (mrfi)
                                                   MRFI_RfIsr (mrfi)
                                                   Mrfi_RxModeOn (mrfi)
                                                   SMPL_Receive (nwk_api)
                                                   SMPL_SendOpt (nwk_api)
                                                   dispatchFrame (nwk_frame)
                                                   handleLinkRequest (nwk_link)
                                                   isDupSandFFrame (nwk_frame)
                                                   main (main_AP_Async_Listen_autoack)
                                                   nwk_QInit (nwk_QMgmt)
                                                   nwk_QfindOldest (nwk_QMgmt)
                                                   nwk_SendEmptyPollRspFrame (nwk_frame)
                                                   nwk_allocateLocalRxPort (nwk)
                                                   nwk_buildFrame (nwk_frame)
                                                   nwk_findAlreadyJoined (nwk)
                                                   nwk_findPeer (nwk)
                                                   nwk_getNumObjectFromMsg (nwk)
                                                   nwk_getSandFFrame (nwk_frame)
                                                   nwk_globalsInit (nwk_globals)
                                                   nwk_isConnectionValid (nwk)
                                                   nwk_isLinkDuplicate (nwk)
                                                   nwk_isSandFClient (nwk_join)
                                                   nwk_isValidReply (nwk)
                                                   nwk_linkInit (nwk_link)
                                                   nwk_mgmtInit (nwk_mgmt)
                                                   nwk_nwkInit (nwk)
                                                   nwk_processMgmt (nwk_mgmt)
                                                   nwk_processPing (nwk_ping)
                                                   nwk_putNumObjectIntoMsg (nwk)
                                                   nwk_retrieveFrame (nwk_frame)
                                                   nwk_saveJoinedDevice (nwk)
                                                   nwk_sendAckReply (nwk_frame)
                                                   smpl_send_join_reply (nwk_join)
                                                   smpl_send_link_reply (nwk_link)
    -------------------------------------------------------------------------
RCODE
  Relative segment, address: CODE 0000043E - 0000044A (0xd bytes), align: 0
  Segment part 4.             Intra module refs:   ?PUSH_XSTACK_I_TWO
           ENTRY                   ADDRESS         REF BY
           =====                   =======         ======
           ?PUSH_XSTACK_I          0000043E 

    -------------------------------------------------------------------------
  LIBRARY MODULE, NAME : ?UC_SWITCH_DENSE

  SEGMENTS IN THE MODULE
  ======================
RCODE
  Relative segment, address: CODE 0000044B - 00000450 (0x6 bytes), align: 0
  Segment part 0.
           ENTRY                   ADDRESS         REF BY
           =====                   =======         ======
           ?UC_SWITCH_DENSE        0000044B        handleLinkRequest (nwk_link)
                                                   nwk_getNumObjectFromMsg (nwk)
                                                   nwk_putNumObjectIntoMsg (nwk)
                                                   simpliciti_sync_decode_ed_cmd_callback (rfsimpliciti)
                                                   simpliciti_sync_get_data_callback (rfsimpliciti)
    -------------------------------------------------------------------------
RCODE
  Relative segment, address: CODE 00000451 - 0000047F (0x2f bytes), align: 0
  Segment part 2.             Intra module refs:   ?UC_SWITCH_DENSE
    -------------------------------------------------------------------------
RCODE
  Relative segment, address: CODE 00000480 - 00000480 (0x1 bytes), align: 0
  Segment part 4.             Intra module refs:   ?UC_SWITCH_DENSE

    -------------------------------------------------------------------------
  LIBRARY MODULE, NAME : ?memcmp

  SEGMENTS IN THE MODULE
  ======================
NEAR_CODE
  Relative segment, address: CODE 00002DAB - 00002E03 (0x59 bytes), align: 0
  Segment part 6.
           ENTRY                   ADDRESS         REF BY
           =====                   =======         ======
           memcmp                  00002DAB        ?Subroutine0 (nwk_QMgmt)
                                                   Segment part 21 (nwk)
                                                   Segment part 50 (nwk_frame)
                                                   dispatchFrame (nwk_frame)
                                                   nwk_findPeer (nwk)
                                                   nwk_isSandFClient (nwk_join)
                                                   nwk_isValidReply (nwk)
                                                   nwk_processMgmt (nwk_mgmt)
               XSTACK = 00000002 ( 00000008 )

    -------------------------------------------------------------------------
  LIBRARY MODULE, NAME : ?memcpy

  SEGMENTS IN THE MODULE
  ======================
NEAR_CODE
  Relative segment, address: CODE 00002E04 - 00002E4B (0x48 bytes), align: 0
  Segment part 6.
           ENTRY                   ADDRESS         REF BY
           =====                   =======         ======
           memcpy                  00002E04        ?Subroutine12 (nwk_frame)
                                                   SMPL_SendOpt (nwk_api)
                                                   Segment part 36 (nwk_frame)
                                                   Segment part 39 (nwk_link)
                                                   main (main_AP_Async_Listen_autoack)
                                                   nwk_globalsInit (nwk_globals)
                                                   nwk_nwkInit (nwk)
                                                   nwk_processPing (nwk_ping)
                                                   nwk_saveJoinedDevice (nwk)
                                                   smpl_send_join_reply (nwk_join)
               XSTACK = 00000002 ( 00000009 )
               ISTACK = 00000000 ( 00000001 )

    -------------------------------------------------------------------------
  LIBRARY MODULE, NAME : ?memmove

  SEGMENTS IN THE MODULE
  ======================
NEAR_CODE
  Relative segment, address: CODE 00002E4C - 00002ED9 (0x8e bytes), align: 0
  Segment part 6.
           ENTRY                   ADDRESS         REF BY
           =====                   =======         ======
           memmove                 00002E4C        MRFI_RfIsr (mrfi)
                                                   nwk_getNumObjectFromMsg (nwk)
                                                   nwk_putNumObjectIntoMsg (nwk)
               XSTACK = 00000002 ( 00000009 )
               ISTACK = 00000000 ( 00000001 )
    -------------------------------------------------------------------------
NEAR_CODE
  Relative segment, address: CODE 00002EDA - 00002EEA (0x11 bytes), align: 0
  Segment part 7.             Intra module refs:   memmove

    -------------------------------------------------------------------------
  LIBRARY MODULE, NAME : ?memset

  SEGMENTS IN THE MODULE
  ======================
NEAR_CODE
  Relative segment, address: CODE 00002EEB - 00002F19 (0x2f bytes), align: 0
  Segment part 6.
           ENTRY                   ADDRESS         REF BY
           =====                   =======         ======
           memset                  00002EEB        ?Subroutine4 (mrfi)
                                                   nwk_QInit (nwk_QMgmt)
                                                   nwk_allocateLocalRxPort (nwk)
                                                   nwk_globalsInit (nwk_globals)
                                                   nwk_linkInit (nwk_link)
                                                   nwk_mgmtInit (nwk_mgmt)
                                                   nwk_nwkInit (nwk)
               XSTACK = 00000002 ( 00000008 )
               ISTACK = 00000000 ( 00000001 )

    -------------------------------------------------------------------------
  LIBRARY MODULE, NAME : ?low_level_init

  SEGMENTS IN THE MODULE
  ======================
CSTART
  Relative segment, address: CODE 000000E2 - 000000E4 (0x3 bytes), align: 0
  Segment part 6. ROOT.
           ENTRY                   ADDRESS         REF BY
           =====                   =======         ======
           __low_level_init        000000E2        __low_level_init_call (?cmain)




                ****************************************
                *                                      *
                *      SEGMENTS IN ADDRESS ORDER       *
                *                                      *
                ****************************************


SEGMENT              SPACE    START ADDRESS   END ADDRESS     SIZE  TYPE  ALIGN
=======              =====    =============   ===========     ====  ====  =====
INTVEC               CODE          00000000 - 00000085          86   com    0
CSTART               CODE          00000086 - 000000E4          5F   rel    0
BIT_ID               CODE               000000E5                     dse    0
DATA_ID              CODE               000000E5                     dse    0
PDATA_ID             CODE               000000E5                     dse    0
IXDATA_ID            CODE               000000E5                     dse    0
BDATA_ID             CODE               000000E5                     dse    0
IDATA_ID             CODE               000000E5                     dse    0
XDATA_ID             CODE          000000E5 - 00000191          AD   rel    0
RCODE                CODE          00000192 - 00000480         2EF   rel    0
DIFUNCT              CODE               00000481                     dse    0
CODE_N               CODE               00000481                     dse    0
CODE_C               CODE               00000481                     dse    0
NEAR_CODE            CODE          00000481 - 00002F19        2A99   rel    0
REGISTERS            DATA          00000000 - 00000007           8   rel    0
VREG                 DATA          00000008 - 0000000F           8   rel    0
PSP                  DATA               00000010                     dse    0
XSP                  DATA          00000010 - 00000011           2   rel    0
BREG                 BIT        00000020.0  -  00000020.7        8   rel    0
SFR_AN               DATA          00000090 - 00000091           2   rel    0
                     DATA          0000009A - 0000009B           2 
                     DATA          000000A8 - 000000A8           1 
                     DATA          000000B4 - 000000B4           1 
                     DATA          000000BC - 000000BC           1 
                     DATA          000000BE - 000000BE           1 
                     DATA          000000C6 - 000000C6           1 
                     DATA          000000CB - 000000CB           1 
                     DATA          000000CD - 000000CD           1 
                     DATA          000000D1 - 000000D1           1 
                     DATA          000000D4 - 000000D6           3 
                     DATA          000000D8 - 000000D8           1 
                     DATA          000000E1 - 000000E1           1 
                     DATA          000000E9 - 000000E9           1 
                     DATA          000000FE - 000000FE           1 
XSTACK               XDATA         0000F000 - 0000F3FE         3FF   rel    0
XDATA_Z              XDATA         0000F3FF - 0000F619         21B   rel    0
XDATA_I              XDATA         0000F61A - 0000F6C6          AD   rel    0
ISTACK               IDATA         00000040 - 000000FF          C0   rel    0

                ****************************************
                *                                      *
                *        END OF CROSS REFERENCE        *
                *                                      *
                ****************************************

 12 058 bytes of CODE  memory
     18 bytes of DATA  memory (+ 19 absolute )
  1 735 bytes of XDATA memory
    192 bytes of IDATA memory
      8 bits  of BIT   memory

Errors: none
Warnings: none

